../Core/Src/main.c:91:5:main	16	static
../Core/Src/main.c:180:6:SystemClock_Config	96	static
../Core/Src/main.c:230:13:MX_I2C2_Init	8	static
../Core/Src/main.c:278:13:MX_SPI1_Init	8	static
../Core/Src/main.c:322:13:MX_SPI2_Init	8	static
../Core/Src/main.c:361:13:MX_TIM17_Init	8	static
../Core/Src/main.c:393:13:MX_USART2_UART_Init	8	static
../Core/Src/main.c:428:13:MX_USART3_UART_Init	8	static
../Core/Src/main.c:463:13:MX_GPIO_Init	48	static
../Core/Src/main.c:555:6:D2_Task	16	static
../Core/Src/main.c:563:9:Read_and_Transmit_Task	72	static
../Core/Src/main.c:612:1:__io_putchar	16	static
../Core/Src/main.c:623:6:HAL_GPIO_EXTI_Callback	16	static,ignoring_inline_asm
../Core/Src/main.c:650:6:HAL_TIM_PeriodElapsedCallback	16	static
../Core/Src/main.c:665:8:HAL_SPI_RxCpltCallback	16	static
../Core/Src/main.c:682:6:Error_Handler	4	static,ignoring_inline_asm
