../Core/Src/MultiFunctionShield.c:29:6:shiftOut	32	static
../Core/Src/MultiFunctionShield.c:71:6:MultiFunctionShield_Single_Digit_Display	16	static
../Core/Src/MultiFunctionShield.c:109:6:MultiFunctionShield_DisplayByteAt	16	static
../Core/Src/MultiFunctionShield.c:128:6:MultiFunctionShield_DisplayBytes	24	static
../Core/Src/MultiFunctionShield.c:144:6:MultiFunctionShield_DisplayByteArray	24	static
../Core/Src/MultiFunctionShield.c:152:6:MultiFunctionShield_Display	16	static
../Core/Src/MultiFunctionShield.c:203:6:Clear_LEDs	8	static
../Core/Src/MultiFunctionShield.c:218:6:MultiFunctionShield_Clear	4	static
../Core/Src/MultiFunctionShield.c:229:6:MultiFunctionShield_WriteNumberToSegment	24	static
../Core/Src/MultiFunctionShield.c:241:6:Display_Waiting	4	static
../Core/Src/MultiFunctionShield.c:249:6:Display_All	8	static
../Core/Src/MultiFunctionShield.c:258:6:MultiFunctionShield__ISRFunc	8	static
