../Core/Src/main.c:156:6:get_random_char	1
../Core/Src/main.c:171:5:main	1
../Core/Src/main.c:302:6:SystemClock_Config	4
../Core/Src/main.c:352:13:MX_TIM4_Init	6
../Core/Src/main.c:411:13:MX_TIM7_Init	3
../Core/Src/main.c:449:13:MX_TIM17_Init	2
../Core/Src/main.c:481:13:MX_USART2_UART_Init	2
../Core/Src/main.c:516:13:MX_GPIO_Init	1
../Core/Src/main.c:611:6:Random_Symbols_is_Running_Task	2
../Core/Src/main.c:621:6:Random_lowercase_is_Running_Task	2
../Core/Src/main.c:636:6:Process_Queue_Task	3
../Core/Src/main.c:669:6:Display_Queue_Status_Task	3
../Core/Src/main.c:701:6:Read_and_Transmit_Task	3
../Core/Src/main.c:744:1:__io_putchar	1
../Core/Src/main.c:754:6:process_button_Task	9
../Core/Src/main.c:879:6:HAL_GPIO_EXTI_Callback	5
../Core/Src/main.c:908:6:StartDefaultTask	2
../Core/Src/main.c:926:6:Add_Random_Symbols_to_Queue	1
../Core/Src/main.c:935:6:Add_Random_lowercase_to_Queue	1
../Core/Src/main.c:956:6:HAL_TIM_PeriodElapsedCallback	3
../Core/Src/main.c:971:6:HAL_UART_RxCpltCallback	7
../Core/Src/main.c:1014:6:Error_Handler	1
