Copyright 1986-2022 Xilinx, Inc. All Rights Reserved. Copyright 2022-2024 Advanced Micro Devices, Inc. All Rights Reserved.
------------------------------------------------------------------------------------------------------------------------------------------------------------------------------------------------------
| Tool Version : Vivado v.2024.2 (win64) Build 5239630 Fri Nov 08 22:35:27 MST 2024
| Date         : Wed Dec  3 11:01:00 2025
| Host         : 25STC151L19 running 64-bit major release  (build 9200)
| Command      : report_timing_summary -max_paths 10 -report_unconstrained -file top_timing_summary_routed.rpt -pb top_timing_summary_routed.pb -rpx top_timing_summary_routed.rpx -warn_on_violation
| Design       : top
| Device       : 7a35t-cpg236
| Speed File   : -1  PRODUCTION 1.23 2018-06-13
| Design State : Routed
------------------------------------------------------------------------------------------------------------------------------------------------------------------------------------------------------

Timing Summary Report

------------------------------------------------------------------------------------------------
| Timer Settings
| --------------
------------------------------------------------------------------------------------------------

  Enable Multi Corner Analysis               :  Yes
  Enable Pessimism Removal                   :  Yes
  Pessimism Removal Resolution               :  Nearest Common Node
  Enable Input Delay Default Clock           :  No
  Enable Preset / Clear Arcs                 :  No
  Disable Flight Delays                      :  No
  Ignore I/O Paths                           :  No
  Timing Early Launch at Borrowing Latches   :  No
  Borrow Time for Max Delay Exceptions       :  Yes
  Merge Timing Exceptions                    :  Yes
  Inter-SLR Compensation                     :  Conservative

  Corner  Analyze    Analyze    
  Name    Max Paths  Min Paths  
  ------  ---------  ---------  
  Slow    Yes        Yes        
  Fast    Yes        Yes        


------------------------------------------------------------------------------------------------
| Report Methodology
| ------------------
------------------------------------------------------------------------------------------------

Rule       Severity          Description                       Violations  
---------  ----------------  --------------------------------  ----------  
TIMING-17  Critical Warning  Non-clocked sequential cell       43          
HPDR-1     Warning           Port pin direction inconsistency  2           

Note: This report is based on the most recent report_methodology run and may not be up-to-date. Run report_methodology on the current design for the latest report.



check_timing report

Table of Contents
-----------------
1. checking no_clock (43)
2. checking constant_clock (0)
3. checking pulse_width_clock (0)
4. checking unconstrained_internal_endpoints (86)
5. checking no_input_delay (2)
6. checking no_output_delay (6)
7. checking multiple_clock (0)
8. checking generated_clocks (0)
9. checking loops (0)
10. checking partial_input_delay (0)
11. checking partial_output_delay (0)
12. checking latch_loops (0)

1. checking no_clock (43)
-------------------------
 There are 43 register/latch pins with no clock driven by root clock pin: u/clk_div_reg[6]/Q (HIGH)


2. checking constant_clock (0)
------------------------------
 There are 0 register/latch pins with constant_clock.


3. checking pulse_width_clock (0)
---------------------------------
 There are 0 register/latch pins which need pulse_width check


4. checking unconstrained_internal_endpoints (86)
-------------------------------------------------
 There are 86 pins that are not constrained for maximum delay. (HIGH)

 There are 0 pins that are not constrained for maximum delay due to constant clock.


5. checking no_input_delay (2)
------------------------------
 There are 2 input ports with no input delay specified. (HIGH)

 There are 0 input ports with no input delay but user has a false path constraint.


6. checking no_output_delay (6)
-------------------------------
 There are 6 ports with no output delay specified. (HIGH)

 There are 0 ports with no output delay but user has a false path constraint

 There are 0 ports with no output delay but with a timing clock defined on it or propagating through it


7. checking multiple_clock (0)
------------------------------
 There are 0 register/latch pins with multiple clocks.


8. checking generated_clocks (0)
--------------------------------
 There are 0 generated clocks that are not connected to a clock source.


9. checking loops (0)
---------------------
 There are 0 combinational loops in the design.


10. checking partial_input_delay (0)
------------------------------------
 There are 0 input ports with partial input delay specified.


11. checking partial_output_delay (0)
-------------------------------------
 There are 0 ports with partial output delay specified.


12. checking latch_loops (0)
----------------------------
 There are 0 combinational latch loops in the design through latch input



------------------------------------------------------------------------------------------------
| Design Timing Summary
| ---------------------
------------------------------------------------------------------------------------------------

    WNS(ns)      TNS(ns)  TNS Failing Endpoints  TNS Total Endpoints      WHS(ns)      THS(ns)  THS Failing Endpoints  THS Total Endpoints     WPWS(ns)     TPWS(ns)  TPWS Failing Endpoints  TPWS Total Endpoints  
    -------      -------  ---------------------  -------------------      -------      -------  ---------------------  -------------------     --------     --------  ----------------------  --------------------  
      7.810        0.000                      0                    7        0.257        0.000                      0                    7        4.500        0.000                       0                     8  


All user specified timing constraints are met.


------------------------------------------------------------------------------------------------
| Clock Summary
| -------------
------------------------------------------------------------------------------------------------

Clock        Waveform(ns)       Period(ns)      Frequency(MHz)
-----        ------------       ----------      --------------
sys_clk_pin  {0.000 5.000}      10.000          100.000         


------------------------------------------------------------------------------------------------
| Intra Clock Table
| -----------------
------------------------------------------------------------------------------------------------

Clock             WNS(ns)      TNS(ns)  TNS Failing Endpoints  TNS Total Endpoints      WHS(ns)      THS(ns)  THS Failing Endpoints  THS Total Endpoints     WPWS(ns)     TPWS(ns)  TPWS Failing Endpoints  TPWS Total Endpoints  
-----             -------      -------  ---------------------  -------------------      -------      -------  ---------------------  -------------------     --------     --------  ----------------------  --------------------  
sys_clk_pin         7.810        0.000                      0                    7        0.257        0.000                      0                    7        4.500        0.000                       0                     8  


------------------------------------------------------------------------------------------------
| Inter Clock Table
| -----------------
------------------------------------------------------------------------------------------------

From Clock    To Clock          WNS(ns)      TNS(ns)  TNS Failing Endpoints  TNS Total Endpoints      WHS(ns)      THS(ns)  THS Failing Endpoints  THS Total Endpoints  
----------    --------          -------      -------  ---------------------  -------------------      -------      -------  ---------------------  -------------------  


------------------------------------------------------------------------------------------------
| Other Path Groups Table
| -----------------------
------------------------------------------------------------------------------------------------

Path Group    From Clock    To Clock          WNS(ns)      TNS(ns)  TNS Failing Endpoints  TNS Total Endpoints      WHS(ns)      THS(ns)  THS Failing Endpoints  THS Total Endpoints  
----------    ----------    --------          -------      -------  ---------------------  -------------------      -------      -------  ---------------------  -------------------  


------------------------------------------------------------------------------------------------
| User Ignored Path Table
| -----------------------
------------------------------------------------------------------------------------------------

Path Group    From Clock    To Clock    
----------    ----------    --------    


------------------------------------------------------------------------------------------------
| Unconstrained Path Table
| ------------------------
------------------------------------------------------------------------------------------------

Path Group    From Clock    To Clock    
----------    ----------    --------    
(none)                                    


------------------------------------------------------------------------------------------------
| Timing Details
| --------------
------------------------------------------------------------------------------------------------


---------------------------------------------------------------------------------------------------
From Clock:  sys_clk_pin
  To Clock:  sys_clk_pin

Setup :            0  Failing Endpoints,  Worst Slack        7.810ns,  Total Violation        0.000ns
Hold  :            0  Failing Endpoints,  Worst Slack        0.257ns,  Total Violation        0.000ns
PW    :            0  Failing Endpoints,  Worst Slack        4.500ns,  Total Violation        0.000ns
---------------------------------------------------------------------------------------------------


Max Delay Paths
--------------------------------------------------------------------------------------
Slack (MET) :             7.810ns  (required time - arrival time)
  Source:                 u/clk_div_reg[1]/C
                            (rising edge-triggered cell FDRE clocked by sys_clk_pin  {rise@0.000ns fall@5.000ns period=10.000ns})
  Destination:            u/clk_div_reg[6]/D
                            (rising edge-triggered cell FDRE clocked by sys_clk_pin  {rise@0.000ns fall@5.000ns period=10.000ns})
  Path Group:             sys_clk_pin
  Path Type:              Setup (Max at Slow Process Corner)
  Requirement:            10.000ns  (sys_clk_pin rise@10.000ns - sys_clk_pin rise@0.000ns)
  Data Path Delay:        2.161ns  (logic 0.842ns (38.959%)  route 1.319ns (61.041%))
  Logic Levels:           2  (LUT3=1 LUT5=1)
  Clock Path Skew:        -0.022ns (DCD - SCD + CPR)
    Destination Clock Delay (DCD):    4.786ns = ( 14.786 - 10.000 ) 
    Source Clock Delay      (SCD):    5.086ns
    Clock Pessimism Removal (CPR):    0.278ns
  Clock Uncertainty:      0.035ns  ((TSJ^2 + TIJ^2)^1/2 + DJ) / 2 + PE
    Total System Jitter     (TSJ):    0.071ns
    Total Input Jitter      (TIJ):    0.000ns
    Discrete Jitter          (DJ):    0.000ns
    Phase Error              (PE):    0.000ns

    Location             Delay type                Incr(ns)  Path(ns)    Netlist Resource(s)
  -------------------------------------------------------------------    -------------------
                         (clock sys_clk_pin rise edge)
                                                      0.000     0.000 r  
    W5                                                0.000     0.000 r  clk (IN)
                         net (fo=0)                   0.000     0.000    clk
    W5                   IBUF (Prop_ibuf_I_O)         1.458     1.458 r  clk_IBUF_inst/O
                         net (fo=1, routed)           1.967     3.425    clk_IBUF
    BUFGCTRL_X0Y1        BUFG (Prop_bufg_I_O)         0.096     3.521 r  clk_IBUF_BUFG_inst/O
                         net (fo=7, routed)           1.565     5.086    u/clk
    SLICE_X37Y46         FDRE                                         r  u/clk_div_reg[1]/C
  -------------------------------------------------------------------    -------------------
    SLICE_X37Y46         FDRE (Prop_fdre_C_Q)         0.419     5.505 r  u/clk_div_reg[1]/Q
                         net (fo=6, routed)           0.893     6.398    u/clk_div_reg_n_0_[1]
    SLICE_X37Y46         LUT5 (Prop_lut5_I3_O)        0.299     6.697 r  u/clk_div[6]_i_2/O
                         net (fo=1, routed)           0.426     7.123    u/clk_div[6]_i_2_n_0
    SLICE_X36Y46         LUT3 (Prop_lut3_I0_O)        0.124     7.247 r  u/clk_div[6]_i_1/O
                         net (fo=1, routed)           0.000     7.247    u/p_0_in__0[6]
    SLICE_X36Y46         FDRE                                         r  u/clk_div_reg[6]/D
  -------------------------------------------------------------------    -------------------

                         (clock sys_clk_pin rise edge)
                                                     10.000    10.000 r  
    W5                                                0.000    10.000 r  clk (IN)
                         net (fo=0)                   0.000    10.000    clk
    W5                   IBUF (Prop_ibuf_I_O)         1.388    11.388 r  clk_IBUF_inst/O
                         net (fo=1, routed)           1.862    13.250    clk_IBUF
    BUFGCTRL_X0Y1        BUFG (Prop_bufg_I_O)         0.091    13.341 r  clk_IBUF_BUFG_inst/O
                         net (fo=7, routed)           1.445    14.786    u/clk
    SLICE_X36Y46         FDRE                                         r  u/clk_div_reg[6]/C
                         clock pessimism              0.278    15.064    
                         clock uncertainty           -0.035    15.029    
    SLICE_X36Y46         FDRE (Setup_fdre_C_D)        0.029    15.058    u/clk_div_reg[6]
  -------------------------------------------------------------------
                         required time                         15.058    
                         arrival time                          -7.247    
  -------------------------------------------------------------------
                         slack                                  7.810    

Slack (MET) :             7.853ns  (required time - arrival time)
  Source:                 u/clk_div_reg[1]/C
                            (rising edge-triggered cell FDRE clocked by sys_clk_pin  {rise@0.000ns fall@5.000ns period=10.000ns})
  Destination:            u/clk_div_reg[4]/D
                            (rising edge-triggered cell FDRE clocked by sys_clk_pin  {rise@0.000ns fall@5.000ns period=10.000ns})
  Path Group:             sys_clk_pin
  Path Type:              Setup (Max at Slow Process Corner)
  Requirement:            10.000ns  (sys_clk_pin rise@10.000ns - sys_clk_pin rise@0.000ns)
  Data Path Delay:        1.840ns  (logic 0.748ns (40.655%)  route 1.092ns (59.345%))
  Logic Levels:           1  (LUT5=1)
  Clock Path Skew:        -0.022ns (DCD - SCD + CPR)
    Destination Clock Delay (DCD):    4.786ns = ( 14.786 - 10.000 ) 
    Source Clock Delay      (SCD):    5.086ns
    Clock Pessimism Removal (CPR):    0.278ns
  Clock Uncertainty:      0.035ns  ((TSJ^2 + TIJ^2)^1/2 + DJ) / 2 + PE
    Total System Jitter     (TSJ):    0.071ns
    Total Input Jitter      (TIJ):    0.000ns
    Discrete Jitter          (DJ):    0.000ns
    Phase Error              (PE):    0.000ns

    Location             Delay type                Incr(ns)  Path(ns)    Netlist Resource(s)
  -------------------------------------------------------------------    -------------------
                         (clock sys_clk_pin rise edge)
                                                      0.000     0.000 r  
    W5                                                0.000     0.000 r  clk (IN)
                         net (fo=0)                   0.000     0.000    clk
    W5                   IBUF (Prop_ibuf_I_O)         1.458     1.458 r  clk_IBUF_inst/O
                         net (fo=1, routed)           1.967     3.425    clk_IBUF
    BUFGCTRL_X0Y1        BUFG (Prop_bufg_I_O)         0.096     3.521 r  clk_IBUF_BUFG_inst/O
                         net (fo=7, routed)           1.565     5.086    u/clk
    SLICE_X37Y46         FDRE                                         r  u/clk_div_reg[1]/C
  -------------------------------------------------------------------    -------------------
    SLICE_X37Y46         FDRE (Prop_fdre_C_Q)         0.419     5.505 r  u/clk_div_reg[1]/Q
                         net (fo=6, routed)           0.893     6.398    u/clk_div_reg_n_0_[1]
    SLICE_X37Y46         LUT5 (Prop_lut5_I2_O)        0.329     6.727 r  u/clk_div[4]_i_1/O
                         net (fo=1, routed)           0.199     6.926    u/p_0_in__0[4]
    SLICE_X36Y46         FDRE                                         r  u/clk_div_reg[4]/D
  -------------------------------------------------------------------    -------------------

                         (clock sys_clk_pin rise edge)
                                                     10.000    10.000 r  
    W5                                                0.000    10.000 r  clk (IN)
                         net (fo=0)                   0.000    10.000    clk
    W5                   IBUF (Prop_ibuf_I_O)         1.388    11.388 r  clk_IBUF_inst/O
                         net (fo=1, routed)           1.862    13.250    clk_IBUF
    BUFGCTRL_X0Y1        BUFG (Prop_bufg_I_O)         0.091    13.341 r  clk_IBUF_BUFG_inst/O
                         net (fo=7, routed)           1.445    14.786    u/clk
    SLICE_X36Y46         FDRE                                         r  u/clk_div_reg[4]/C
                         clock pessimism              0.278    15.064    
                         clock uncertainty           -0.035    15.029    
    SLICE_X36Y46         FDRE (Setup_fdre_C_D)       -0.250    14.779    u/clk_div_reg[4]
  -------------------------------------------------------------------
                         required time                         14.779    
                         arrival time                          -6.926    
  -------------------------------------------------------------------
                         slack                                  7.853    

Slack (MET) :             8.381ns  (required time - arrival time)
  Source:                 u/clk_div_reg[1]/C
                            (rising edge-triggered cell FDRE clocked by sys_clk_pin  {rise@0.000ns fall@5.000ns period=10.000ns})
  Destination:            u/clk_div_reg[5]/D
                            (rising edge-triggered cell FDRE clocked by sys_clk_pin  {rise@0.000ns fall@5.000ns period=10.000ns})
  Path Group:             sys_clk_pin
  Path Type:              Setup (Max at Slow Process Corner)
  Requirement:            10.000ns  (sys_clk_pin rise@10.000ns - sys_clk_pin rise@0.000ns)
  Data Path Delay:        1.616ns  (logic 0.718ns (44.429%)  route 0.898ns (55.571%))
  Logic Levels:           1  (LUT6=1)
  Clock Path Skew:        0.000ns (DCD - SCD + CPR)
    Destination Clock Delay (DCD):    4.786ns = ( 14.786 - 10.000 ) 
    Source Clock Delay      (SCD):    5.086ns
    Clock Pessimism Removal (CPR):    0.300ns
  Clock Uncertainty:      0.035ns  ((TSJ^2 + TIJ^2)^1/2 + DJ) / 2 + PE
    Total System Jitter     (TSJ):    0.071ns
    Total Input Jitter      (TIJ):    0.000ns
    Discrete Jitter          (DJ):    0.000ns
    Phase Error              (PE):    0.000ns

    Location             Delay type                Incr(ns)  Path(ns)    Netlist Resource(s)
  -------------------------------------------------------------------    -------------------
                         (clock sys_clk_pin rise edge)
                                                      0.000     0.000 r  
    W5                                                0.000     0.000 r  clk (IN)
                         net (fo=0)                   0.000     0.000    clk
    W5                   IBUF (Prop_ibuf_I_O)         1.458     1.458 r  clk_IBUF_inst/O
                         net (fo=1, routed)           1.967     3.425    clk_IBUF
    BUFGCTRL_X0Y1        BUFG (Prop_bufg_I_O)         0.096     3.521 r  clk_IBUF_BUFG_inst/O
                         net (fo=7, routed)           1.565     5.086    u/clk
    SLICE_X37Y46         FDRE                                         r  u/clk_div_reg[1]/C
  -------------------------------------------------------------------    -------------------
    SLICE_X37Y46         FDRE (Prop_fdre_C_Q)         0.419     5.505 r  u/clk_div_reg[1]/Q
                         net (fo=6, routed)           0.898     6.403    u/clk_div_reg_n_0_[1]
    SLICE_X37Y46         LUT6 (Prop_lut6_I1_O)        0.299     6.702 r  u/clk_div[5]_i_1/O
                         net (fo=1, routed)           0.000     6.702    u/p_0_in__0[5]
    SLICE_X37Y46         FDRE                                         r  u/clk_div_reg[5]/D
  -------------------------------------------------------------------    -------------------

                         (clock sys_clk_pin rise edge)
                                                     10.000    10.000 r  
    W5                                                0.000    10.000 r  clk (IN)
                         net (fo=0)                   0.000    10.000    clk
    W5                   IBUF (Prop_ibuf_I_O)         1.388    11.388 r  clk_IBUF_inst/O
                         net (fo=1, routed)           1.862    13.250    clk_IBUF
    BUFGCTRL_X0Y1        BUFG (Prop_bufg_I_O)         0.091    13.341 r  clk_IBUF_BUFG_inst/O
                         net (fo=7, routed)           1.445    14.786    u/clk
    SLICE_X37Y46         FDRE                                         r  u/clk_div_reg[5]/C
                         clock pessimism              0.300    15.086    
                         clock uncertainty           -0.035    15.051    
    SLICE_X37Y46         FDRE (Setup_fdre_C_D)        0.032    15.083    u/clk_div_reg[5]
  -------------------------------------------------------------------
                         required time                         15.083    
                         arrival time                          -6.702    
  -------------------------------------------------------------------
                         slack                                  8.381    

Slack (MET) :             8.411ns  (required time - arrival time)
  Source:                 u/clk_div_reg[1]/C
                            (rising edge-triggered cell FDRE clocked by sys_clk_pin  {rise@0.000ns fall@5.000ns period=10.000ns})
  Destination:            u/clk_div_reg[1]/D
                            (rising edge-triggered cell FDRE clocked by sys_clk_pin  {rise@0.000ns fall@5.000ns period=10.000ns})
  Path Group:             sys_clk_pin
  Path Type:              Setup (Max at Slow Process Corner)
  Requirement:            10.000ns  (sys_clk_pin rise@10.000ns - sys_clk_pin rise@0.000ns)
  Data Path Delay:        1.629ns  (logic 0.746ns (45.793%)  route 0.883ns (54.207%))
  Logic Levels:           1  (LUT2=1)
  Clock Path Skew:        0.000ns (DCD - SCD + CPR)
    Destination Clock Delay (DCD):    4.786ns = ( 14.786 - 10.000 ) 
    Source Clock Delay      (SCD):    5.086ns
    Clock Pessimism Removal (CPR):    0.300ns
  Clock Uncertainty:      0.035ns  ((TSJ^2 + TIJ^2)^1/2 + DJ) / 2 + PE
    Total System Jitter     (TSJ):    0.071ns
    Total Input Jitter      (TIJ):    0.000ns
    Discrete Jitter          (DJ):    0.000ns
    Phase Error              (PE):    0.000ns

    Location             Delay type                Incr(ns)  Path(ns)    Netlist Resource(s)
  -------------------------------------------------------------------    -------------------
                         (clock sys_clk_pin rise edge)
                                                      0.000     0.000 r  
    W5                                                0.000     0.000 r  clk (IN)
                         net (fo=0)                   0.000     0.000    clk
    W5                   IBUF (Prop_ibuf_I_O)         1.458     1.458 r  clk_IBUF_inst/O
                         net (fo=1, routed)           1.967     3.425    clk_IBUF
    BUFGCTRL_X0Y1        BUFG (Prop_bufg_I_O)         0.096     3.521 r  clk_IBUF_BUFG_inst/O
                         net (fo=7, routed)           1.565     5.086    u/clk
    SLICE_X37Y46         FDRE                                         r  u/clk_div_reg[1]/C
  -------------------------------------------------------------------    -------------------
    SLICE_X37Y46         FDRE (Prop_fdre_C_Q)         0.419     5.505 r  u/clk_div_reg[1]/Q
                         net (fo=6, routed)           0.883     6.388    u/clk_div_reg_n_0_[1]
    SLICE_X37Y46         LUT2 (Prop_lut2_I1_O)        0.327     6.715 r  u/clk_div[1]_i_1/O
                         net (fo=1, routed)           0.000     6.715    u/p_0_in__0[1]
    SLICE_X37Y46         FDRE                                         r  u/clk_div_reg[1]/D
  -------------------------------------------------------------------    -------------------

                         (clock sys_clk_pin rise edge)
                                                     10.000    10.000 r  
    W5                                                0.000    10.000 r  clk (IN)
                         net (fo=0)                   0.000    10.000    clk
    W5                   IBUF (Prop_ibuf_I_O)         1.388    11.388 r  clk_IBUF_inst/O
                         net (fo=1, routed)           1.862    13.250    clk_IBUF
    BUFGCTRL_X0Y1        BUFG (Prop_bufg_I_O)         0.091    13.341 r  clk_IBUF_BUFG_inst/O
                         net (fo=7, routed)           1.445    14.786    u/clk
    SLICE_X37Y46         FDRE                                         r  u/clk_div_reg[1]/C
                         clock pessimism              0.300    15.086    
                         clock uncertainty           -0.035    15.051    
    SLICE_X37Y46         FDRE (Setup_fdre_C_D)        0.075    15.126    u/clk_div_reg[1]
  -------------------------------------------------------------------
                         required time                         15.126    
                         arrival time                          -6.715    
  -------------------------------------------------------------------
                         slack                                  8.411    

Slack (MET) :             8.580ns  (required time - arrival time)
  Source:                 u/clk_div_reg[0]/C
                            (rising edge-triggered cell FDRE clocked by sys_clk_pin  {rise@0.000ns fall@5.000ns period=10.000ns})
  Destination:            u/clk_div_reg[2]/D
                            (rising edge-triggered cell FDRE clocked by sys_clk_pin  {rise@0.000ns fall@5.000ns period=10.000ns})
  Path Group:             sys_clk_pin
  Path Type:              Setup (Max at Slow Process Corner)
  Requirement:            10.000ns  (sys_clk_pin rise@10.000ns - sys_clk_pin rise@0.000ns)
  Data Path Delay:        1.415ns  (logic 0.580ns (40.981%)  route 0.835ns (59.019%))
  Logic Levels:           1  (LUT3=1)
  Clock Path Skew:        0.000ns (DCD - SCD + CPR)
    Destination Clock Delay (DCD):    4.786ns = ( 14.786 - 10.000 ) 
    Source Clock Delay      (SCD):    5.086ns
    Clock Pessimism Removal (CPR):    0.300ns
  Clock Uncertainty:      0.035ns  ((TSJ^2 + TIJ^2)^1/2 + DJ) / 2 + PE
    Total System Jitter     (TSJ):    0.071ns
    Total Input Jitter      (TIJ):    0.000ns
    Discrete Jitter          (DJ):    0.000ns
    Phase Error              (PE):    0.000ns

    Location             Delay type                Incr(ns)  Path(ns)    Netlist Resource(s)
  -------------------------------------------------------------------    -------------------
                         (clock sys_clk_pin rise edge)
                                                      0.000     0.000 r  
    W5                                                0.000     0.000 r  clk (IN)
                         net (fo=0)                   0.000     0.000    clk
    W5                   IBUF (Prop_ibuf_I_O)         1.458     1.458 r  clk_IBUF_inst/O
                         net (fo=1, routed)           1.967     3.425    clk_IBUF
    BUFGCTRL_X0Y1        BUFG (Prop_bufg_I_O)         0.096     3.521 r  clk_IBUF_BUFG_inst/O
                         net (fo=7, routed)           1.565     5.086    u/clk
    SLICE_X37Y46         FDRE                                         r  u/clk_div_reg[0]/C
  -------------------------------------------------------------------    -------------------
    SLICE_X37Y46         FDRE (Prop_fdre_C_Q)         0.456     5.542 r  u/clk_div_reg[0]/Q
                         net (fo=7, routed)           0.835     6.378    u/clk_div_reg_n_0_[0]
    SLICE_X37Y46         LUT3 (Prop_lut3_I0_O)        0.124     6.502 r  u/clk_div[2]_i_1/O
                         net (fo=1, routed)           0.000     6.502    u/p_0_in__0[2]
    SLICE_X37Y46         FDRE                                         r  u/clk_div_reg[2]/D
  -------------------------------------------------------------------    -------------------

                         (clock sys_clk_pin rise edge)
                                                     10.000    10.000 r  
    W5                                                0.000    10.000 r  clk (IN)
                         net (fo=0)                   0.000    10.000    clk
    W5                   IBUF (Prop_ibuf_I_O)         1.388    11.388 r  clk_IBUF_inst/O
                         net (fo=1, routed)           1.862    13.250    clk_IBUF
    BUFGCTRL_X0Y1        BUFG (Prop_bufg_I_O)         0.091    13.341 r  clk_IBUF_BUFG_inst/O
                         net (fo=7, routed)           1.445    14.786    u/clk
    SLICE_X37Y46         FDRE                                         r  u/clk_div_reg[2]/C
                         clock pessimism              0.300    15.086    
                         clock uncertainty           -0.035    15.051    
    SLICE_X37Y46         FDRE (Setup_fdre_C_D)        0.031    15.082    u/clk_div_reg[2]
  -------------------------------------------------------------------
                         required time                         15.082    
                         arrival time                          -6.502    
  -------------------------------------------------------------------
                         slack                                  8.580    

Slack (MET) :             8.580ns  (required time - arrival time)
  Source:                 u/clk_div_reg[0]/C
                            (rising edge-triggered cell FDRE clocked by sys_clk_pin  {rise@0.000ns fall@5.000ns period=10.000ns})
  Destination:            u/clk_div_reg[0]/D
                            (rising edge-triggered cell FDRE clocked by sys_clk_pin  {rise@0.000ns fall@5.000ns period=10.000ns})
  Path Group:             sys_clk_pin
  Path Type:              Setup (Max at Slow Process Corner)
  Requirement:            10.000ns  (sys_clk_pin rise@10.000ns - sys_clk_pin rise@0.000ns)
  Data Path Delay:        1.413ns  (logic 0.580ns (41.039%)  route 0.833ns (58.961%))
  Logic Levels:           1  (LUT1=1)
  Clock Path Skew:        0.000ns (DCD - SCD + CPR)
    Destination Clock Delay (DCD):    4.786ns = ( 14.786 - 10.000 ) 
    Source Clock Delay      (SCD):    5.086ns
    Clock Pessimism Removal (CPR):    0.300ns
  Clock Uncertainty:      0.035ns  ((TSJ^2 + TIJ^2)^1/2 + DJ) / 2 + PE
    Total System Jitter     (TSJ):    0.071ns
    Total Input Jitter      (TIJ):    0.000ns
    Discrete Jitter          (DJ):    0.000ns
    Phase Error              (PE):    0.000ns

    Location             Delay type                Incr(ns)  Path(ns)    Netlist Resource(s)
  -------------------------------------------------------------------    -------------------
                         (clock sys_clk_pin rise edge)
                                                      0.000     0.000 r  
    W5                                                0.000     0.000 r  clk (IN)
                         net (fo=0)                   0.000     0.000    clk
    W5                   IBUF (Prop_ibuf_I_O)         1.458     1.458 r  clk_IBUF_inst/O
                         net (fo=1, routed)           1.967     3.425    clk_IBUF
    BUFGCTRL_X0Y1        BUFG (Prop_bufg_I_O)         0.096     3.521 r  clk_IBUF_BUFG_inst/O
                         net (fo=7, routed)           1.565     5.086    u/clk
    SLICE_X37Y46         FDRE                                         r  u/clk_div_reg[0]/C
  -------------------------------------------------------------------    -------------------
    SLICE_X37Y46         FDRE (Prop_fdre_C_Q)         0.456     5.542 f  u/clk_div_reg[0]/Q
                         net (fo=7, routed)           0.833     6.376    u/clk_div_reg_n_0_[0]
    SLICE_X37Y46         LUT1 (Prop_lut1_I0_O)        0.124     6.500 r  u/clk_div[0]_i_1/O
                         net (fo=1, routed)           0.000     6.500    u/p_0_in__0[0]
    SLICE_X37Y46         FDRE                                         r  u/clk_div_reg[0]/D
  -------------------------------------------------------------------    -------------------

                         (clock sys_clk_pin rise edge)
                                                     10.000    10.000 r  
    W5                                                0.000    10.000 r  clk (IN)
                         net (fo=0)                   0.000    10.000    clk
    W5                   IBUF (Prop_ibuf_I_O)         1.388    11.388 r  clk_IBUF_inst/O
                         net (fo=1, routed)           1.862    13.250    clk_IBUF
    BUFGCTRL_X0Y1        BUFG (Prop_bufg_I_O)         0.091    13.341 r  clk_IBUF_BUFG_inst/O
                         net (fo=7, routed)           1.445    14.786    u/clk
    SLICE_X37Y46         FDRE                                         r  u/clk_div_reg[0]/C
                         clock pessimism              0.300    15.086    
                         clock uncertainty           -0.035    15.051    
    SLICE_X37Y46         FDRE (Setup_fdre_C_D)        0.029    15.080    u/clk_div_reg[0]
  -------------------------------------------------------------------
                         required time                         15.080    
                         arrival time                          -6.500    
  -------------------------------------------------------------------
                         slack                                  8.580    

Slack (MET) :             8.596ns  (required time - arrival time)
  Source:                 u/clk_div_reg[0]/C
                            (rising edge-triggered cell FDRE clocked by sys_clk_pin  {rise@0.000ns fall@5.000ns period=10.000ns})
  Destination:            u/clk_div_reg[3]/D
                            (rising edge-triggered cell FDRE clocked by sys_clk_pin  {rise@0.000ns fall@5.000ns period=10.000ns})
  Path Group:             sys_clk_pin
  Path Type:              Setup (Max at Slow Process Corner)
  Requirement:            10.000ns  (sys_clk_pin rise@10.000ns - sys_clk_pin rise@0.000ns)
  Data Path Delay:        1.443ns  (logic 0.608ns (42.126%)  route 0.835ns (57.874%))
  Logic Levels:           1  (LUT4=1)
  Clock Path Skew:        0.000ns (DCD - SCD + CPR)
    Destination Clock Delay (DCD):    4.786ns = ( 14.786 - 10.000 ) 
    Source Clock Delay      (SCD):    5.086ns
    Clock Pessimism Removal (CPR):    0.300ns
  Clock Uncertainty:      0.035ns  ((TSJ^2 + TIJ^2)^1/2 + DJ) / 2 + PE
    Total System Jitter     (TSJ):    0.071ns
    Total Input Jitter      (TIJ):    0.000ns
    Discrete Jitter          (DJ):    0.000ns
    Phase Error              (PE):    0.000ns

    Location             Delay type                Incr(ns)  Path(ns)    Netlist Resource(s)
  -------------------------------------------------------------------    -------------------
                         (clock sys_clk_pin rise edge)
                                                      0.000     0.000 r  
    W5                                                0.000     0.000 r  clk (IN)
                         net (fo=0)                   0.000     0.000    clk
    W5                   IBUF (Prop_ibuf_I_O)         1.458     1.458 r  clk_IBUF_inst/O
                         net (fo=1, routed)           1.967     3.425    clk_IBUF
    BUFGCTRL_X0Y1        BUFG (Prop_bufg_I_O)         0.096     3.521 r  clk_IBUF_BUFG_inst/O
                         net (fo=7, routed)           1.565     5.086    u/clk
    SLICE_X37Y46         FDRE                                         r  u/clk_div_reg[0]/C
  -------------------------------------------------------------------    -------------------
    SLICE_X37Y46         FDRE (Prop_fdre_C_Q)         0.456     5.542 r  u/clk_div_reg[0]/Q
                         net (fo=7, routed)           0.835     6.378    u/clk_div_reg_n_0_[0]
    SLICE_X37Y46         LUT4 (Prop_lut4_I1_O)        0.152     6.530 r  u/clk_div[3]_i_1/O
                         net (fo=1, routed)           0.000     6.530    u/p_0_in__0[3]
    SLICE_X37Y46         FDRE                                         r  u/clk_div_reg[3]/D
  -------------------------------------------------------------------    -------------------

                         (clock sys_clk_pin rise edge)
                                                     10.000    10.000 r  
    W5                                                0.000    10.000 r  clk (IN)
                         net (fo=0)                   0.000    10.000    clk
    W5                   IBUF (Prop_ibuf_I_O)         1.388    11.388 r  clk_IBUF_inst/O
                         net (fo=1, routed)           1.862    13.250    clk_IBUF
    BUFGCTRL_X0Y1        BUFG (Prop_bufg_I_O)         0.091    13.341 r  clk_IBUF_BUFG_inst/O
                         net (fo=7, routed)           1.445    14.786    u/clk
    SLICE_X37Y46         FDRE                                         r  u/clk_div_reg[3]/C
                         clock pessimism              0.300    15.086    
                         clock uncertainty           -0.035    15.051    
    SLICE_X37Y46         FDRE (Setup_fdre_C_D)        0.075    15.126    u/clk_div_reg[3]
  -------------------------------------------------------------------
                         required time                         15.126    
                         arrival time                          -6.530    
  -------------------------------------------------------------------
                         slack                                  8.596    





Min Delay Paths
--------------------------------------------------------------------------------------
Slack (MET) :             0.257ns  (arrival time - required time)
  Source:                 u/clk_div_reg[0]/C
                            (rising edge-triggered cell FDRE clocked by sys_clk_pin  {rise@0.000ns fall@5.000ns period=10.000ns})
  Destination:            u/clk_div_reg[5]/D
                            (rising edge-triggered cell FDRE clocked by sys_clk_pin  {rise@0.000ns fall@5.000ns period=10.000ns})
  Path Group:             sys_clk_pin
  Path Type:              Hold (Min at Fast Process Corner)
  Requirement:            0.000ns  (sys_clk_pin rise@0.000ns - sys_clk_pin rise@0.000ns)
  Data Path Delay:        0.349ns  (logic 0.186ns (53.252%)  route 0.163ns (46.748%))
  Logic Levels:           1  (LUT6=1)
  Clock Path Skew:        0.000ns (DCD - SCD - CPR)
    Destination Clock Delay (DCD):    1.959ns
    Source Clock Delay      (SCD):    1.446ns
    Clock Pessimism Removal (CPR):    0.513ns

    Location             Delay type                Incr(ns)  Path(ns)    Netlist Resource(s)
  -------------------------------------------------------------------    -------------------
                         (clock sys_clk_pin rise edge)
                                                      0.000     0.000 r  
    W5                                                0.000     0.000 r  clk (IN)
                         net (fo=0)                   0.000     0.000    clk
    W5                   IBUF (Prop_ibuf_I_O)         0.226     0.226 r  clk_IBUF_inst/O
                         net (fo=1, routed)           0.631     0.858    clk_IBUF
    BUFGCTRL_X0Y1        BUFG (Prop_bufg_I_O)         0.026     0.884 r  clk_IBUF_BUFG_inst/O
                         net (fo=7, routed)           0.563     1.446    u/clk
    SLICE_X37Y46         FDRE                                         r  u/clk_div_reg[0]/C
  -------------------------------------------------------------------    -------------------
    SLICE_X37Y46         FDRE (Prop_fdre_C_Q)         0.141     1.587 r  u/clk_div_reg[0]/Q
                         net (fo=7, routed)           0.163     1.750    u/clk_div_reg_n_0_[0]
    SLICE_X37Y46         LUT6 (Prop_lut6_I2_O)        0.045     1.795 r  u/clk_div[5]_i_1/O
                         net (fo=1, routed)           0.000     1.795    u/p_0_in__0[5]
    SLICE_X37Y46         FDRE                                         r  u/clk_div_reg[5]/D
  -------------------------------------------------------------------    -------------------

                         (clock sys_clk_pin rise edge)
                                                      0.000     0.000 r  
    W5                                                0.000     0.000 r  clk (IN)
                         net (fo=0)                   0.000     0.000    clk
    W5                   IBUF (Prop_ibuf_I_O)         0.414     0.414 r  clk_IBUF_inst/O
                         net (fo=1, routed)           0.685     1.099    clk_IBUF
    BUFGCTRL_X0Y1        BUFG (Prop_bufg_I_O)         0.029     1.128 r  clk_IBUF_BUFG_inst/O
                         net (fo=7, routed)           0.832     1.959    u/clk
    SLICE_X37Y46         FDRE                                         r  u/clk_div_reg[5]/C
                         clock pessimism             -0.513     1.446    
    SLICE_X37Y46         FDRE (Hold_fdre_C_D)         0.092     1.538    u/clk_div_reg[5]
  -------------------------------------------------------------------
                         required time                         -1.538    
                         arrival time                           1.795    
  -------------------------------------------------------------------
                         slack                                  0.257    

Slack (MET) :             0.280ns  (arrival time - required time)
  Source:                 u/clk_div_reg[6]/C
                            (rising edge-triggered cell FDRE clocked by sys_clk_pin  {rise@0.000ns fall@5.000ns period=10.000ns})
  Destination:            u/clk_div_reg[6]/D
                            (rising edge-triggered cell FDRE clocked by sys_clk_pin  {rise@0.000ns fall@5.000ns period=10.000ns})
  Path Group:             sys_clk_pin
  Path Type:              Hold (Min at Fast Process Corner)
  Requirement:            0.000ns  (sys_clk_pin rise@0.000ns - sys_clk_pin rise@0.000ns)
  Data Path Delay:        0.371ns  (logic 0.186ns (50.162%)  route 0.185ns (49.838%))
  Logic Levels:           1  (LUT3=1)
  Clock Path Skew:        0.000ns (DCD - SCD - CPR)
    Destination Clock Delay (DCD):    1.959ns
    Source Clock Delay      (SCD):    1.446ns
    Clock Pessimism Removal (CPR):    0.513ns

    Location             Delay type                Incr(ns)  Path(ns)    Netlist Resource(s)
  -------------------------------------------------------------------    -------------------
                         (clock sys_clk_pin rise edge)
                                                      0.000     0.000 r  
    W5                                                0.000     0.000 r  clk (IN)
                         net (fo=0)                   0.000     0.000    clk
    W5                   IBUF (Prop_ibuf_I_O)         0.226     0.226 r  clk_IBUF_inst/O
                         net (fo=1, routed)           0.631     0.858    clk_IBUF
    BUFGCTRL_X0Y1        BUFG (Prop_bufg_I_O)         0.026     0.884 r  clk_IBUF_BUFG_inst/O
                         net (fo=7, routed)           0.563     1.446    u/clk
    SLICE_X36Y46         FDRE                                         r  u/clk_div_reg[6]/C
  -------------------------------------------------------------------    -------------------
    SLICE_X36Y46         FDRE (Prop_fdre_C_Q)         0.141     1.587 r  u/clk_div_reg[6]/Q
                         net (fo=2, routed)           0.185     1.772    u/out[0]
    SLICE_X36Y46         LUT3 (Prop_lut3_I2_O)        0.045     1.817 r  u/clk_div[6]_i_1/O
                         net (fo=1, routed)           0.000     1.817    u/p_0_in__0[6]
    SLICE_X36Y46         FDRE                                         r  u/clk_div_reg[6]/D
  -------------------------------------------------------------------    -------------------

                         (clock sys_clk_pin rise edge)
                                                      0.000     0.000 r  
    W5                                                0.000     0.000 r  clk (IN)
                         net (fo=0)                   0.000     0.000    clk
    W5                   IBUF (Prop_ibuf_I_O)         0.414     0.414 r  clk_IBUF_inst/O
                         net (fo=1, routed)           0.685     1.099    clk_IBUF
    BUFGCTRL_X0Y1        BUFG (Prop_bufg_I_O)         0.029     1.128 r  clk_IBUF_BUFG_inst/O
                         net (fo=7, routed)           0.832     1.959    u/clk
    SLICE_X36Y46         FDRE                                         r  u/clk_div_reg[6]/C
                         clock pessimism             -0.513     1.446    
    SLICE_X36Y46         FDRE (Hold_fdre_C_D)         0.091     1.537    u/clk_div_reg[6]
  -------------------------------------------------------------------
                         required time                         -1.537    
                         arrival time                           1.817    
  -------------------------------------------------------------------
                         slack                                  0.280    

Slack (MET) :             0.305ns  (arrival time - required time)
  Source:                 u/clk_div_reg[1]/C
                            (rising edge-triggered cell FDRE clocked by sys_clk_pin  {rise@0.000ns fall@5.000ns period=10.000ns})
  Destination:            u/clk_div_reg[3]/D
                            (rising edge-triggered cell FDRE clocked by sys_clk_pin  {rise@0.000ns fall@5.000ns period=10.000ns})
  Path Group:             sys_clk_pin
  Path Type:              Hold (Min at Fast Process Corner)
  Requirement:            0.000ns  (sys_clk_pin rise@0.000ns - sys_clk_pin rise@0.000ns)
  Data Path Delay:        0.412ns  (logic 0.231ns (56.059%)  route 0.181ns (43.941%))
  Logic Levels:           1  (LUT4=1)
  Clock Path Skew:        0.000ns (DCD - SCD - CPR)
    Destination Clock Delay (DCD):    1.959ns
    Source Clock Delay      (SCD):    1.446ns
    Clock Pessimism Removal (CPR):    0.513ns

    Location             Delay type                Incr(ns)  Path(ns)    Netlist Resource(s)
  -------------------------------------------------------------------    -------------------
                         (clock sys_clk_pin rise edge)
                                                      0.000     0.000 r  
    W5                                                0.000     0.000 r  clk (IN)
                         net (fo=0)                   0.000     0.000    clk
    W5                   IBUF (Prop_ibuf_I_O)         0.226     0.226 r  clk_IBUF_inst/O
                         net (fo=1, routed)           0.631     0.858    clk_IBUF
    BUFGCTRL_X0Y1        BUFG (Prop_bufg_I_O)         0.026     0.884 r  clk_IBUF_BUFG_inst/O
                         net (fo=7, routed)           0.563     1.446    u/clk
    SLICE_X37Y46         FDRE                                         r  u/clk_div_reg[1]/C
  -------------------------------------------------------------------    -------------------
    SLICE_X37Y46         FDRE (Prop_fdre_C_Q)         0.128     1.574 r  u/clk_div_reg[1]/Q
                         net (fo=6, routed)           0.181     1.755    u/clk_div_reg_n_0_[1]
    SLICE_X37Y46         LUT4 (Prop_lut4_I0_O)        0.103     1.858 r  u/clk_div[3]_i_1/O
                         net (fo=1, routed)           0.000     1.858    u/p_0_in__0[3]
    SLICE_X37Y46         FDRE                                         r  u/clk_div_reg[3]/D
  -------------------------------------------------------------------    -------------------

                         (clock sys_clk_pin rise edge)
                                                      0.000     0.000 r  
    W5                                                0.000     0.000 r  clk (IN)
                         net (fo=0)                   0.000     0.000    clk
    W5                   IBUF (Prop_ibuf_I_O)         0.414     0.414 r  clk_IBUF_inst/O
                         net (fo=1, routed)           0.685     1.099    clk_IBUF
    BUFGCTRL_X0Y1        BUFG (Prop_bufg_I_O)         0.029     1.128 r  clk_IBUF_BUFG_inst/O
                         net (fo=7, routed)           0.832     1.959    u/clk
    SLICE_X37Y46         FDRE                                         r  u/clk_div_reg[3]/C
                         clock pessimism             -0.513     1.446    
    SLICE_X37Y46         FDRE (Hold_fdre_C_D)         0.107     1.553    u/clk_div_reg[3]
  -------------------------------------------------------------------
                         required time                         -1.553    
                         arrival time                           1.858    
  -------------------------------------------------------------------
                         slack                                  0.305    

Slack (MET) :             0.316ns  (arrival time - required time)
  Source:                 u/clk_div_reg[1]/C
                            (rising edge-triggered cell FDRE clocked by sys_clk_pin  {rise@0.000ns fall@5.000ns period=10.000ns})
  Destination:            u/clk_div_reg[2]/D
                            (rising edge-triggered cell FDRE clocked by sys_clk_pin  {rise@0.000ns fall@5.000ns period=10.000ns})
  Path Group:             sys_clk_pin
  Path Type:              Hold (Min at Fast Process Corner)
  Requirement:            0.000ns  (sys_clk_pin rise@0.000ns - sys_clk_pin rise@0.000ns)
  Data Path Delay:        0.408ns  (logic 0.227ns (55.628%)  route 0.181ns (44.372%))
  Logic Levels:           1  (LUT3=1)
  Clock Path Skew:        0.000ns (DCD - SCD - CPR)
    Destination Clock Delay (DCD):    1.959ns
    Source Clock Delay      (SCD):    1.446ns
    Clock Pessimism Removal (CPR):    0.513ns

    Location             Delay type                Incr(ns)  Path(ns)    Netlist Resource(s)
  -------------------------------------------------------------------    -------------------
                         (clock sys_clk_pin rise edge)
                                                      0.000     0.000 r  
    W5                                                0.000     0.000 r  clk (IN)
                         net (fo=0)                   0.000     0.000    clk
    W5                   IBUF (Prop_ibuf_I_O)         0.226     0.226 r  clk_IBUF_inst/O
                         net (fo=1, routed)           0.631     0.858    clk_IBUF
    BUFGCTRL_X0Y1        BUFG (Prop_bufg_I_O)         0.026     0.884 r  clk_IBUF_BUFG_inst/O
                         net (fo=7, routed)           0.563     1.446    u/clk
    SLICE_X37Y46         FDRE                                         r  u/clk_div_reg[1]/C
  -------------------------------------------------------------------    -------------------
    SLICE_X37Y46         FDRE (Prop_fdre_C_Q)         0.128     1.574 r  u/clk_div_reg[1]/Q
                         net (fo=6, routed)           0.181     1.755    u/clk_div_reg_n_0_[1]
    SLICE_X37Y46         LUT3 (Prop_lut3_I1_O)        0.099     1.854 r  u/clk_div[2]_i_1/O
                         net (fo=1, routed)           0.000     1.854    u/p_0_in__0[2]
    SLICE_X37Y46         FDRE                                         r  u/clk_div_reg[2]/D
  -------------------------------------------------------------------    -------------------

                         (clock sys_clk_pin rise edge)
                                                      0.000     0.000 r  
    W5                                                0.000     0.000 r  clk (IN)
                         net (fo=0)                   0.000     0.000    clk
    W5                   IBUF (Prop_ibuf_I_O)         0.414     0.414 r  clk_IBUF_inst/O
                         net (fo=1, routed)           0.685     1.099    clk_IBUF
    BUFGCTRL_X0Y1        BUFG (Prop_bufg_I_O)         0.029     1.128 r  clk_IBUF_BUFG_inst/O
                         net (fo=7, routed)           0.832     1.959    u/clk
    SLICE_X37Y46         FDRE                                         r  u/clk_div_reg[2]/C
                         clock pessimism             -0.513     1.446    
    SLICE_X37Y46         FDRE (Hold_fdre_C_D)         0.092     1.538    u/clk_div_reg[2]
  -------------------------------------------------------------------
                         required time                         -1.538    
                         arrival time                           1.854    
  -------------------------------------------------------------------
                         slack                                  0.316    

Slack (MET) :             0.375ns  (arrival time - required time)
  Source:                 u/clk_div_reg[3]/C
                            (rising edge-triggered cell FDRE clocked by sys_clk_pin  {rise@0.000ns fall@5.000ns period=10.000ns})
  Destination:            u/clk_div_reg[4]/D
                            (rising edge-triggered cell FDRE clocked by sys_clk_pin  {rise@0.000ns fall@5.000ns period=10.000ns})
  Path Group:             sys_clk_pin
  Path Type:              Hold (Min at Fast Process Corner)
  Requirement:            0.000ns  (sys_clk_pin rise@0.000ns - sys_clk_pin rise@0.000ns)
  Data Path Delay:        0.398ns  (logic 0.232ns (58.259%)  route 0.166ns (41.741%))
  Logic Levels:           1  (LUT5=1)
  Clock Path Skew:        0.013ns (DCD - SCD - CPR)
    Destination Clock Delay (DCD):    1.959ns
    Source Clock Delay      (SCD):    1.446ns
    Clock Pessimism Removal (CPR):    0.500ns

    Location             Delay type                Incr(ns)  Path(ns)    Netlist Resource(s)
  -------------------------------------------------------------------    -------------------
                         (clock sys_clk_pin rise edge)
                                                      0.000     0.000 r  
    W5                                                0.000     0.000 r  clk (IN)
                         net (fo=0)                   0.000     0.000    clk
    W5                   IBUF (Prop_ibuf_I_O)         0.226     0.226 r  clk_IBUF_inst/O
                         net (fo=1, routed)           0.631     0.858    clk_IBUF
    BUFGCTRL_X0Y1        BUFG (Prop_bufg_I_O)         0.026     0.884 r  clk_IBUF_BUFG_inst/O
                         net (fo=7, routed)           0.563     1.446    u/clk
    SLICE_X37Y46         FDRE                                         r  u/clk_div_reg[3]/C
  -------------------------------------------------------------------    -------------------
    SLICE_X37Y46         FDRE (Prop_fdre_C_Q)         0.128     1.574 r  u/clk_div_reg[3]/Q
                         net (fo=4, routed)           0.101     1.676    u/clk_div_reg_n_0_[3]
    SLICE_X37Y46         LUT5 (Prop_lut5_I3_O)        0.104     1.780 r  u/clk_div[4]_i_1/O
                         net (fo=1, routed)           0.065     1.844    u/p_0_in__0[4]
    SLICE_X36Y46         FDRE                                         r  u/clk_div_reg[4]/D
  -------------------------------------------------------------------    -------------------

                         (clock sys_clk_pin rise edge)
                                                      0.000     0.000 r  
    W5                                                0.000     0.000 r  clk (IN)
                         net (fo=0)                   0.000     0.000    clk
    W5                   IBUF (Prop_ibuf_I_O)         0.414     0.414 r  clk_IBUF_inst/O
                         net (fo=1, routed)           0.685     1.099    clk_IBUF
    BUFGCTRL_X0Y1        BUFG (Prop_bufg_I_O)         0.029     1.128 r  clk_IBUF_BUFG_inst/O
                         net (fo=7, routed)           0.832     1.959    u/clk
    SLICE_X36Y46         FDRE                                         r  u/clk_div_reg[4]/C
                         clock pessimism             -0.500     1.459    
    SLICE_X36Y46         FDRE (Hold_fdre_C_D)         0.010     1.469    u/clk_div_reg[4]
  -------------------------------------------------------------------
                         required time                         -1.469    
                         arrival time                           1.844    
  -------------------------------------------------------------------
                         slack                                  0.375    

Slack (MET) :             0.380ns  (arrival time - required time)
  Source:                 u/clk_div_reg[0]/C
                            (rising edge-triggered cell FDRE clocked by sys_clk_pin  {rise@0.000ns fall@5.000ns period=10.000ns})
  Destination:            u/clk_div_reg[1]/D
                            (rising edge-triggered cell FDRE clocked by sys_clk_pin  {rise@0.000ns fall@5.000ns period=10.000ns})
  Path Group:             sys_clk_pin
  Path Type:              Hold (Min at Fast Process Corner)
  Requirement:            0.000ns  (sys_clk_pin rise@0.000ns - sys_clk_pin rise@0.000ns)
  Data Path Delay:        0.487ns  (logic 0.185ns (37.965%)  route 0.302ns (62.035%))
  Logic Levels:           1  (LUT2=1)
  Clock Path Skew:        0.000ns (DCD - SCD - CPR)
    Destination Clock Delay (DCD):    1.959ns
    Source Clock Delay      (SCD):    1.446ns
    Clock Pessimism Removal (CPR):    0.513ns

    Location             Delay type                Incr(ns)  Path(ns)    Netlist Resource(s)
  -------------------------------------------------------------------    -------------------
                         (clock sys_clk_pin rise edge)
                                                      0.000     0.000 r  
    W5                                                0.000     0.000 r  clk (IN)
                         net (fo=0)                   0.000     0.000    clk
    W5                   IBUF (Prop_ibuf_I_O)         0.226     0.226 r  clk_IBUF_inst/O
                         net (fo=1, routed)           0.631     0.858    clk_IBUF
    BUFGCTRL_X0Y1        BUFG (Prop_bufg_I_O)         0.026     0.884 r  clk_IBUF_BUFG_inst/O
                         net (fo=7, routed)           0.563     1.446    u/clk
    SLICE_X37Y46         FDRE                                         r  u/clk_div_reg[0]/C
  -------------------------------------------------------------------    -------------------
    SLICE_X37Y46         FDRE (Prop_fdre_C_Q)         0.141     1.587 r  u/clk_div_reg[0]/Q
                         net (fo=7, routed)           0.302     1.889    u/clk_div_reg_n_0_[0]
    SLICE_X37Y46         LUT2 (Prop_lut2_I0_O)        0.044     1.933 r  u/clk_div[1]_i_1/O
                         net (fo=1, routed)           0.000     1.933    u/p_0_in__0[1]
    SLICE_X37Y46         FDRE                                         r  u/clk_div_reg[1]/D
  -------------------------------------------------------------------    -------------------

                         (clock sys_clk_pin rise edge)
                                                      0.000     0.000 r  
    W5                                                0.000     0.000 r  clk (IN)
                         net (fo=0)                   0.000     0.000    clk
    W5                   IBUF (Prop_ibuf_I_O)         0.414     0.414 r  clk_IBUF_inst/O
                         net (fo=1, routed)           0.685     1.099    clk_IBUF
    BUFGCTRL_X0Y1        BUFG (Prop_bufg_I_O)         0.029     1.128 r  clk_IBUF_BUFG_inst/O
                         net (fo=7, routed)           0.832     1.959    u/clk
    SLICE_X37Y46         FDRE                                         r  u/clk_div_reg[1]/C
                         clock pessimism             -0.513     1.446    
    SLICE_X37Y46         FDRE (Hold_fdre_C_D)         0.107     1.553    u/clk_div_reg[1]
  -------------------------------------------------------------------
                         required time                         -1.553    
                         arrival time                           1.933    
  -------------------------------------------------------------------
                         slack                                  0.380    

Slack (MET) :             0.397ns  (arrival time - required time)
  Source:                 u/clk_div_reg[0]/C
                            (rising edge-triggered cell FDRE clocked by sys_clk_pin  {rise@0.000ns fall@5.000ns period=10.000ns})
  Destination:            u/clk_div_reg[0]/D
                            (rising edge-triggered cell FDRE clocked by sys_clk_pin  {rise@0.000ns fall@5.000ns period=10.000ns})
  Path Group:             sys_clk_pin
  Path Type:              Hold (Min at Fast Process Corner)
  Requirement:            0.000ns  (sys_clk_pin rise@0.000ns - sys_clk_pin rise@0.000ns)
  Data Path Delay:        0.488ns  (logic 0.186ns (38.093%)  route 0.302ns (61.907%))
  Logic Levels:           1  (LUT1=1)
  Clock Path Skew:        0.000ns (DCD - SCD - CPR)
    Destination Clock Delay (DCD):    1.959ns
    Source Clock Delay      (SCD):    1.446ns
    Clock Pessimism Removal (CPR):    0.513ns

    Location             Delay type                Incr(ns)  Path(ns)    Netlist Resource(s)
  -------------------------------------------------------------------    -------------------
                         (clock sys_clk_pin rise edge)
                                                      0.000     0.000 r  
    W5                                                0.000     0.000 r  clk (IN)
                         net (fo=0)                   0.000     0.000    clk
    W5                   IBUF (Prop_ibuf_I_O)         0.226     0.226 r  clk_IBUF_inst/O
                         net (fo=1, routed)           0.631     0.858    clk_IBUF
    BUFGCTRL_X0Y1        BUFG (Prop_bufg_I_O)         0.026     0.884 r  clk_IBUF_BUFG_inst/O
                         net (fo=7, routed)           0.563     1.446    u/clk
    SLICE_X37Y46         FDRE                                         r  u/clk_div_reg[0]/C
  -------------------------------------------------------------------    -------------------
    SLICE_X37Y46         FDRE (Prop_fdre_C_Q)         0.141     1.587 f  u/clk_div_reg[0]/Q
                         net (fo=7, routed)           0.302     1.889    u/clk_div_reg_n_0_[0]
    SLICE_X37Y46         LUT1 (Prop_lut1_I0_O)        0.045     1.934 r  u/clk_div[0]_i_1/O
                         net (fo=1, routed)           0.000     1.934    u/p_0_in__0[0]
    SLICE_X37Y46         FDRE                                         r  u/clk_div_reg[0]/D
  -------------------------------------------------------------------    -------------------

                         (clock sys_clk_pin rise edge)
                                                      0.000     0.000 r  
    W5                                                0.000     0.000 r  clk (IN)
                         net (fo=0)                   0.000     0.000    clk
    W5                   IBUF (Prop_ibuf_I_O)         0.414     0.414 r  clk_IBUF_inst/O
                         net (fo=1, routed)           0.685     1.099    clk_IBUF
    BUFGCTRL_X0Y1        BUFG (Prop_bufg_I_O)         0.029     1.128 r  clk_IBUF_BUFG_inst/O
                         net (fo=7, routed)           0.832     1.959    u/clk
    SLICE_X37Y46         FDRE                                         r  u/clk_div_reg[0]/C
                         clock pessimism             -0.513     1.446    
    SLICE_X37Y46         FDRE (Hold_fdre_C_D)         0.091     1.537    u/clk_div_reg[0]
  -------------------------------------------------------------------
                         required time                         -1.537    
                         arrival time                           1.934    
  -------------------------------------------------------------------
                         slack                                  0.397    





Pulse Width Checks
--------------------------------------------------------------------------------------
Clock Name:         sys_clk_pin
Waveform(ns):       { 0.000 5.000 }
Period(ns):         10.000
Sources:            { clk }

Check Type        Corner  Lib Pin  Reference Pin  Required(ns)  Actual(ns)  Slack(ns)  Location       Pin
Min Period        n/a     BUFG/I   n/a            2.155         10.000      7.845      BUFGCTRL_X0Y1  clk_IBUF_BUFG_inst/I
Min Period        n/a     FDRE/C   n/a            1.000         10.000      9.000      SLICE_X37Y46   u/clk_div_reg[0]/C
Min Period        n/a     FDRE/C   n/a            1.000         10.000      9.000      SLICE_X37Y46   u/clk_div_reg[1]/C
Min Period        n/a     FDRE/C   n/a            1.000         10.000      9.000      SLICE_X37Y46   u/clk_div_reg[2]/C
Min Period        n/a     FDRE/C   n/a            1.000         10.000      9.000      SLICE_X37Y46   u/clk_div_reg[3]/C
Min Period        n/a     FDRE/C   n/a            1.000         10.000      9.000      SLICE_X36Y46   u/clk_div_reg[4]/C
Min Period        n/a     FDRE/C   n/a            1.000         10.000      9.000      SLICE_X37Y46   u/clk_div_reg[5]/C
Min Period        n/a     FDRE/C   n/a            1.000         10.000      9.000      SLICE_X36Y46   u/clk_div_reg[6]/C
Low Pulse Width   Slow    FDRE/C   n/a            0.500         5.000       4.500      SLICE_X37Y46   u/clk_div_reg[0]/C
Low Pulse Width   Fast    FDRE/C   n/a            0.500         5.000       4.500      SLICE_X37Y46   u/clk_div_reg[0]/C
Low Pulse Width   Slow    FDRE/C   n/a            0.500         5.000       4.500      SLICE_X37Y46   u/clk_div_reg[1]/C
Low Pulse Width   Fast    FDRE/C   n/a            0.500         5.000       4.500      SLICE_X37Y46   u/clk_div_reg[1]/C
Low Pulse Width   Slow    FDRE/C   n/a            0.500         5.000       4.500      SLICE_X37Y46   u/clk_div_reg[2]/C
Low Pulse Width   Fast    FDRE/C   n/a            0.500         5.000       4.500      SLICE_X37Y46   u/clk_div_reg[2]/C
Low Pulse Width   Slow    FDRE/C   n/a            0.500         5.000       4.500      SLICE_X37Y46   u/clk_div_reg[3]/C
Low Pulse Width   Fast    FDRE/C   n/a            0.500         5.000       4.500      SLICE_X37Y46   u/clk_div_reg[3]/C
Low Pulse Width   Slow    FDRE/C   n/a            0.500         5.000       4.500      SLICE_X36Y46   u/clk_div_reg[4]/C
Low Pulse Width   Fast    FDRE/C   n/a            0.500         5.000       4.500      SLICE_X36Y46   u/clk_div_reg[4]/C
High Pulse Width  Slow    FDRE/C   n/a            0.500         5.000       4.500      SLICE_X37Y46   u/clk_div_reg[0]/C
High Pulse Width  Fast    FDRE/C   n/a            0.500         5.000       4.500      SLICE_X37Y46   u/clk_div_reg[0]/C
High Pulse Width  Slow    FDRE/C   n/a            0.500         5.000       4.500      SLICE_X37Y46   u/clk_div_reg[1]/C
High Pulse Width  Fast    FDRE/C   n/a            0.500         5.000       4.500      SLICE_X37Y46   u/clk_div_reg[1]/C
High Pulse Width  Slow    FDRE/C   n/a            0.500         5.000       4.500      SLICE_X37Y46   u/clk_div_reg[2]/C
High Pulse Width  Fast    FDRE/C   n/a            0.500         5.000       4.500      SLICE_X37Y46   u/clk_div_reg[2]/C
High Pulse Width  Slow    FDRE/C   n/a            0.500         5.000       4.500      SLICE_X37Y46   u/clk_div_reg[3]/C
High Pulse Width  Fast    FDRE/C   n/a            0.500         5.000       4.500      SLICE_X37Y46   u/clk_div_reg[3]/C
High Pulse Width  Slow    FDRE/C   n/a            0.500         5.000       4.500      SLICE_X36Y46   u/clk_div_reg[4]/C
High Pulse Width  Fast    FDRE/C   n/a            0.500         5.000       4.500      SLICE_X36Y46   u/clk_div_reg[4]/C



--------------------------------------------------------------------------------------
Path Group:  (none)
From Clock:  
  To Clock:  

Max Delay            92 Endpoints
Min Delay            92 Endpoints
--------------------------------------------------------------------------------------


Max Delay Paths
--------------------------------------------------------------------------------------
Slack:                    inf
  Source:                 u/adc0_reg[6]/C
                            (rising edge-triggered cell FDRE)
  Destination:            led[0]
                            (output port)
  Path Group:             (none)
  Path Type:              Max at Slow Process Corner
  Data Path Delay:        10.668ns  (logic 4.632ns (43.417%)  route 6.036ns (56.583%))
  Logic Levels:           4  (FDRE=1 LUT4=1 LUT5=1 OBUF=1)

    Location             Delay type                Incr(ns)  Path(ns)    Netlist Resource(s)
  -------------------------------------------------------------------    -------------------
    SLICE_X2Y89          FDRE                         0.000     0.000 r  u/adc0_reg[6]/C
    SLICE_X2Y89          FDRE (Prop_fdre_C_Q)         0.478     0.478 r  u/adc0_reg[6]/Q
                         net (fo=2, routed)           0.802     1.280    u/adc0[6]
    SLICE_X1Y89          LUT4 (Prop_lut4_I3_O)        0.323     1.603 f  u/led_OBUF[0]_inst_i_2/O
                         net (fo=1, routed)           0.433     2.036    u/led_OBUF[0]_inst_i_2_n_0
    SLICE_X1Y89          LUT5 (Prop_lut5_I4_O)        0.326     2.362 r  u/led_OBUF[0]_inst_i_1/O
                         net (fo=1, routed)           4.801     7.163    led_OBUF[0]
    U16                  OBUF (Prop_obuf_I_O)         3.505    10.668 r  led_OBUF[0]_inst/O
                         net (fo=0)                   0.000    10.668    led[0]
    U16                                                               r  led[0] (OUT)
  -------------------------------------------------------------------    -------------------

Slack:                    inf
  Source:                 u/adc1_reg[6]/C
                            (rising edge-triggered cell FDRE)
  Destination:            led[5]
                            (output port)
  Path Group:             (none)
  Path Type:              Max at Slow Process Corner
  Data Path Delay:        10.412ns  (logic 4.446ns (42.706%)  route 5.965ns (57.294%))
  Logic Levels:           4  (FDRE=1 LUT4=1 LUT5=1 OBUF=1)

    Location             Delay type                Incr(ns)  Path(ns)    Netlist Resource(s)
  -------------------------------------------------------------------    -------------------
    SLICE_X1Y88          FDRE                         0.000     0.000 r  u/adc1_reg[6]/C
    SLICE_X1Y88          FDRE (Prop_fdre_C_Q)         0.456     0.456 f  u/adc1_reg[6]/Q
                         net (fo=2, routed)           0.901     1.357    u/p_0_in[2]
    SLICE_X1Y88          LUT4 (Prop_lut4_I3_O)        0.150     1.507 f  u/led_OBUF[5]_inst_i_2/O
                         net (fo=1, routed)           0.296     1.803    u/led_OBUF[5]_inst_i_2_n_0
    SLICE_X1Y87          LUT5 (Prop_lut5_I4_O)        0.326     2.129 r  u/led_OBUF[5]_inst_i_1/O
                         net (fo=1, routed)           4.769     6.897    led_OBUF[5]
    U15                  OBUF (Prop_obuf_I_O)         3.514    10.412 r  led_OBUF[5]_inst/O
                         net (fo=0)                   0.000    10.412    led[5]
    U15                                                               r  led[5] (OUT)
  -------------------------------------------------------------------    -------------------

Slack:                    inf
  Source:                 u/adc1_reg[6]/C
                            (rising edge-triggered cell FDRE)
  Destination:            led[10]
                            (output port)
  Path Group:             (none)
  Path Type:              Max at Slow Process Corner
  Data Path Delay:        10.410ns  (logic 4.229ns (40.627%)  route 6.181ns (59.373%))
  Logic Levels:           4  (FDRE=1 LUT4=1 LUT5=1 OBUF=1)

    Location             Delay type                Incr(ns)  Path(ns)    Netlist Resource(s)
  -------------------------------------------------------------------    -------------------
    SLICE_X1Y88          FDRE                         0.000     0.000 r  u/adc1_reg[6]/C
    SLICE_X1Y88          FDRE (Prop_fdre_C_Q)         0.456     0.456 r  u/adc1_reg[6]/Q
                         net (fo=2, routed)           0.901     1.357    u/p_0_in[2]
    SLICE_X1Y88          LUT4 (Prop_lut4_I3_O)        0.124     1.481 f  u/led_OBUF[10]_inst_i_2/O
                         net (fo=1, routed)           0.546     2.027    u/led_OBUF[10]_inst_i_2_n_0
    SLICE_X1Y87          LUT5 (Prop_lut5_I4_O)        0.124     2.151 r  u/led_OBUF[10]_inst_i_1/O
                         net (fo=1, routed)           4.734     6.885    led_OBUF[10]
    W3                   OBUF (Prop_obuf_I_O)         3.525    10.410 r  led_OBUF[10]_inst/O
                         net (fo=0)                   0.000    10.410    led[10]
    W3                                                                r  led[10] (OUT)
  -------------------------------------------------------------------    -------------------

Slack:                    inf
  Source:                 u/adc0_reg[6]/C
                            (rising edge-triggered cell FDRE)
  Destination:            led[15]
                            (output port)
  Path Group:             (none)
  Path Type:              Max at Slow Process Corner
  Data Path Delay:        8.986ns  (logic 4.418ns (49.171%)  route 4.567ns (50.829%))
  Logic Levels:           4  (FDRE=1 LUT4=1 LUT5=1 OBUF=1)

    Location             Delay type                Incr(ns)  Path(ns)    Netlist Resource(s)
  -------------------------------------------------------------------    -------------------
    SLICE_X2Y89          FDRE                         0.000     0.000 r  u/adc0_reg[6]/C
    SLICE_X2Y89          FDRE (Prop_fdre_C_Q)         0.478     0.478 f  u/adc0_reg[6]/Q
                         net (fo=2, routed)           0.802     1.280    u/adc0[6]
    SLICE_X1Y89          LUT4 (Prop_lut4_I3_O)        0.295     1.575 f  u/led_OBUF[15]_inst_i_2/O
                         net (fo=1, routed)           0.670     2.245    u/led_OBUF[15]_inst_i_2_n_0
    SLICE_X1Y89          LUT5 (Prop_lut5_I4_O)        0.124     2.369 r  u/led_OBUF[15]_inst_i_1/O
                         net (fo=1, routed)           3.095     5.464    led_OBUF[15]
    L1                   OBUF (Prop_obuf_I_O)         3.521     8.986 r  led_OBUF[15]_inst/O
                         net (fo=0)                   0.000     8.986    led[15]
    L1                                                                r  led[15] (OUT)
  -------------------------------------------------------------------    -------------------

Slack:                    inf
  Source:                 u/sclk_reg/C
                            (rising edge-triggered cell FDRE)
  Destination:            JB[3]
                            (output port)
  Path Group:             (none)
  Path Type:              Max at Slow Process Corner
  Data Path Delay:        6.838ns  (logic 3.959ns (57.896%)  route 2.879ns (42.104%))
  Logic Levels:           2  (FDRE=1 OBUF=1)

    Location             Delay type                Incr(ns)  Path(ns)    Netlist Resource(s)
  -------------------------------------------------------------------    -------------------
    SLICE_X1Y89          FDRE                         0.000     0.000 r  u/sclk_reg/C
    SLICE_X1Y89          FDRE (Prop_fdre_C_Q)         0.456     0.456 r  u/sclk_reg/Q
                         net (fo=5, routed)           2.879     3.335    JB_IBUF__0[3]
    B16                  OBUF (Prop_obuf_I_O)         3.503     6.838 r  JB_OBUF[3]_inst/O
                         net (fo=0)                   0.000     6.838    JB[3]
    B16                                                               r  JB[3] (INOUT)
  -------------------------------------------------------------------    -------------------

Slack:                    inf
  Source:                 u/cs_reg/C
                            (rising edge-triggered cell FDRE)
  Destination:            JB[0]
                            (output port)
  Path Group:             (none)
  Path Type:              Max at Slow Process Corner
  Data Path Delay:        6.778ns  (logic 3.976ns (58.655%)  route 2.803ns (41.345%))
  Logic Levels:           2  (FDRE=1 OBUF=1)

    Location             Delay type                Incr(ns)  Path(ns)    Netlist Resource(s)
  -------------------------------------------------------------------    -------------------
    SLICE_X0Y89          FDRE                         0.000     0.000 r  u/cs_reg/C
    SLICE_X0Y89          FDRE (Prop_fdre_C_Q)         0.456     0.456 r  u/cs_reg/Q
                         net (fo=1, routed)           2.803     3.259    JB_IBUF__0[0]
    A14                  OBUF (Prop_obuf_I_O)         3.520     6.778 r  JB_OBUF[0]_inst/O
                         net (fo=0)                   0.000     6.778    JB[0]
    A14                                                               r  JB[0] (INOUT)
  -------------------------------------------------------------------    -------------------

Slack:                    inf
  Source:                 JB[2]
                            (input port)
  Destination:            u/shift1_reg[2]_srl3/D
  Path Group:             (none)
  Path Type:              Max at Slow Process Corner
  Data Path Delay:        3.688ns  (logic 1.470ns (39.860%)  route 2.218ns (60.140%))
  Logic Levels:           1  (IBUF=1)

    Location             Delay type                Incr(ns)  Path(ns)    Netlist Resource(s)
  -------------------------------------------------------------------    -------------------
    B15                                               0.000     0.000 r  JB[2] (INOUT)
                         net (fo=0)                   0.000     0.000    JB[2]
    B15                  IBUF (Prop_ibuf_I_O)         1.470     1.470 r  JB_IBUF[2]_inst/O
                         net (fo=1, routed)           2.218     3.688    u/JB_IBUF[1]
    SLICE_X2Y88          SRL16E                                       r  u/shift1_reg[2]_srl3/D
  -------------------------------------------------------------------    -------------------

Slack:                    inf
  Source:                 JB[1]
                            (input port)
  Destination:            u/shift0_reg[2]_srl3/D
  Path Group:             (none)
  Path Type:              Max at Slow Process Corner
  Data Path Delay:        3.661ns  (logic 1.457ns (39.794%)  route 2.204ns (60.206%))
  Logic Levels:           1  (IBUF=1)

    Location             Delay type                Incr(ns)  Path(ns)    Netlist Resource(s)
  -------------------------------------------------------------------    -------------------
    A16                                               0.000     0.000 r  JB[1] (INOUT)
                         net (fo=0)                   0.000     0.000    JB[1]
    A16                  IBUF (Prop_ibuf_I_O)         1.457     1.457 r  JB_IBUF[1]_inst/O
                         net (fo=1, routed)           2.204     3.661    u/JB_IBUF[0]
    SLICE_X2Y88          SRL16E                                       r  u/shift0_reg[2]_srl3/D
  -------------------------------------------------------------------    -------------------

Slack:                    inf
  Source:                 u/sclk_reg/C
                            (rising edge-triggered cell FDRE)
  Destination:            u/FSM_onehot_state_reg[2]/D
  Path Group:             (none)
  Path Type:              Max at Slow Process Corner
  Data Path Delay:        2.424ns  (logic 0.732ns (30.198%)  route 1.692ns (69.802%))
  Logic Levels:           3  (FDRE=1 LUT4=1 LUT6=1)

    Location             Delay type                Incr(ns)  Path(ns)    Netlist Resource(s)
  -------------------------------------------------------------------    -------------------
    SLICE_X1Y89          FDRE                         0.000     0.000 r  u/sclk_reg/C
    SLICE_X1Y89          FDRE (Prop_fdre_C_Q)         0.456     0.456 r  u/sclk_reg/Q
                         net (fo=5, routed)           0.877     1.333    u/JB_IBUF__0[1]
    SLICE_X0Y87          LUT6 (Prop_lut6_I5_O)        0.124     1.457 r  u/FSM_onehot_state[2]_i_3/O
                         net (fo=2, routed)           0.815     2.272    u/FSM_onehot_state[2]_i_3_n_0
    SLICE_X0Y88          LUT4 (Prop_lut4_I2_O)        0.152     2.424 r  u/FSM_onehot_state[2]_i_1/O
                         net (fo=1, routed)           0.000     2.424    u/FSM_onehot_state[2]_i_1_n_0
    SLICE_X0Y88          FDRE                                         r  u/FSM_onehot_state_reg[2]/D
  -------------------------------------------------------------------    -------------------

Slack:                    inf
  Source:                 u/sclk_reg/C
                            (rising edge-triggered cell FDRE)
  Destination:            u/FSM_onehot_state_reg[1]/D
  Path Group:             (none)
  Path Type:              Max at Slow Process Corner
  Data Path Delay:        2.396ns  (logic 0.704ns (29.382%)  route 1.692ns (70.618%))
  Logic Levels:           3  (FDRE=1 LUT4=1 LUT6=1)

    Location             Delay type                Incr(ns)  Path(ns)    Netlist Resource(s)
  -------------------------------------------------------------------    -------------------
    SLICE_X1Y89          FDRE                         0.000     0.000 r  u/sclk_reg/C
    SLICE_X1Y89          FDRE (Prop_fdre_C_Q)         0.456     0.456 f  u/sclk_reg/Q
                         net (fo=5, routed)           0.877     1.333    u/JB_IBUF__0[1]
    SLICE_X0Y87          LUT6 (Prop_lut6_I5_O)        0.124     1.457 f  u/FSM_onehot_state[2]_i_3/O
                         net (fo=2, routed)           0.815     2.272    u/FSM_onehot_state[2]_i_3_n_0
    SLICE_X0Y88          LUT4 (Prop_lut4_I1_O)        0.124     2.396 r  u/FSM_onehot_state[1]_i_1/O
                         net (fo=1, routed)           0.000     2.396    u/FSM_onehot_state[1]_i_1_n_0
    SLICE_X0Y88          FDRE                                         r  u/FSM_onehot_state_reg[1]/D
  -------------------------------------------------------------------    -------------------





Min Delay Paths
--------------------------------------------------------------------------------------
Slack:                    inf
  Source:                 u/shift0_reg[7]/C
                            (rising edge-triggered cell FDRE)
  Destination:            u/adc0_reg[8]/D
  Path Group:             (none)
  Path Type:              Min at Fast Process Corner
  Data Path Delay:        0.187ns  (logic 0.128ns (68.397%)  route 0.059ns (31.603%))
  Logic Levels:           1  (FDRE=1)

    Location             Delay type                Incr(ns)  Path(ns)    Netlist Resource(s)
  -------------------------------------------------------------------    -------------------
    SLICE_X3Y89          FDRE                         0.000     0.000 r  u/shift0_reg[7]/C
    SLICE_X3Y89          FDRE (Prop_fdre_C_Q)         0.128     0.128 r  u/shift0_reg[7]/Q
                         net (fo=2, routed)           0.059     0.187    u/shift0[7]
    SLICE_X2Y89          FDRE                                         r  u/adc0_reg[8]/D
  -------------------------------------------------------------------    -------------------

Slack:                    inf
  Source:                 u/shift0_reg[8]/C
                            (rising edge-triggered cell FDRE)
  Destination:            u/adc0_reg[9]/D
  Path Group:             (none)
  Path Type:              Min at Fast Process Corner
  Data Path Delay:        0.202ns  (logic 0.128ns (63.513%)  route 0.074ns (36.487%))
  Logic Levels:           1  (FDRE=1)

    Location             Delay type                Incr(ns)  Path(ns)    Netlist Resource(s)
  -------------------------------------------------------------------    -------------------
    SLICE_X3Y89          FDRE                         0.000     0.000 r  u/shift0_reg[8]/C
    SLICE_X3Y89          FDRE (Prop_fdre_C_Q)         0.128     0.128 r  u/shift0_reg[8]/Q
                         net (fo=2, routed)           0.074     0.202    u/shift0[8]
    SLICE_X2Y89          FDRE                                         r  u/adc0_reg[9]/D
  -------------------------------------------------------------------    -------------------

Slack:                    inf
  Source:                 u/shift0_reg[4]/C
                            (rising edge-triggered cell FDRE)
  Destination:            u/adc0_reg[5]/D
  Path Group:             (none)
  Path Type:              Min at Fast Process Corner
  Data Path Delay:        0.205ns  (logic 0.141ns (68.701%)  route 0.064ns (31.299%))
  Logic Levels:           1  (FDRE=1)

    Location             Delay type                Incr(ns)  Path(ns)    Netlist Resource(s)
  -------------------------------------------------------------------    -------------------
    SLICE_X3Y89          FDRE                         0.000     0.000 r  u/shift0_reg[4]/C
    SLICE_X3Y89          FDRE (Prop_fdre_C_Q)         0.141     0.141 r  u/shift0_reg[4]/Q
                         net (fo=2, routed)           0.064     0.205    u/shift0[4]
    SLICE_X2Y89          FDRE                                         r  u/adc0_reg[5]/D
  -------------------------------------------------------------------    -------------------

Slack:                    inf
  Source:                 u/shift0_reg[9]/C
                            (rising edge-triggered cell FDRE)
  Destination:            u/shift0_reg[10]/D
  Path Group:             (none)
  Path Type:              Min at Fast Process Corner
  Data Path Delay:        0.252ns  (logic 0.128ns (50.776%)  route 0.124ns (49.224%))
  Logic Levels:           1  (FDRE=1)

    Location             Delay type                Incr(ns)  Path(ns)    Netlist Resource(s)
  -------------------------------------------------------------------    -------------------
    SLICE_X3Y89          FDRE                         0.000     0.000 r  u/shift0_reg[9]/C
    SLICE_X3Y89          FDRE (Prop_fdre_C_Q)         0.128     0.128 r  u/shift0_reg[9]/Q
                         net (fo=2, routed)           0.124     0.252    u/shift0[9]
    SLICE_X3Y89          FDRE                                         r  u/shift0_reg[10]/D
  -------------------------------------------------------------------    -------------------

Slack:                    inf
  Source:                 u/shift0_reg[8]/C
                            (rising edge-triggered cell FDRE)
  Destination:            u/shift0_reg[9]/D
  Path Group:             (none)
  Path Type:              Min at Fast Process Corner
  Data Path Delay:        0.262ns  (logic 0.128ns (48.892%)  route 0.134ns (51.108%))
  Logic Levels:           1  (FDRE=1)

    Location             Delay type                Incr(ns)  Path(ns)    Netlist Resource(s)
  -------------------------------------------------------------------    -------------------
    SLICE_X3Y89          FDRE                         0.000     0.000 r  u/shift0_reg[8]/C
    SLICE_X3Y89          FDRE (Prop_fdre_C_Q)         0.128     0.128 r  u/shift0_reg[8]/Q
                         net (fo=2, routed)           0.134     0.262    u/shift0[8]
    SLICE_X3Y89          FDRE                                         r  u/shift0_reg[9]/D
  -------------------------------------------------------------------    -------------------

Slack:                    inf
  Source:                 u/shift0_reg[6]/C
                            (rising edge-triggered cell FDRE)
  Destination:            u/adc0_reg[7]/D
  Path Group:             (none)
  Path Type:              Min at Fast Process Corner
  Data Path Delay:        0.262ns  (logic 0.141ns (53.843%)  route 0.121ns (46.157%))
  Logic Levels:           1  (FDRE=1)

    Location             Delay type                Incr(ns)  Path(ns)    Netlist Resource(s)
  -------------------------------------------------------------------    -------------------
    SLICE_X3Y89          FDRE                         0.000     0.000 r  u/shift0_reg[6]/C
    SLICE_X3Y89          FDRE (Prop_fdre_C_Q)         0.141     0.141 r  u/shift0_reg[6]/Q
                         net (fo=2, routed)           0.121     0.262    u/shift0[6]
    SLICE_X2Y89          FDRE                                         r  u/adc0_reg[7]/D
  -------------------------------------------------------------------    -------------------

Slack:                    inf
  Source:                 u/shift0_reg[3]/C
                            (rising edge-triggered cell FDRE)
  Destination:            u/shift0_reg[4]/D
  Path Group:             (none)
  Path Type:              Min at Fast Process Corner
  Data Path Delay:        0.266ns  (logic 0.148ns (55.537%)  route 0.118ns (44.463%))
  Logic Levels:           1  (FDRE=1)

    Location             Delay type                Incr(ns)  Path(ns)    Netlist Resource(s)
  -------------------------------------------------------------------    -------------------
    SLICE_X2Y88          FDRE                         0.000     0.000 r  u/shift0_reg[3]/C
    SLICE_X2Y88          FDRE (Prop_fdre_C_Q)         0.148     0.148 r  u/shift0_reg[3]/Q
                         net (fo=2, routed)           0.118     0.266    u/shift0[3]
    SLICE_X3Y89          FDRE                                         r  u/shift0_reg[4]/D
  -------------------------------------------------------------------    -------------------

Slack:                    inf
  Source:                 u/shift1_reg[7]/C
                            (rising edge-triggered cell FDRE)
  Destination:            u/adc1_reg[8]/D
  Path Group:             (none)
  Path Type:              Min at Fast Process Corner
  Data Path Delay:        0.277ns  (logic 0.164ns (59.176%)  route 0.113ns (40.824%))
  Logic Levels:           1  (FDRE=1)

    Location             Delay type                Incr(ns)  Path(ns)    Netlist Resource(s)
  -------------------------------------------------------------------    -------------------
    SLICE_X2Y87          FDRE                         0.000     0.000 r  u/shift1_reg[7]/C
    SLICE_X2Y87          FDRE (Prop_fdre_C_Q)         0.164     0.164 r  u/shift1_reg[7]/Q
                         net (fo=2, routed)           0.113     0.277    u/shift1[7]
    SLICE_X1Y87          FDRE                                         r  u/adc1_reg[8]/D
  -------------------------------------------------------------------    -------------------

Slack:                    inf
  Source:                 u/FSM_onehot_state_reg[2]/C
                            (rising edge-triggered cell FDRE)
  Destination:            u/adc0_reg[10]/CE
  Path Group:             (none)
  Path Type:              Min at Fast Process Corner
  Data Path Delay:        0.293ns  (logic 0.128ns (43.636%)  route 0.165ns (56.364%))
  Logic Levels:           1  (FDRE=1)

    Location             Delay type                Incr(ns)  Path(ns)    Netlist Resource(s)
  -------------------------------------------------------------------    -------------------
    SLICE_X0Y88          FDRE                         0.000     0.000 r  u/FSM_onehot_state_reg[2]/C
    SLICE_X0Y88          FDRE (Prop_fdre_C_Q)         0.128     0.128 r  u/FSM_onehot_state_reg[2]/Q
                         net (fo=24, routed)          0.165     0.293    u/sclk0
    SLICE_X2Y89          FDRE                                         r  u/adc0_reg[10]/CE
  -------------------------------------------------------------------    -------------------

Slack:                    inf
  Source:                 u/FSM_onehot_state_reg[2]/C
                            (rising edge-triggered cell FDRE)
  Destination:            u/adc0_reg[11]/CE
  Path Group:             (none)
  Path Type:              Min at Fast Process Corner
  Data Path Delay:        0.293ns  (logic 0.128ns (43.636%)  route 0.165ns (56.364%))
  Logic Levels:           1  (FDRE=1)

    Location             Delay type                Incr(ns)  Path(ns)    Netlist Resource(s)
  -------------------------------------------------------------------    -------------------
    SLICE_X0Y88          FDRE                         0.000     0.000 r  u/FSM_onehot_state_reg[2]/C
    SLICE_X0Y88          FDRE (Prop_fdre_C_Q)         0.128     0.128 r  u/FSM_onehot_state_reg[2]/Q
                         net (fo=24, routed)          0.165     0.293    u/sclk0
    SLICE_X2Y89          FDRE                                         r  u/adc0_reg[11]/CE
  -------------------------------------------------------------------    -------------------





