#-----------------------------------------------------------
# Vivado v2024.2 (64-bit)
# SW Build 5239630 on Fri Nov 08 22:35:27 MST 2024
# IP Build 5239520 on Sun Nov 10 16:12:51 MST 2024
# SharedData Build 5239561 on Fri Nov 08 14:39:27 MST 2024
# Start of session at: Mon Dec  8 08:46:17 2025
# Process ID         : 27556
# Current directory  : C:/Users/ian2112/Documents/final_new/ECEN-340/Final Lab/Joystick/Joystick
# Command line       : vivado.exe -gui_launcher_event rodinguilauncherevent2088 C:\Users\ian2112\Documents\final_new\ECEN-340\Final Lab\Joystick\Joystick\Joystick.xpr
# Log file           : C:/Users/ian2112/Documents/final_new/ECEN-340/Final Lab/Joystick/Joystick/vivado.log
# Journal file       : C:/Users/ian2112/Documents/final_new/ECEN-340/Final Lab/Joystick/Joystick\vivado.jou
# Running On         : 25STC151L17
# Platform           : Windows Server 2016 or Windows 10
# Operating System   : 26100
# Processor Detail   : Intel(R) Core(TM) Ultra 7 265
# CPU Frequency      : 2381 MHz
# CPU Physical cores : 20
# CPU Logical cores  : 20
# Host memory        : 33775 MB
# Swap memory        : 3145 MB
# Total Virtual      : 36921 MB
# Available Virtual  : 22816 MB
#-----------------------------------------------------------
start_gui
open_project {C:/Users/ian2112/Documents/final_new/ECEN-340/Final Lab/Joystick/Joystick/Joystick.xpr}
INFO: [Project 1-313] Project file moved from 'C:/Users/slricks340/Desktop/ECEN 340 Seth Ricks Ian Fleming/ECEN-340/Final Lab/Joystick/Joystick' since last save.
INFO: [filemgmt 56-3] Default IP Output Path : Could not find the directory 'C:/Users/ian2112/Documents/final_new/ECEN-340/Final Lab/Joystick/Joystick/Joystick.gen/sources_1'.
WARNING: [filemgmt 56-3] IPUserFilesDir: Could not find the directory 'C:/Users/ian2112/Documents/final_new/ECEN-340/Final Lab/Joystick/Joystick/Joystick.ip_user_files'.
Scanning sources...
Finished scanning sources
INFO: [IP_Flow 19-234] Refreshing IP repositories
INFO: [IP_Flow 19-1704] No user IP repositories specified
INFO: [IP_Flow 19-2313] Loaded Vivado IP repository 'C:/Xilinx/Vivado/2024.2/data/ip'.
update_compile_order -fileset sources_1
exit
INFO: [Common 17-206] Exiting Vivado at Mon Dec  8 08:47:59 2025...
