Archive member included to satisfy reference by file (symbol)

C:/ST/STM32CubeIDE_2.0.0/STM32CubeIDE/plugins/com.st.stm32cube.ide.mcu.externaltools.gnu-tools-for-stm32.13.3.rel1.win32_1.0.100.202509120712/tools/bin/../lib/gcc/arm-none-eabi/13.3.1/../../../../arm-none-eabi/lib/thumb/v7e-m+fp/hard\libc_nano.a(libc_a-exit.o)
                              C:/ST/STM32CubeIDE_2.0.0/STM32CubeIDE/plugins/com.st.stm32cube.ide.mcu.externaltools.gnu-tools-for-stm32.13.3.rel1.win32_1.0.100.202509120712/tools/bin/../lib/gcc/arm-none-eabi/13.3.1/../../../../arm-none-eabi/lib/thumb/v7e-m+fp/hard/crt0.o (exit)
C:/ST/STM32CubeIDE_2.0.0/STM32CubeIDE/plugins/com.st.stm32cube.ide.mcu.externaltools.gnu-tools-for-stm32.13.3.rel1.win32_1.0.100.202509120712/tools/bin/../lib/gcc/arm-none-eabi/13.3.1/../../../../arm-none-eabi/lib/thumb/v7e-m+fp/hard\libc_nano.a(libc_a-rand.o)
                              ./Core/Src/main.o (srand)
C:/ST/STM32CubeIDE_2.0.0/STM32CubeIDE/plugins/com.st.stm32cube.ide.mcu.externaltools.gnu-tools-for-stm32.13.3.rel1.win32_1.0.100.202509120712/tools/bin/../lib/gcc/arm-none-eabi/13.3.1/../../../../arm-none-eabi/lib/thumb/v7e-m+fp/hard\libc_nano.a(libc_a-ctype_.o)
                              ./Core/Src/main.o (_ctype_)
C:/ST/STM32CubeIDE_2.0.0/STM32CubeIDE/plugins/com.st.stm32cube.ide.mcu.externaltools.gnu-tools-for-stm32.13.3.rel1.win32_1.0.100.202509120712/tools/bin/../lib/gcc/arm-none-eabi/13.3.1/../../../../arm-none-eabi/lib/thumb/v7e-m+fp/hard\libc_nano.a(libc_a-findfp.o)
                              ./Middlewares/Third_Party/FreeRTOS/Source/tasks.o (__sf)
C:/ST/STM32CubeIDE_2.0.0/STM32CubeIDE/plugins/com.st.stm32cube.ide.mcu.externaltools.gnu-tools-for-stm32.13.3.rel1.win32_1.0.100.202509120712/tools/bin/../lib/gcc/arm-none-eabi/13.3.1/../../../../arm-none-eabi/lib/thumb/v7e-m+fp/hard\libc_nano.a(libc_a-fwalk.o)
                              C:/ST/STM32CubeIDE_2.0.0/STM32CubeIDE/plugins/com.st.stm32cube.ide.mcu.externaltools.gnu-tools-for-stm32.13.3.rel1.win32_1.0.100.202509120712/tools/bin/../lib/gcc/arm-none-eabi/13.3.1/../../../../arm-none-eabi/lib/thumb/v7e-m+fp/hard\libc_nano.a(libc_a-findfp.o) (_fwalk_sglue)
C:/ST/STM32CubeIDE_2.0.0/STM32CubeIDE/plugins/com.st.stm32cube.ide.mcu.externaltools.gnu-tools-for-stm32.13.3.rel1.win32_1.0.100.202509120712/tools/bin/../lib/gcc/arm-none-eabi/13.3.1/../../../../arm-none-eabi/lib/thumb/v7e-m+fp/hard\libc_nano.a(libc_a-printf.o)
                              ./Core/Src/main.o (printf)
C:/ST/STM32CubeIDE_2.0.0/STM32CubeIDE/plugins/com.st.stm32cube.ide.mcu.externaltools.gnu-tools-for-stm32.13.3.rel1.win32_1.0.100.202509120712/tools/bin/../lib/gcc/arm-none-eabi/13.3.1/../../../../arm-none-eabi/lib/thumb/v7e-m+fp/hard\libc_nano.a(libc_a-puts.o)
                              ./Core/Src/main.o (puts)
C:/ST/STM32CubeIDE_2.0.0/STM32CubeIDE/plugins/com.st.stm32cube.ide.mcu.externaltools.gnu-tools-for-stm32.13.3.rel1.win32_1.0.100.202509120712/tools/bin/../lib/gcc/arm-none-eabi/13.3.1/../../../../arm-none-eabi/lib/thumb/v7e-m+fp/hard\libc_nano.a(libc_a-stdio.o)
                              C:/ST/STM32CubeIDE_2.0.0/STM32CubeIDE/plugins/com.st.stm32cube.ide.mcu.externaltools.gnu-tools-for-stm32.13.3.rel1.win32_1.0.100.202509120712/tools/bin/../lib/gcc/arm-none-eabi/13.3.1/../../../../arm-none-eabi/lib/thumb/v7e-m+fp/hard\libc_nano.a(libc_a-findfp.o) (__sread)
C:/ST/STM32CubeIDE_2.0.0/STM32CubeIDE/plugins/com.st.stm32cube.ide.mcu.externaltools.gnu-tools-for-stm32.13.3.rel1.win32_1.0.100.202509120712/tools/bin/../lib/gcc/arm-none-eabi/13.3.1/../../../../arm-none-eabi/lib/thumb/v7e-m+fp/hard\libc_nano.a(libc_a-wbuf.o)
                              C:/ST/STM32CubeIDE_2.0.0/STM32CubeIDE/plugins/com.st.stm32cube.ide.mcu.externaltools.gnu-tools-for-stm32.13.3.rel1.win32_1.0.100.202509120712/tools/bin/../lib/gcc/arm-none-eabi/13.3.1/../../../../arm-none-eabi/lib/thumb/v7e-m+fp/hard\libc_nano.a(libc_a-puts.o) (__swbuf_r)
C:/ST/STM32CubeIDE_2.0.0/STM32CubeIDE/plugins/com.st.stm32cube.ide.mcu.externaltools.gnu-tools-for-stm32.13.3.rel1.win32_1.0.100.202509120712/tools/bin/../lib/gcc/arm-none-eabi/13.3.1/../../../../arm-none-eabi/lib/thumb/v7e-m+fp/hard\libc_nano.a(libc_a-wsetup.o)
                              C:/ST/STM32CubeIDE_2.0.0/STM32CubeIDE/plugins/com.st.stm32cube.ide.mcu.externaltools.gnu-tools-for-stm32.13.3.rel1.win32_1.0.100.202509120712/tools/bin/../lib/gcc/arm-none-eabi/13.3.1/../../../../arm-none-eabi/lib/thumb/v7e-m+fp/hard\libc_nano.a(libc_a-puts.o) (__swsetup_r)
C:/ST/STM32CubeIDE_2.0.0/STM32CubeIDE/plugins/com.st.stm32cube.ide.mcu.externaltools.gnu-tools-for-stm32.13.3.rel1.win32_1.0.100.202509120712/tools/bin/../lib/gcc/arm-none-eabi/13.3.1/../../../../arm-none-eabi/lib/thumb/v7e-m+fp/hard\libc_nano.a(libc_a-memset.o)
[...]
Memory Configuration

Name             Origin             Length             Attributes
RAM              0x20000000         0x00018000         xrw
RAM2             0x10000000         0x00008000         xrw
FLASH            0x08000000         0x00100000         xr
*default*        0x00000000         0xffffffff

Linker script and memory map

LOAD C:/ST/STM32CubeIDE_2.0.0/STM32CubeIDE/plugins/com.st.stm32cube.ide.mcu.externaltools.gnu-tools-for-stm32.13.3.rel1.win32_1.0.100.202509120712/tools/bin/../lib/gcc/arm-none-eabi/13.3.1/thumb/v7e-m+fp/hard/crti.o
LOAD C:/ST/STM32CubeIDE_2.0.0/STM32CubeIDE/plugins/com.st.stm32cube.ide.mcu.externaltools.gnu-tools-for-stm32.13.3.rel1.win32_1.0.100.202509120712/tools/bin/../lib/gcc/arm-none-eabi/13.3.1/thumb/v7e-m+fp/hard/crtbegin.o
LOAD C:/ST/STM32CubeIDE_2.0.0/STM32CubeIDE/plugins/com.st.stm32cube.ide.mcu.externaltools.gnu-tools-for-stm32.13.3.rel1.win32_1.0.100.202509120712/tools/bin/../lib/gcc/arm-none-eabi/13.3.1/../../../../arm-none-eabi/lib/thumb/v7e-m+fp/hard/crt0.o
LOAD ./Core/Src/MultiFunctionShield.o
LOAD ./Core/Src/freertos.o
LOAD ./Core/Src/main.o
LOAD ./Core/Src/stm32l4xx_hal_msp.o
LOAD ./Core/Src/stm32l4xx_hal_timebase_tim.o
LOAD ./Core/Src/stm32l4xx_it.o
LOAD ./Core/Src/syscalls.o
LOAD ./Core/Src/sysmem.o
LOAD ./Core/Src/system_stm32l4xx.o
LOAD ./Core/Startup/startup_stm32l476rgtx.o
LOAD ./Drivers/STM32L4xx_HAL_Driver/Src/stm32l4xx_hal.o
LOAD ./Drivers/STM32L4xx_HAL_Driver/Src/stm32l4xx_hal_cortex.o
LOAD ./Drivers/STM32L4xx_HAL_Driver/Src/stm32l4xx_hal_dma.o
LOAD ./Drivers/STM32L4xx_HAL_Driver/Src/stm32l4xx_hal_dma_ex.o
LOAD ./Drivers/STM32L4xx_HAL_Driver/Src/stm32l4xx_hal_exti.o
LOAD ./Drivers/STM32L4xx_HAL_Driver/Src/stm32l4xx_hal_flash.o
LOAD ./Drivers/STM32L4xx_HAL_Driver/Src/stm32l4xx_hal_flash_ex.o
LOAD ./Drivers/STM32L4xx_HAL_Driver/Src/stm32l4xx_hal_flash_ramfunc.o
LOAD ./Drivers/STM32L4xx_HAL_Driver/Src/stm32l4xx_hal_gpio.o
LOAD ./Drivers/STM32L4xx_HAL_Driver/Src/stm32l4xx_hal_i2c.o
LOAD ./Drivers/STM32L4xx_HAL_Driver/Src/stm32l4xx_hal_i2c_ex.o
LOAD ./Drivers/STM32L4xx_HAL_Driver/Src/stm32l4xx_hal_pwr.o
LOAD ./Drivers/STM32L4xx_HAL_Driver/Src/stm32l4xx_hal_pwr_ex.o
LOAD ./Drivers/STM32L4xx_HAL_Driver/Src/stm32l4xx_hal_rcc.o
LOAD ./Drivers/STM32L4xx_HAL_Driver/Src/stm32l4xx_hal_rcc_ex.o
LOAD ./Drivers/STM32L4xx_HAL_Driver/Src/stm32l4xx_hal_tim.o
LOAD ./Drivers/STM32L4xx_HAL_Driver/Src/stm32l4xx_hal_tim_ex.o
LOAD ./Drivers/STM32L4xx_HAL_Driver/Src/stm32l4xx_hal_uart.o
LOAD ./Drivers/STM32L4xx_HAL_Driver/Src/stm32l4xx_hal_uart_ex.o
LOAD ./Middlewares/Third_Party/FreeRTOS/Source/CMSIS_RTOS_V2/cmsis_os2.o
LOAD ./Middlewares/Third_Party/FreeRTOS/Source/croutine.o
LOAD ./Middlewares/Third_Party/FreeRTOS/Source/event_groups.o
LOAD ./Middlewares/Third_Party/FreeRTOS/Source/list.o
LOAD ./Middlewares/Third_Party/FreeRTOS/Source/queue.o
LOAD ./Middlewares/Third_Party/FreeRTOS/Source/stream_buffer.o
LOAD ./Middlewares/Third_Party/FreeRTOS/Source/tasks.o
LOAD ./Middlewares/Third_Party/FreeRTOS/Source/timers.o
LOAD ./Middlewares/Third_Party/FreeRTOS/Source/portable/GCC/ARM_CM4F/port.o
LOAD ./Middlewares/Third_Party/FreeRTOS/Source/portable/MemMang/heap_4.o
START GROUP
LOAD C:/ST/STM32CubeIDE_2.0.0/STM32CubeIDE/plugins/com.st.stm32cube.ide.mcu.externaltools.gnu-tools-for-stm32.13.3.rel1.win32_1.0.100.202509120712/tools/bin/../lib/gcc/arm-none-eabi/13.3.1/../../../../arm-none-eabi/lib/thumb/v7e-m+fp/hard\libc_nano.a
LOAD C:/ST/STM32CubeIDE_2.0.0/STM32CubeIDE/plugins/com.st.stm32cube.ide.mcu.externaltools.gnu-tools-for-stm32.13.3.rel1.win32_1.0.100.202509120712/tools/bin/../lib/gcc/arm-none-eabi/13.3.1/../../../../arm-none-eabi/lib/thumb/v7e-m+fp/hard\libm.a
END GROUP
START GROUP
LOAD C:/ST/STM32CubeIDE_2.0.0/STM32CubeIDE/plugins/com.st.stm32cube.ide.mcu.externaltools.gnu-tools-for-stm32.13.3.rel1.win32_1.0.100.202509120712/tools/bin/../lib/gcc/arm-none-eabi/13.3.1/thumb/v7e-m+fp/hard\libgcc.a
LOAD C:/ST/STM32CubeIDE_2.0.0/STM32CubeIDE/plugins/com.st.stm32cube.ide.mcu.externaltools.gnu-tools-for-stm32.13.3.rel1.win32_1.0.100.202509120712/tools/bin/../lib/gcc/arm-none-eabi/13.3.1/../../../../arm-none-eabi/lib/thumb/v7e-m+fp/hard\libc_nano.a
END GROUP
START GROUP
LOAD C:/ST/STM32CubeIDE_2.0.0/STM32CubeIDE/plugins/com.st.stm32cube.ide.mcu.externaltools.gnu-tools-for-stm32.13.3.rel1.win32_1.0.100.202509120712/tools/bin/../lib/gcc/arm-none-eabi/13.3.1/thumb/v7e-m+fp/hard\libgcc.a
LOAD C:/ST/STM32CubeIDE_2.0.0/STM32CubeIDE/plugins/com.st.stm32cube.ide.mcu.externaltools.gnu-tools-for-stm32.13.3.rel1.win32_1.0.100.202509120712/tools/bin/../lib/gcc/arm-none-eabi/13.3.1/../../../../arm-none-eabi/lib/thumb/v7e-m+fp/hard\libc_nano.a
LOAD C:/ST/STM32CubeIDE_2.0.0/STM32CubeIDE/plugins/com.st.stm32cube.ide.mcu.externaltools.gnu-tools-for-stm32.13.3.rel1.win32_1.0.100.202509120712/tools/bin/../lib/gcc/arm-none-eabi/13.3.1/../../../../arm-none-eabi/lib/thumb/v7e-m+fp/hard\libnosys.a
END GROUP
START GROUP
LOAD C:/ST/STM32CubeIDE_2.0.0/STM32CubeIDE/plugins/com.st.stm32cube.ide.mcu.externaltools.gnu-tools-for-stm32.13.3.rel1.win32_1.0.100.202509120712/tools/bin/../lib/gcc/arm-none-eabi/13.3.1/thumb/v7e-m+fp/hard\libgcc.a
LOAD C:/ST/STM32CubeIDE_2.0.0/STM32CubeIDE/plugins/com.st.stm32cube.ide.mcu.externaltools.gnu-tools-for-stm32.13.3.rel1.win32_1.0.100.202509120712/tools/bin/../lib/gcc/arm-none-eabi/13.3.1/../../../../arm-none-eabi/lib/thumb/v7e-m+fp/hard\libc_nano.a
LOAD C:/ST/STM32CubeIDE_2.0.0/STM32CubeIDE/plugins/com.st.stm32cube.ide.mcu.externaltools.gnu-tools-for-stm32.13.3.rel1.win32_1.0.100.202509120712/tools/bin/../lib/gcc/arm-none-eabi/13.3.1/../../../../arm-none-eabi/lib/thumb/v7e-m+fp/hard\libnosys.a
END GROUP
LOAD C:/ST/STM32CubeIDE_2.0.0/STM32CubeIDE/plugins/com.st.stm32cube.ide.mcu.externaltools.gnu-tools-for-stm32.13.3.rel1.win32_1.0.100.202509120712/tools/bin/../lib/gcc/arm-none-eabi/13.3.1/thumb/v7e-m+fp/hard/crtend.o
LOAD C:/ST/STM32CubeIDE_2.0.0/STM32CubeIDE/plugins/com.st.stm32cube.ide.mcu.externaltools.gnu-tools-for-stm32.13.3.rel1.win32_1.0.100.202509120712/tools/bin/../lib/gcc/arm-none-eabi/13.3.1/thumb/v7e-m+fp/hard/crtn.o
                0x20018000                        _estack = (ORIGIN (RAM) + LENGTH (RAM))
                0x00000200                        _Min_Heap_Size = 0x200
                0x00000400                        _Min_Stack_Size = 0x400

.isr_vector     0x08000000      0x188
                0x08000000                        . = ALIGN (0x4)
 *(.isr_vector)
 .isr_vector    0x08000000      0x188 ./Core/Startup/startup_stm32l476rgtx.o
                0x08000000                g_pfnVectors
                0x08000188                        . = ALIGN (0x4)

.text           0x08000190     0xaad0
                0x08000190                        . = ALIGN (0x4)
 *(.text)
 .text          0x08000190       0x40 C:/ST/STM32CubeIDE_2.0.0/STM32CubeIDE/plugins/com.st.stm32cube.ide.mcu.externaltools.gnu-tools-for-stm32.13.3.rel1.win32_1.0.100.202509120712/tools/bin/../lib/gcc/arm-none-eabi/13.3.1/thumb/v7e-m+fp/hard/crtbegin.o
 .text          0x080001d0       0xa0 C:/ST/STM32CubeIDE_2.0.0/STM32CubeIDE/plugins/com.st.stm32cube.ide.mcu.externaltools.gnu-tools-for-stm32.13.3.rel1.win32_1.0.100.202509120712/tools/bin/../lib/gcc/arm-none-eabi/13.3.1/../../../../arm-none-eabi/lib/thumb/v7e-m+fp/hard\libc_nano.a(libc_a-memchr.o)
                0x080001d0                memchr
 .text          0x08000270       0x30 C:/ST/STM32CubeIDE_2.0.0/STM32CubeIDE/plugins/com.st.stm32cube.ide.mcu.externaltools.gnu-tools-for-stm32.13.3.rel1.win32_1.0.100.202509120712/tools/bin/../lib/gcc/arm-none-eabi/13.3.1/thumb/v7e-m+fp/hard\libgcc.a(_aeabi_uldivmod.o)
                0x08000270                __aeabi_uldivmod
 .text          0x080002a0      0x2f8 C:/ST/STM32CubeIDE_2.0.0/STM32CubeIDE/plugins/com.st.stm32cube.ide.mcu.externaltools.gnu-tools-for-stm32.13.3.rel1.win32_1.0.100.202509120712/tools/bin/../lib/gcc/arm-none-eabi/13.3.1/thumb/v7e-m+fp/hard\libgcc.a(_udivmoddi4.o)
                0x080002a0                __udivmoddi4
 .text          0x08000598        0x4 C:/ST/STM32CubeIDE_2.0.0/STM32CubeIDE/plugins/com.st.stm32cube.ide.mcu.externaltools.gnu-tools-for-stm32.13.3.rel1.win32_1.0.100.202509120712/tools/bin/../lib/gcc/arm-none-eabi/13.3.1/thumb/v7e-m+fp/hard\libgcc.a(_dvmd_tls.o)
                0x08000598                __aeabi_idiv0
                0x08000598                __aeabi_ldiv0
 *(.text*)
 .text.shiftOut
                0x0800059c       0x9c ./Core/Src/MultiFunctionShield.o
                0x0800059c                shiftOut
 .text.Display_the_FULL
                0x08000638       0x2c ./Core/Src/MultiFunctionShield.o
                0x08000638                Display_the_FULL
 .text.MultiFunctionShield_Display
                0x08000664      0x234 ./Core/Src/MultiFunctionShield.o
                0x08000664                MultiFunctionShield_Display
 .text.Clear_LEDs
                0x08000898       0x3c ./Core/Src/MultiFunctionShield.o
                0x08000898                Clear_LEDs
 .text.MultiFunctionShield_Clear
                0x080008d4       0x2c ./Core/Src/MultiFunctionShield.o
                0x080008d4                MultiFunctionShield_Clear
 .text.MultiFunctionShield_WriteNumberToSegment
                0x08000900       0x74 ./Core/Src/MultiFunctionShield.o
                0x08000900                MultiFunctionShield_WriteNumberToSegment
 .text.MultiFunctionShield__ISRFunc
                0x08000974       0x64 ./Core/Src/MultiFunctionShield.o
                0x08000974                MultiFunctionShield__ISRFunc
 .text.get_random_char
                0x080009d8       0x34 ./Core/Src/main.o
                0x080009d8                get_random_char
 .text.main     0x08000a0c      0x19c ./Core/Src/main.o
                0x08000a0c                main
 .text.SystemClock_Config
                0x08000ba8       0xa2 ./Core/Src/main.o
                0x08000ba8                SystemClock_Config
 *fill*         0x08000c4a        0x2 
 .text.MX_TIM4_Init
                0x08000c4c       0xf0 ./Core/Src/main.o
 .text.MX_TIM7_Init
                0x08000d3c       0x70 ./Core/Src/main.o
 .text.MX_TIM17_Init
                0x08000dac       0x4c ./Core/Src/main.o
 .text.MX_USART2_UART_Init
                0x08000df8       0x60 ./Core/Src/main.o
 .text.MX_GPIO_Init
                0x08000e58      0x1a8 ./Core/Src/main.o
 .text.Random_Symbols_is_Running_Task
                0x08001000       0x40 ./Core/Src/main.o
                0x08001000                Random_Symbols_is_Running_Task
 .text.Random_lowercase_is_Running_Task
                0x08001040       0x40 ./Core/Src/main.o
                0x08001040                Random_lowercase_is_Running_Task
 .text.Process_Queue_Task
                0x08001080       0x64 ./Core/Src/main.o
                0x08001080                Process_Queue_Task
 .text.Display_Queue_Status_Task
                0x080010e4       0x54 ./Core/Src/main.o
                0x080010e4                Display_Queue_Status_Task
 .text.__io_putchar
                0x08001138       0x24 ./Core/Src/main.o
                0x08001138                __io_putchar
 .text.process_button_Task
                0x0800115c      0x1ec ./Core/Src/main.o
                0x0800115c                process_button_Task
 .text.HAL_GPIO_EXTI_Callback
                0x08001348       0x44 ./Core/Src/main.o
                0x08001348                HAL_GPIO_EXTI_Callback
 .text.StartDefaultTask
                0x0800138c       0x30 ./Core/Src/main.o
                0x0800138c                StartDefaultTask
 .text.Add_Random_Symbols_to_Queue
                0x080013bc       0x30 ./Core/Src/main.o
                0x080013bc                Add_Random_Symbols_to_Queue
 .text.Add_Random_lowercase_to_Queue
                0x080013ec       0x30 ./Core/Src/main.o
                0x080013ec                Add_Random_lowercase_to_Queue
 .text.HAL_TIM_PeriodElapsedCallback
                0x0800141c       0x30 ./Core/Src/main.o
                0x0800141c                HAL_TIM_PeriodElapsedCallback
 .text.HAL_UART_RxCpltCallback
                0x0800144c       0xe4 ./Core/Src/main.o
                0x0800144c                HAL_UART_RxCpltCallback
 .text.Error_Handler
                0x08001530        0xc ./Core/Src/main.o
                0x08001530                Error_Handler
 .text.HAL_MspInit
                0x0800153c       0x50 ./Core/Src/stm32l4xx_hal_msp.o
                0x0800153c                HAL_MspInit
 .text.HAL_TIM_Base_MspInit
                0x0800158c       0xac ./Core/Src/stm32l4xx_hal_msp.o
                0x0800158c                HAL_TIM_Base_MspInit
 .text.HAL_TIM_MspPostInit
                0x08001638       0x80 ./Core/Src/stm32l4xx_hal_msp.o
                0x08001638                HAL_TIM_MspPostInit
 .text.HAL_UART_MspInit
                0x080016b8       0xc8 ./Core/Src/stm32l4xx_hal_msp.o
                0x080016b8                HAL_UART_MspInit
 .text.HAL_InitTick
                0x08001780       0xf0 ./Core/Src/stm32l4xx_hal_timebase_tim.o
                0x08001780                HAL_InitTick
 .text.NMI_Handler
                0x08001870        0x8 ./Core/Src/stm32l4xx_it.o
                0x08001870                NMI_Handler
 .text.HardFault_Handler
                0x08001878        0x8 ./Core/Src/stm32l4xx_it.o
                0x08001878                HardFault_Handler
 .text.MemManage_Handler
                0x08001880        0x8 ./Core/Src/stm32l4xx_it.o
                0x08001880                MemManage_Handler
 .text.BusFault_Handler
                0x08001888        0x8 ./Core/Src/stm32l4xx_it.o
                0x08001888                BusFault_Handler
 .text.UsageFault_Handler
                0x08001890        0x8 ./Core/Src/stm32l4xx_it.o
                0x08001890                UsageFault_Handler
 .text.DebugMon_Handler
                0x08001898        0xe ./Core/Src/stm32l4xx_it.o
                0x08001898                DebugMon_Handler
 .text.EXTI0_IRQHandler
                0x080018a6        0xe ./Core/Src/stm32l4xx_it.o
                0x080018a6                EXTI0_IRQHandler
 .text.EXTI1_IRQHandler
                0x080018b4        0xe ./Core/Src/stm32l4xx_it.o
                0x080018b4                EXTI1_IRQHandler
 .text.EXTI4_IRQHandler
                0x080018c2        0xe ./Core/Src/stm32l4xx_it.o
                0x080018c2                EXTI4_IRQHandler
 .text.TIM1_TRG_COM_TIM17_IRQHandler
                0x080018d0       0x14 ./Core/Src/stm32l4xx_it.o
                0x080018d0                TIM1_TRG_COM_TIM17_IRQHandler
 .text.TIM2_IRQHandler
                0x080018e4       0x14 ./Core/Src/stm32l4xx_it.o
                0x080018e4                TIM2_IRQHandler
 .text.USART2_IRQHandler
                0x080018f8       0x14 ./Core/Src/stm32l4xx_it.o
                0x080018f8                USART2_IRQHandler
 .text.EXTI15_10_IRQHandler
                0x0800190c       0x10 ./Core/Src/stm32l4xx_it.o
                0x0800190c                EXTI15_10_IRQHandler
 .text.TIM7_IRQHandler
                0x0800191c       0x14 ./Core/Src/stm32l4xx_it.o
                0x0800191c                TIM7_IRQHandler
 .text._getpid  0x08001930       0x10 ./Core/Src/syscalls.o
                0x08001930                _getpid
 .text._kill    0x08001940       0x20 ./Core/Src/syscalls.o
                0x08001940                _kill
 .text._exit    0x08001960       0x16 ./Core/Src/syscalls.o
                0x08001960                _exit
 .text._read    0x08001976       0x3a ./Core/Src/syscalls.o
                0x08001976                _read
 .text._write   0x080019b0       0x38 ./Core/Src/syscalls.o
                0x080019b0                _write
 .text._close   0x080019e8       0x18 ./Core/Src/syscalls.o
                0x080019e8                _close
 .text._fstat   0x08001a00       0x20 ./Core/Src/syscalls.o
                0x08001a00                _fstat
 .text._isatty  0x08001a20       0x16 ./Core/Src/syscalls.o
                0x08001a20                _isatty
 .text._lseek   0x08001a36       0x1a ./Core/Src/syscalls.o
                0x08001a36                _lseek
 .text._sbrk    0x08001a50       0x6c ./Core/Src/sysmem.o
                0x08001a50                _sbrk
 .text.SystemInit
                0x08001abc       0x24 ./Core/Src/system_stm32l4xx.o
                0x08001abc                SystemInit
 .text.Reset_Handler
                0x08001ae0       0x50 ./Core/Startup/startup_stm32l476rgtx.o
                0x08001ae0                Reset_Handler
 .text.Default_Handler
                0x08001b30        0x2 ./Core/Startup/startup_stm32l476rgtx.o
                0x08001b30                RTC_Alarm_IRQHandler
                0x08001b30                EXTI2_IRQHandler
                0x08001b30                TIM8_TRG_COM_IRQHandler
                0x08001b30                TIM8_CC_IRQHandler
                0x08001b30                TIM1_CC_IRQHandler
                0x08001b30                TSC_IRQHandler
                0x08001b30                TAMP_STAMP_IRQHandler
                0x08001b30                EXTI3_IRQHandler
                0x08001b30                LPTIM2_IRQHandler
                0x08001b30                DFSDM1_FLT1_IRQHandler
                0x08001b30                I2C3_ER_IRQHandler
                0x08001b30                DFSDM1_FLT2_IRQHandler
                0x08001b30                I2C2_EV_IRQHandler
                0x08001b30                CAN1_RX0_IRQHandler
                0x08001b30                FPU_IRQHandler
                0x08001b30                TIM1_UP_TIM16_IRQHandler
                0x08001b30                ADC1_2_IRQHandler
                0x08001b30                SPI1_IRQHandler
                0x08001b30                TIM6_DAC_IRQHandler
                0x08001b30                TIM8_UP_IRQHandler
                0x08001b30                DMA2_Channel2_IRQHandler
                0x08001b30                DMA1_Channel4_IRQHandler
                0x08001b30                SAI2_IRQHandler
                0x08001b30                DFSDM1_FLT3_IRQHandler
                0x08001b30                USART3_IRQHandler
                0x08001b30                DMA1_Channel7_IRQHandler
                0x08001b30                CAN1_RX1_IRQHandler
                0x08001b30                LCD_IRQHandler
                0x08001b30                UART5_IRQHandler
                0x08001b30                ADC3_IRQHandler
                0x08001b30                TIM4_IRQHandler
                0x08001b30                DMA2_Channel1_IRQHandler
                0x08001b30                QUADSPI_IRQHandler
                0x08001b30                I2C1_EV_IRQHandler
                0x08001b30                DMA1_Channel6_IRQHandler
                0x08001b30                UART4_IRQHandler
                0x08001b30                DMA2_Channel4_IRQHandler
                0x08001b30                TIM3_IRQHandler
                0x08001b30                RCC_IRQHandler
                0x08001b30                DMA1_Channel1_IRQHandler
                0x08001b30                Default_Handler
                0x08001b30                DMA2_Channel7_IRQHandler
                0x08001b30                SDMMC1_IRQHandler
                0x08001b30                TIM5_IRQHandler
                0x08001b30                I2C3_EV_IRQHandler
                0x08001b30                EXTI9_5_IRQHandler
                0x08001b30                RTC_WKUP_IRQHandler
                0x08001b30                PVD_PVM_IRQHandler
                0x08001b30                SPI2_IRQHandler
                0x08001b30                CAN1_TX_IRQHandler
                0x08001b30                DMA2_Channel5_IRQHandler
                0x08001b30                DMA1_Channel5_IRQHandler
                0x08001b30                RNG_IRQHandler
                0x08001b30                DMA1_Channel3_IRQHandler
                0x08001b30                COMP_IRQHandler
                0x08001b30                WWDG_IRQHandler
                0x08001b30                LPUART1_IRQHandler
                0x08001b30                DMA2_Channel6_IRQHandler
                0x08001b30                DFSDM1_FLT0_IRQHandler
                0x08001b30                I2C2_ER_IRQHandler
                0x08001b30                DMA1_Channel2_IRQHandler
                0x08001b30                TIM8_BRK_IRQHandler
                0x08001b30                CAN1_SCE_IRQHandler
                0x08001b30                FLASH_IRQHandler
                0x08001b30                USART1_IRQHandler
                0x08001b30                OTG_FS_IRQHandler
                0x08001b30                SPI3_IRQHandler
                0x08001b30                I2C1_ER_IRQHandler
                0x08001b30                FMC_IRQHandler
                0x08001b30                SWPMI1_IRQHandler
                0x08001b30                LPTIM1_IRQHandler
                0x08001b30                SAI1_IRQHandler
                0x08001b30                DMA2_Channel3_IRQHandler
                0x08001b30                TIM1_BRK_TIM15_IRQHandler
 *fill*         0x08001b32        0x2 
 .text.HAL_Init
                0x08001b34       0x40 ./Drivers/STM32L4xx_HAL_Driver/Src/stm32l4xx_hal.o
                0x08001b34                HAL_Init
 .text.HAL_IncTick
                0x08001b74       0x28 ./Drivers/STM32L4xx_HAL_Driver/Src/stm32l4xx_hal.o
                0x08001b74                HAL_IncTick
 .text.HAL_GetTick
                0x08001b9c       0x18 ./Drivers/STM32L4xx_HAL_Driver/Src/stm32l4xx_hal.o
                0x08001b9c                HAL_GetTick
 .text.__NVIC_SetPriorityGrouping
                0x08001bb4       0x48 ./Drivers/STM32L4xx_HAL_Driver/Src/stm32l4xx_hal_cortex.o
 .text.__NVIC_GetPriorityGrouping
                0x08001bfc       0x1c ./Drivers/STM32L4xx_HAL_Driver/Src/stm32l4xx_hal_cortex.o
 .text.__NVIC_EnableIRQ
                0x08001c18       0x3c ./Drivers/STM32L4xx_HAL_Driver/Src/stm32l4xx_hal_cortex.o
 .text.__NVIC_SetPriority
                0x08001c54       0x54 ./Drivers/STM32L4xx_HAL_Driver/Src/stm32l4xx_hal_cortex.o
 .text.NVIC_EncodePriority
                0x08001ca8       0x66 ./Drivers/STM32L4xx_HAL_Driver/Src/stm32l4xx_hal_cortex.o
 .text.HAL_NVIC_SetPriorityGrouping
                0x08001d0e       0x16 ./Drivers/STM32L4xx_HAL_Driver/Src/stm32l4xx_hal_cortex.o
                0x08001d0e                HAL_NVIC_SetPriorityGrouping
 .text.HAL_NVIC_SetPriority
                0x08001d24       0x38 ./Drivers/STM32L4xx_HAL_Driver/Src/stm32l4xx_hal_cortex.o
                0x08001d24                HAL_NVIC_SetPriority
 .text.HAL_NVIC_EnableIRQ
                0x08001d5c       0x1c ./Drivers/STM32L4xx_HAL_Driver/Src/stm32l4xx_hal_cortex.o
                0x08001d5c                HAL_NVIC_EnableIRQ
 .text.HAL_DMA_Abort
                0x08001d78       0x82 ./Drivers/STM32L4xx_HAL_Driver/Src/stm32l4xx_hal_dma.o
                0x08001d78                HAL_DMA_Abort
 .text.HAL_DMA_Abort_IT
                0x08001dfa       0x82 ./Drivers/STM32L4xx_HAL_Driver/Src/stm32l4xx_hal_dma.o
                0x08001dfa                HAL_DMA_Abort_IT
 .text.HAL_GPIO_Init
                0x08001e7c      0x354 ./Drivers/STM32L4xx_HAL_Driver/Src/stm32l4xx_hal_gpio.o
                0x08001e7c                HAL_GPIO_Init
 .text.HAL_GPIO_WritePin
                0x080021d0       0x30 ./Drivers/STM32L4xx_HAL_Driver/Src/stm32l4xx_hal_gpio.o
                0x080021d0                HAL_GPIO_WritePin
 .text.HAL_GPIO_TogglePin
                0x08002200       0x34 ./Drivers/STM32L4xx_HAL_Driver/Src/stm32l4xx_hal_gpio.o
                0x08002200                HAL_GPIO_TogglePin
 .text.HAL_GPIO_EXTI_IRQHandler
                0x08002234       0x30 ./Drivers/STM32L4xx_HAL_Driver/Src/stm32l4xx_hal_gpio.o
                0x08002234                HAL_GPIO_EXTI_IRQHandler
 .text.HAL_PWREx_GetVoltageRange
                0x08002264       0x1c ./Drivers/STM32L4xx_HAL_Driver/Src/stm32l4xx_hal_pwr_ex.o
                0x08002264                HAL_PWREx_GetVoltageRange
 .text.HAL_PWREx_ControlVoltageScaling
                0x08002280       0xac ./Drivers/STM32L4xx_HAL_Driver/Src/stm32l4xx_hal_pwr_ex.o
                0x08002280                HAL_PWREx_ControlVoltageScaling
 .text.HAL_RCC_OscConfig
                0x0800232c      0x7b8 ./Drivers/STM32L4xx_HAL_Driver/Src/stm32l4xx_hal_rcc.o
                0x0800232c                HAL_RCC_OscConfig
 .text.HAL_RCC_ClockConfig
                0x08002ae4      0x200 ./Drivers/STM32L4xx_HAL_Driver/Src/stm32l4xx_hal_rcc.o
                0x08002ae4                HAL_RCC_ClockConfig
 .text.HAL_RCC_GetSysClockFreq
                0x08002ce4      0x118 ./Drivers/STM32L4xx_HAL_Driver/Src/stm32l4xx_hal_rcc.o
                0x08002ce4                HAL_RCC_GetSysClockFreq
 .text.HAL_RCC_GetHCLKFreq
                0x08002dfc       0x18 ./Drivers/STM32L4xx_HAL_Driver/Src/stm32l4xx_hal_rcc.o
                0x08002dfc                HAL_RCC_GetHCLKFreq
 .text.HAL_RCC_GetPCLK1Freq
                0x08002e14       0x2c ./Drivers/STM32L4xx_HAL_Driver/Src/stm32l4xx_hal_rcc.o
                0x08002e14                HAL_RCC_GetPCLK1Freq
 .text.HAL_RCC_GetPCLK2Freq
                0x08002e40       0x2c ./Drivers/STM32L4xx_HAL_Driver/Src/stm32l4xx_hal_rcc.o
                0x08002e40                HAL_RCC_GetPCLK2Freq
 .text.HAL_RCC_GetClockConfig
                0x08002e6c       0x64 ./Drivers/STM32L4xx_HAL_Driver/Src/stm32l4xx_hal_rcc.o
                0x08002e6c                HAL_RCC_GetClockConfig
 .text.RCC_SetFlashLatencyFromMSIRange
                0x08002ed0       0xc0 ./Drivers/STM32L4xx_HAL_Driver/Src/stm32l4xx_hal_rcc.o
 .text.HAL_RCCEx_PeriphCLKConfig
                0x08002f90      0x5d4 ./Drivers/STM32L4xx_HAL_Driver/Src/stm32l4xx_hal_rcc_ex.o
                0x08002f90                HAL_RCCEx_PeriphCLKConfig
 .text.RCCEx_PLLSAI1_Config
                0x08003564      0x1e8 ./Drivers/STM32L4xx_HAL_Driver/Src/stm32l4xx_hal_rcc_ex.o
 .text.RCCEx_PLLSAI2_Config
                0x0800374c      0x1bc ./Drivers/STM32L4xx_HAL_Driver/Src/stm32l4xx_hal_rcc_ex.o
 .text.HAL_TIM_Base_Init
                0x08003908       0xae ./Drivers/STM32L4xx_HAL_Driver/Src/stm32l4xx_hal_tim.o
                0x08003908                HAL_TIM_Base_Init
 *fill*         0x080039b6        0x2 
 .text.HAL_TIM_Base_Start_IT
                0x080039b8       0xe0 ./Drivers/STM32L4xx_HAL_Driver/Src/stm32l4xx_hal_tim.o
                0x080039b8                HAL_TIM_Base_Start_IT
 .text.HAL_TIM_PWM_Init
                0x08003a98       0xae ./Drivers/STM32L4xx_HAL_Driver/Src/stm32l4xx_hal_tim.o
                0x08003a98                HAL_TIM_PWM_Init
 .text.HAL_TIM_PWM_MspInit
                0x08003b46       0x14 ./Drivers/STM32L4xx_HAL_Driver/Src/stm32l4xx_hal_tim.o
                0x08003b46                HAL_TIM_PWM_MspInit
 .text.HAL_TIM_IRQHandler
                0x08003b5a      0x20e ./Drivers/STM32L4xx_HAL_Driver/Src/stm32l4xx_hal_tim.o
                0x08003b5a                HAL_TIM_IRQHandler
 .text.HAL_TIM_PWM_ConfigChannel
                0x08003d68      0x228 ./Drivers/STM32L4xx_HAL_Driver/Src/stm32l4xx_hal_tim.o
                0x08003d68                HAL_TIM_PWM_ConfigChannel
 .text.HAL_TIM_ConfigClockSource
                0x08003f90      0x192 ./Drivers/STM32L4xx_HAL_Driver/Src/stm32l4xx_hal_tim.o
                0x08003f90                HAL_TIM_ConfigClockSource
 .text.HAL_TIM_OC_DelayElapsedCallback
                0x08004122       0x14 ./Drivers/STM32L4xx_HAL_Driver/Src/stm32l4xx_hal_tim.o
                0x08004122                HAL_TIM_OC_DelayElapsedCallback
 .text.HAL_TIM_IC_CaptureCallback
                0x08004136       0x14 ./Drivers/STM32L4xx_HAL_Driver/Src/stm32l4xx_hal_tim.o
                0x08004136                HAL_TIM_IC_CaptureCallback
 .text.HAL_TIM_PWM_PulseFinishedCallback
                0x0800414a       0x14 ./Drivers/STM32L4xx_HAL_Driver/Src/stm32l4xx_hal_tim.o
                0x0800414a                HAL_TIM_PWM_PulseFinishedCallback
 .text.HAL_TIM_TriggerCallback
                0x0800415e       0x14 ./Drivers/STM32L4xx_HAL_Driver/Src/stm32l4xx_hal_tim.o
                0x0800415e                HAL_TIM_TriggerCallback
 *fill*         0x08004172        0x2 
 .text.TIM_Base_SetConfig
                0x08004174      0x140 ./Drivers/STM32L4xx_HAL_Driver/Src/stm32l4xx_hal_tim.o
                0x08004174                TIM_Base_SetConfig
 .text.TIM_OC1_SetConfig
                0x080042b4      0x124 ./Drivers/STM32L4xx_HAL_Driver/Src/stm32l4xx_hal_tim.o
 .text.TIM_OC2_SetConfig
                0x080043d8      0x118 ./Drivers/STM32L4xx_HAL_Driver/Src/stm32l4xx_hal_tim.o
                0x080043d8                TIM_OC2_SetConfig
 .text.TIM_OC3_SetConfig
                0x080044f0      0x114 ./Drivers/STM32L4xx_HAL_Driver/Src/stm32l4xx_hal_tim.o
 .text.TIM_OC4_SetConfig
                0x08004604       0xd4 ./Drivers/STM32L4xx_HAL_Driver/Src/stm32l4xx_hal_tim.o
 .text.TIM_OC5_SetConfig
                0x080046d8       0xc8 ./Drivers/STM32L4xx_HAL_Driver/Src/stm32l4xx_hal_tim.o
 .text.TIM_OC6_SetConfig
                0x080047a0       0xcc ./Drivers/STM32L4xx_HAL_Driver/Src/stm32l4xx_hal_tim.o
 .text.TIM_TI1_ConfigInputStage
                0x0800486c       0xa8 ./Drivers/STM32L4xx_HAL_Driver/Src/stm32l4xx_hal_tim.o
 .text.TIM_TI2_ConfigInputStage
                0x08004914       0x84 ./Drivers/STM32L4xx_HAL_Driver/Src/stm32l4xx_hal_tim.o
 .text.TIM_ITRx_SetConfig
                0x08004998       0x36 ./Drivers/STM32L4xx_HAL_Driver/Src/stm32l4xx_hal_tim.o
 .text.TIM_ETR_SetConfig
                0x080049ce       0x40 ./Drivers/STM32L4xx_HAL_Driver/Src/stm32l4xx_hal_tim.o
                0x080049ce                TIM_ETR_SetConfig
 *fill*         0x08004a0e        0x2 
 .text.HAL_TIMEx_MasterConfigSynchronization
                0x08004a10      0x110 ./Drivers/STM32L4xx_HAL_Driver/Src/stm32l4xx_hal_tim_ex.o
                0x08004a10                HAL_TIMEx_MasterConfigSynchronization
 .text.HAL_TIMEx_CommutCallback
                0x08004b20       0x14 ./Drivers/STM32L4xx_HAL_Driver/Src/stm32l4xx_hal_tim_ex.o
                0x08004b20                HAL_TIMEx_CommutCallback
 .text.HAL_TIMEx_BreakCallback
                0x08004b34       0x14 ./Drivers/STM32L4xx_HAL_Driver/Src/stm32l4xx_hal_tim_ex.o
                0x08004b34                HAL_TIMEx_BreakCallback
 .text.HAL_TIMEx_Break2Callback
                0x08004b48       0x14 ./Drivers/STM32L4xx_HAL_Driver/Src/stm32l4xx_hal_tim_ex.o
                0x08004b48                HAL_TIMEx_Break2Callback
 .text.HAL_UART_Init
                0x08004b5c       0x9c ./Drivers/STM32L4xx_HAL_Driver/Src/stm32l4xx_hal_uart.o
                0x08004b5c                HAL_UART_Init
 .text.HAL_UART_Transmit
                0x08004bf8      0x126 ./Drivers/STM32L4xx_HAL_Driver/Src/stm32l4xx_hal_uart.o
                0x08004bf8                HAL_UART_Transmit
 *fill*         0x08004d1e        0x2 
 .text.HAL_UART_Receive_IT
                0x08004d20       0x98 ./Drivers/STM32L4xx_HAL_Driver/Src/stm32l4xx_hal_uart.o
                0x08004d20                HAL_UART_Receive_IT
 .text.HAL_UART_IRQHandler
                0x08004db8      0x60c ./Drivers/STM32L4xx_HAL_Driver/Src/stm32l4xx_hal_uart.o
                0x08004db8                HAL_UART_IRQHandler
 .text.HAL_UART_TxCpltCallback
                0x080053c4       0x14 ./Drivers/STM32L4xx_HAL_Driver/Src/stm32l4xx_hal_uart.o
                0x080053c4                HAL_UART_TxCpltCallback
 .text.HAL_UART_ErrorCallback
                0x080053d8       0x14 ./Drivers/STM32L4xx_HAL_Driver/Src/stm32l4xx_hal_uart.o
                0x080053d8                HAL_UART_ErrorCallback
 .text.HAL_UARTEx_RxEventCallback
                0x080053ec       0x18 ./Drivers/STM32L4xx_HAL_Driver/Src/stm32l4xx_hal_uart.o
                0x080053ec                HAL_UARTEx_RxEventCallback
 .text.UART_SetConfig
                0x08005404      0x570 ./Drivers/STM32L4xx_HAL_Driver/Src/stm32l4xx_hal_uart.o
                0x08005404                UART_SetConfig
 .text.UART_AdvFeatureConfig
                0x08005974      0x144 ./Drivers/STM32L4xx_HAL_Driver/Src/stm32l4xx_hal_uart.o
                0x08005974                UART_AdvFeatureConfig
 .text.UART_CheckIdleState
                0x08005ab8      0x150 ./Drivers/STM32L4xx_HAL_Driver/Src/stm32l4xx_hal_uart.o
                0x08005ab8                UART_CheckIdleState
 .text.UART_WaitOnFlagUntilTimeout
                0x08005c08       0xda ./Drivers/STM32L4xx_HAL_Driver/Src/stm32l4xx_hal_uart.o
                0x08005c08                UART_WaitOnFlagUntilTimeout
 *fill*         0x08005ce2        0x2 
 .text.UART_Start_Receive_IT
                0x08005ce4      0x18c ./Drivers/STM32L4xx_HAL_Driver/Src/stm32l4xx_hal_uart.o
                0x08005ce4                UART_Start_Receive_IT
 .text.UART_EndRxTransfer
                0x08005e70       0xc8 ./Drivers/STM32L4xx_HAL_Driver/Src/stm32l4xx_hal_uart.o
 .text.UART_DMAAbortOnError
                0x08005f38       0x1c ./Drivers/STM32L4xx_HAL_Driver/Src/stm32l4xx_hal_uart.o
 .text.UART_EndTransmit_IT
                0x08005f54       0x54 ./Drivers/STM32L4xx_HAL_Driver/Src/stm32l4xx_hal_uart.o
 .text.UART_RxISR_8BIT
                0x08005fa8      0x1b8 ./Drivers/STM32L4xx_HAL_Driver/Src/stm32l4xx_hal_uart.o
 .text.UART_RxISR_16BIT
                0x08006160      0x1b8 ./Drivers/STM32L4xx_HAL_Driver/Src/stm32l4xx_hal_uart.o
 .text.HAL_UARTEx_WakeupCallback
                0x08006318       0x14 ./Drivers/STM32L4xx_HAL_Driver/Src/stm32l4xx_hal_uart_ex.o
                0x08006318                HAL_UARTEx_WakeupCallback
 .text.__NVIC_SetPriority
                0x0800632c       0x54 ./Middlewares/Third_Party/FreeRTOS/Source/CMSIS_RTOS_V2/cmsis_os2.o
 .text.SysTick_Handler
                0x08006380       0x20 ./Middlewares/Third_Party/FreeRTOS/Source/CMSIS_RTOS_V2/cmsis_os2.o
                0x08006380                SysTick_Handler
 .text.SVC_Setup
                0x080063a0       0x12 ./Middlewares/Third_Party/FreeRTOS/Source/CMSIS_RTOS_V2/cmsis_os2.o
 *fill*         0x080063b2        0x2 
 .text.osKernelInitialize
                0x080063b4       0x48 ./Middlewares/Third_Party/FreeRTOS/Source/CMSIS_RTOS_V2/cmsis_os2.o
                0x080063b4                osKernelInitialize
 .text.osKernelStart
                0x080063fc       0x4c ./Middlewares/Third_Party/FreeRTOS/Source/CMSIS_RTOS_V2/cmsis_os2.o
                0x080063fc                osKernelStart
 .text.osThreadNew
                0x08006448      0x124 ./Middlewares/Third_Party/FreeRTOS/Source/CMSIS_RTOS_V2/cmsis_os2.o
                0x08006448                osThreadNew
 .text.osDelay  0x0800656c       0x36 ./Middlewares/Third_Party/FreeRTOS/Source/CMSIS_RTOS_V2/cmsis_os2.o
                0x0800656c                osDelay
 .text.TimerCallback
                0x080065a2       0x2a ./Middlewares/Third_Party/FreeRTOS/Source/CMSIS_RTOS_V2/cmsis_os2.o
 .text.osTimerNew
                0x080065cc       0xf8 ./Middlewares/Third_Party/FreeRTOS/Source/CMSIS_RTOS_V2/cmsis_os2.o
                0x080065cc                osTimerNew
 .text.osTimerStart
                0x080066c4       0x5c ./Middlewares/Third_Party/FreeRTOS/Source/CMSIS_RTOS_V2/cmsis_os2.o
                0x080066c4                osTimerStart
 .text.osTimerStop
                0x08006720       0x6e ./Middlewares/Third_Party/FreeRTOS/Source/CMSIS_RTOS_V2/cmsis_os2.o
                0x08006720                osTimerStop
 .text.osTimerIsRunning
                0x0800678e       0x38 ./Middlewares/Third_Party/FreeRTOS/Source/CMSIS_RTOS_V2/cmsis_os2.o
                0x0800678e                osTimerIsRunning
 .text.osSemaphoreNew
                0x080067c6      0x112 ./Middlewares/Third_Party/FreeRTOS/Source/CMSIS_RTOS_V2/cmsis_os2.o
                0x080067c6                osSemaphoreNew
 .text.osMessageQueueNew
                0x080068d8       0xe6 ./Middlewares/Third_Party/FreeRTOS/Source/CMSIS_RTOS_V2/cmsis_os2.o
                0x080068d8                osMessageQueueNew
 *fill*         0x080069be        0x2 
 .text.osMessageQueuePut
                0x080069c0       0xc0 ./Middlewares/Third_Party/FreeRTOS/Source/CMSIS_RTOS_V2/cmsis_os2.o
                0x080069c0                osMessageQueuePut
 .text.osMessageQueueGet
                0x08006a80       0xbc ./Middlewares/Third_Party/FreeRTOS/Source/CMSIS_RTOS_V2/cmsis_os2.o
                0x08006a80                osMessageQueueGet
 .text.osMessageQueueGetCount
                0x08006b3c       0x40 ./Middlewares/Third_Party/FreeRTOS/Source/CMSIS_RTOS_V2/cmsis_os2.o
                0x08006b3c                osMessageQueueGetCount
 .text.osMessageQueueReset
                0x08006b7c       0x44 ./Middlewares/Third_Party/FreeRTOS/Source/CMSIS_RTOS_V2/cmsis_os2.o
                0x08006b7c                osMessageQueueReset
 .text.vApplicationGetIdleTaskMemory
                0x08006bc0       0x34 ./Middlewares/Third_Party/FreeRTOS/Source/CMSIS_RTOS_V2/cmsis_os2.o
                0x08006bc0                vApplicationGetIdleTaskMemory
 .text.vApplicationGetTimerTaskMemory
                0x08006bf4       0x34 ./Middlewares/Third_Party/FreeRTOS/Source/CMSIS_RTOS_V2/cmsis_os2.o
                0x08006bf4                vApplicationGetTimerTaskMemory
 .text.vListInitialise
                0x08006c28       0x40 ./Middlewares/Third_Party/FreeRTOS/Source/list.o
                0x08006c28                vListInitialise
 .text.vListInitialiseItem
                0x08006c68       0x1a ./Middlewares/Third_Party/FreeRTOS/Source/list.o
                0x08006c68                vListInitialiseItem
 .text.vListInsertEnd
                0x08006c82       0x48 ./Middlewares/Third_Party/FreeRTOS/Source/list.o
                0x08006c82                vListInsertEnd
 .text.vListInsert
                0x08006cca       0x72 ./Middlewares/Third_Party/FreeRTOS/Source/list.o
                0x08006cca                vListInsert
 .text.uxListRemove
                0x08006d3c       0x54 ./Middlewares/Third_Party/FreeRTOS/Source/list.o
                0x08006d3c                uxListRemove
 .text.xQueueGenericReset
                0x08006d90       0xd4 ./Middlewares/Third_Party/FreeRTOS/Source/queue.o
                0x08006d90                xQueueGenericReset
 .text.xQueueGenericCreateStatic
                0x08006e64       0xfa ./Middlewares/Third_Party/FreeRTOS/Source/queue.o
                0x08006e64                xQueueGenericCreateStatic
 .text.xQueueGenericCreate
                0x08006f5e       0x76 ./Middlewares/Third_Party/FreeRTOS/Source/queue.o
                0x08006f5e                xQueueGenericCreate
 .text.prvInitialiseNewQueue
                0x08006fd4       0x46 ./Middlewares/Third_Party/FreeRTOS/Source/queue.o
 .text.xQueueCreateCountingSemaphoreStatic
                0x0800701a       0x72 ./Middlewares/Third_Party/FreeRTOS/Source/queue.o
                0x0800701a                xQueueCreateCountingSemaphoreStatic
 .text.xQueueCreateCountingSemaphore
                0x0800708c       0x6a ./Middlewares/Third_Party/FreeRTOS/Source/queue.o
                0x0800708c                xQueueCreateCountingSemaphore
 *fill*         0x080070f6        0x2 
 .text.xQueueGenericSend
                0x080070f8      0x204 ./Middlewares/Third_Party/FreeRTOS/Source/queue.o
                0x080070f8                xQueueGenericSend
 .text.xQueueGenericSendFromISR
                0x080072fc      0x13c ./Middlewares/Third_Party/FreeRTOS/Source/queue.o
                0x080072fc                xQueueGenericSendFromISR
 .text.xQueueReceive
                0x08007438      0x1c4 ./Middlewares/Third_Party/FreeRTOS/Source/queue.o
                0x08007438                xQueueReceive
 .text.xQueueReceiveFromISR
                0x080075fc      0x104 ./Middlewares/Third_Party/FreeRTOS/Source/queue.o
                0x080075fc                xQueueReceiveFromISR
 .text.uxQueueMessagesWaiting
                0x08007700       0x3e ./Middlewares/Third_Party/FreeRTOS/Source/queue.o
                0x08007700                uxQueueMessagesWaiting
 .text.uxQueueMessagesWaitingFromISR
                0x0800773e       0x3e ./Middlewares/Third_Party/FreeRTOS/Source/queue.o
                0x0800773e                uxQueueMessagesWaitingFromISR
 .text.vQueueDelete
                0x0800777c       0x48 ./Middlewares/Third_Party/FreeRTOS/Source/queue.o
                0x0800777c                vQueueDelete
 .text.prvCopyDataToQueue
                0x080077c4       0xd4 ./Middlewares/Third_Party/FreeRTOS/Source/queue.o
 .text.prvCopyDataFromQueue
                0x08007898       0x4c ./Middlewares/Third_Party/FreeRTOS/Source/queue.o
 .text.prvUnlockQueue
                0x080078e4       0xa4 ./Middlewares/Third_Party/FreeRTOS/Source/queue.o
 .text.prvIsQueueEmpty
                0x08007988       0x2c ./Middlewares/Third_Party/FreeRTOS/Source/queue.o
 .text.prvIsQueueFull
                0x080079b4       0x30 ./Middlewares/Third_Party/FreeRTOS/Source/queue.o
 .text.vQueueAddToRegistry
                0x080079e4       0x54 ./Middlewares/Third_Party/FreeRTOS/Source/queue.o
                0x080079e4                vQueueAddToRegistry
 .text.vQueueUnregisterQueue
                0x08007a38       0x54 ./Middlewares/Third_Party/FreeRTOS/Source/queue.o
                0x08007a38                vQueueUnregisterQueue
 .text.vQueueWaitForMessageRestricted
                0x08007a8c       0x68 ./Middlewares/Third_Party/FreeRTOS/Source/queue.o
                0x08007a8c                vQueueWaitForMessageRestricted
 .text.xTaskCreateStatic
                0x08007af4       0xc0 ./Middlewares/Third_Party/FreeRTOS/Source/tasks.o
                0x08007af4                xTaskCreateStatic
 .text.xTaskCreate
                0x08007bb4       0x8a ./Middlewares/Third_Party/FreeRTOS/Source/tasks.o
                0x08007bb4                xTaskCreate
 *fill*         0x08007c3e        0x2 
 .text.prvInitialiseNewTask
                0x08007c40      0x150 ./Middlewares/Third_Party/FreeRTOS/Source/tasks.o
 .text.prvAddNewTaskToReadyList
                0x08007d90       0xe0 ./Middlewares/Third_Party/FreeRTOS/Source/tasks.o
 .text.vTaskDelay
                0x08007e70       0x6c ./Middlewares/Third_Party/FreeRTOS/Source/tasks.o
                0x08007e70                vTaskDelay
 .text.vTaskStartScheduler
                0x08007edc       0xe0 ./Middlewares/Third_Party/FreeRTOS/Source/tasks.o
                0x08007edc                vTaskStartScheduler
 .text.vTaskSuspendAll
                0x08007fbc       0x1c ./Middlewares/Third_Party/FreeRTOS/Source/tasks.o
                0x08007fbc                vTaskSuspendAll
 .text.xTaskResumeAll
                0x08007fd8      0x13c ./Middlewares/Third_Party/FreeRTOS/Source/tasks.o
                0x08007fd8                xTaskResumeAll
 .text.xTaskGetTickCount
                0x08008114       0x20 ./Middlewares/Third_Party/FreeRTOS/Source/tasks.o
                0x08008114                xTaskGetTickCount
 .text.xTaskIncrementTick
                0x08008134      0x174 ./Middlewares/Third_Party/FreeRTOS/Source/tasks.o
                0x08008134                xTaskIncrementTick
 .text.vTaskSwitchContext
                0x080082a8       0xcc ./Middlewares/Third_Party/FreeRTOS/Source/tasks.o
                0x080082a8                vTaskSwitchContext
 .text.vTaskPlaceOnEventList
                0x08008374       0x4c ./Middlewares/Third_Party/FreeRTOS/Source/tasks.o
                0x08008374                vTaskPlaceOnEventList
 .text.vTaskPlaceOnEventListRestricted
                0x080083c0       0x58 ./Middlewares/Third_Party/FreeRTOS/Source/tasks.o
                0x080083c0                vTaskPlaceOnEventListRestricted
 .text.xTaskRemoveFromEventList
                0x08008418       0xc8 ./Middlewares/Third_Party/FreeRTOS/Source/tasks.o
                0x08008418                xTaskRemoveFromEventList
 .text.vTaskInternalSetTimeOutState
                0x080084e0       0x2c ./Middlewares/Third_Party/FreeRTOS/Source/tasks.o
                0x080084e0                vTaskInternalSetTimeOutState
 .text.xTaskCheckForTimeOut
                0x0800850c       0xc8 ./Middlewares/Third_Party/FreeRTOS/Source/tasks.o
                0x0800850c                xTaskCheckForTimeOut
 .text.vTaskMissedYield
                0x080085d4       0x18 ./Middlewares/Third_Party/FreeRTOS/Source/tasks.o
                0x080085d4                vTaskMissedYield
 .text.prvIdleTask
                0x080085ec       0x30 ./Middlewares/Third_Party/FreeRTOS/Source/tasks.o
 .text.prvInitialiseTaskLists
                0x0800861c       0x80 ./Middlewares/Third_Party/FreeRTOS/Source/tasks.o
 .text.prvCheckTasksWaitingTermination
                0x0800869c       0x5c ./Middlewares/Third_Party/FreeRTOS/Source/tasks.o
 .text.prvDeleteTCB
                0x080086f8       0x6a ./Middlewares/Third_Party/FreeRTOS/Source/tasks.o
 *fill*         0x08008762        0x2 
 .text.prvResetNextTaskUnblockTime
                0x08008764       0x40 ./Middlewares/Third_Party/FreeRTOS/Source/tasks.o
 .text.xTaskGetSchedulerState
                0x080087a4       0x3c ./Middlewares/Third_Party/FreeRTOS/Source/tasks.o
                0x080087a4                xTaskGetSchedulerState
 .text.xTaskPriorityDisinherit
                0x080087e0       0xe0 ./Middlewares/Third_Party/FreeRTOS/Source/tasks.o
                0x080087e0                xTaskPriorityDisinherit
 .text.prvAddCurrentTaskToDelayedList
                0x080088c0       0xa8 ./Middlewares/Third_Party/FreeRTOS/Source/tasks.o
 .text.xTimerCreateTimerTask
                0x08008968       0x94 ./Middlewares/Third_Party/FreeRTOS/Source/timers.o
                0x08008968                xTimerCreateTimerTask
 .text.xTimerCreate
                0x080089fc       0x42 ./Middlewares/Third_Party/FreeRTOS/Source/timers.o
                0x080089fc                xTimerCreate
 .text.xTimerCreateStatic
                0x08008a3e       0x80 ./Middlewares/Third_Party/FreeRTOS/Source/timers.o
                0x08008a3e                xTimerCreateStatic
 .text.prvInitialiseNewTimer
                0x08008abe       0x78 ./Middlewares/Third_Party/FreeRTOS/Source/timers.o
 *fill*         0x08008b36        0x2 
 .text.xTimerGenericCommand
                0x08008b38       0x9c ./Middlewares/Third_Party/FreeRTOS/Source/timers.o
                0x08008b38                xTimerGenericCommand
 .text.prvProcessExpiredTimer
                0x08008bd4       0x9c ./Middlewares/Third_Party/FreeRTOS/Source/timers.o
 .text.prvTimerTask
                0x08008c70       0x26 ./Middlewares/Third_Party/FreeRTOS/Source/timers.o
 *fill*         0x08008c96        0x2 
 .text.prvProcessTimerOrBlockTask
                0x08008c98       0x9c ./Middlewares/Third_Party/FreeRTOS/Source/timers.o
 .text.prvGetNextExpireTime
                0x08008d34       0x48 ./Middlewares/Third_Party/FreeRTOS/Source/timers.o
 .text.prvSampleTimeNow
                0x08008d7c       0x40 ./Middlewares/Third_Party/FreeRTOS/Source/timers.o
 .text.prvInsertTimerInActiveList
                0x08008dbc       0x84 ./Middlewares/Third_Party/FreeRTOS/Source/timers.o
 .text.prvProcessReceivedCommands
                0x08008e40      0x1cc ./Middlewares/Third_Party/FreeRTOS/Source/timers.o
 .text.prvSwitchTimerLists
                0x0800900c       0xcc ./Middlewares/Third_Party/FreeRTOS/Source/timers.o
 .text.prvCheckForValidListAndQueue
                0x080090d8       0x80 ./Middlewares/Third_Party/FreeRTOS/Source/timers.o
 .text.xTimerIsTimerActive
                0x08009158       0x54 ./Middlewares/Third_Party/FreeRTOS/Source/timers.o
                0x08009158                xTimerIsTimerActive
 .text.pvTimerGetTimerID
                0x080091ac       0x42 ./Middlewares/Third_Party/FreeRTOS/Source/timers.o
                0x080091ac                pvTimerGetTimerID
 *fill*         0x080091ee        0x2 
 .text.pxPortInitialiseStack
                0x080091f0       0x68 ./Middlewares/Third_Party/FreeRTOS/Source/portable/GCC/ARM_CM4F/port.o
                0x080091f0                pxPortInitialiseStack
 .text.prvTaskExitError
                0x08009258       0x5c ./Middlewares/Third_Party/FreeRTOS/Source/portable/GCC/ARM_CM4F/port.o
 *fill*         0x080092b4        0xc 
 .text.SVC_Handler
                0x080092c0       0x28 ./Middlewares/Third_Party/FreeRTOS/Source/portable/GCC/ARM_CM4F/port.o
                0x080092c0                SVC_Handler
 .text.prvPortStartFirstTask
                0x080092e8       0x28 ./Middlewares/Third_Party/FreeRTOS/Source/portable/GCC/ARM_CM4F/port.o
 .text.xPortStartScheduler
                0x08009310      0x148 ./Middlewares/Third_Party/FreeRTOS/Source/portable/GCC/ARM_CM4F/port.o
                0x08009310                xPortStartScheduler
 .text.vPortEnterCritical
                0x08009458       0x64 ./Middlewares/Third_Party/FreeRTOS/Source/portable/GCC/ARM_CM4F/port.o
                0x08009458                vPortEnterCritical
 .text.vPortExitCritical
                0x080094bc       0x54 ./Middlewares/Third_Party/FreeRTOS/Source/portable/GCC/ARM_CM4F/port.o
                0x080094bc                vPortExitCritical
 .text.PendSV_Handler
                0x08009510       0x68 ./Middlewares/Third_Party/FreeRTOS/Source/portable/GCC/ARM_CM4F/port.o
                0x08009510                PendSV_Handler
 .text.xPortSysTickHandler
                0x08009578       0x44 ./Middlewares/Third_Party/FreeRTOS/Source/portable/GCC/ARM_CM4F/port.o
                0x08009578                xPortSysTickHandler
 .text.vPortSetupTimerInterrupt
                0x080095bc       0x48 ./Middlewares/Third_Party/FreeRTOS/Source/portable/GCC/ARM_CM4F/port.o
                0x080095bc                vPortSetupTimerInterrupt
 .text.vPortEnableVFP
                0x08009604       0x14 ./Middlewares/Third_Party/FreeRTOS/Source/portable/GCC/ARM_CM4F/port.o
 .text.vPortValidateInterruptPriority
                0x08009618       0x84 ./Middlewares/Third_Party/FreeRTOS/Source/portable/GCC/ARM_CM4F/port.o
                0x08009618                vPortValidateInterruptPriority
 .text.pvPortMalloc
                0x0800969c      0x19c ./Middlewares/Third_Party/FreeRTOS/Source/portable/MemMang/heap_4.o
                0x0800969c                pvPortMalloc
 .text.vPortFree
                0x08009838       0xc8 ./Middlewares/Third_Party/FreeRTOS/Source/portable/MemMang/heap_4.o
                0x08009838                vPortFree
 .text.prvHeapInit
                0x08009900       0xc4 ./Middlewares/Third_Party/FreeRTOS/Source/portable/MemMang/heap_4.o
 .text.prvInsertBlockIntoFreeList
                0x080099c4       0xb4 ./Middlewares/Third_Party/FreeRTOS/Source/portable/MemMang/heap_4.o
 .text.srand    0x08009a78       0x5c C:/ST/STM32CubeIDE_2.0.0/STM32CubeIDE/plugins/com.st.stm32cube.ide.mcu.externaltools.gnu-tools-for-stm32.13.3.rel1.win32_1.0.100.202509120712/tools/bin/../lib/gcc/arm-none-eabi/13.3.1/../../../../arm-none-eabi/lib/thumb/v7e-m+fp/hard\libc_nano.a(libc_a-rand.o)
                0x08009a78                srand
 .text.rand     0x08009ad4       0x7c C:/ST/STM32CubeIDE_2.0.0/STM32CubeIDE/plugins/com.st.stm32cube.ide.mcu.externaltools.gnu-tools-for-stm32.13.3.rel1.win32_1.0.100.202509120712/tools/bin/../lib/gcc/arm-none-eabi/13.3.1/../../../../arm-none-eabi/lib/thumb/v7e-m+fp/hard\libc_nano.a(libc_a-rand.o)
                0x08009ad4                rand
 .text.std      0x08009b50       0x6c C:/ST/STM32CubeIDE_2.0.0/STM32CubeIDE/plugins/com.st.stm32cube.ide.mcu.externaltools.gnu-tools-for-stm32.13.3.rel1.win32_1.0.100.202509120712/tools/bin/../lib/gcc/arm-none-eabi/13.3.1/../../../../arm-none-eabi/lib/thumb/v7e-m+fp/hard\libc_nano.a(libc_a-findfp.o)
 .text.stdio_exit_handler
                0x08009bbc       0x18 C:/ST/STM32CubeIDE_2.0.0/STM32CubeIDE/plugins/com.st.stm32cube.ide.mcu.externaltools.gnu-tools-for-stm32.13.3.rel1.win32_1.0.100.202509120712/tools/bin/../lib/gcc/arm-none-eabi/13.3.1/../../../../arm-none-eabi/lib/thumb/v7e-m+fp/hard\libc_nano.a(libc_a-findfp.o)
 .text.cleanup_stdio
                0x08009bd4       0x40 C:/ST/STM32CubeIDE_2.0.0/STM32CubeIDE/plugins/com.st.stm32cube.ide.mcu.externaltools.gnu-tools-for-stm32.13.3.rel1.win32_1.0.100.202509120712/tools/bin/../lib/gcc/arm-none-eabi/13.3.1/../../../../arm-none-eabi/lib/thumb/v7e-m+fp/hard\libc_nano.a(libc_a-findfp.o)
 .text.global_stdio_init.part.0
                0x08009c14       0x3c C:/ST/STM32CubeIDE_2.0.0/STM32CubeIDE/plugins/com.st.stm32cube.ide.mcu.externaltools.gnu-tools-for-stm32.13.3.rel1.win32_1.0.100.202509120712/tools/bin/../lib/gcc/arm-none-eabi/13.3.1/../../../../arm-none-eabi/lib/thumb/v7e-m+fp/hard\libc_nano.a(libc_a-findfp.o)
 .text.__sfp_lock_acquire
                0x08009c50        0xc C:/ST/STM32CubeIDE_2.0.0/STM32CubeIDE/plugins/com.st.stm32cube.ide.mcu.externaltools.gnu-tools-for-stm32.13.3.rel1.win32_1.0.100.202509120712/tools/bin/../lib/gcc/arm-none-eabi/13.3.1/../../../../arm-none-eabi/lib/thumb/v7e-m+fp/hard\libc_nano.a(libc_a-findfp.o)
                0x08009c50                __sfp_lock_acquire
 .text.__sfp_lock_release
                0x08009c5c        0xc C:/ST/STM32CubeIDE_2.0.0/STM32CubeIDE/plugins/com.st.stm32cube.ide.mcu.externaltools.gnu-tools-for-stm32.13.3.rel1.win32_1.0.100.202509120712/tools/bin/../lib/gcc/arm-none-eabi/13.3.1/../../../../arm-none-eabi/lib/thumb/v7e-m+fp/hard\libc_nano.a(libc_a-findfp.o)
                0x08009c5c                __sfp_lock_release
 .text.__sinit  0x08009c68       0x30 C:/ST/STM32CubeIDE_2.0.0/STM32CubeIDE/plugins/com.st.stm32cube.ide.mcu.externaltools.gnu-tools-for-stm32.13.3.rel1.win32_1.0.100.202509120712/tools/bin/../lib/gcc/arm-none-eabi/13.3.1/../../../../arm-none-eabi/lib/thumb/v7e-m+fp/hard\libc_nano.a(libc_a-findfp.o)
                0x08009c68                __sinit
 .text._fwalk_sglue
                0x08009c98       0x3c C:/ST/STM32CubeIDE_2.0.0/STM32CubeIDE/plugins/com.st.stm32cube.ide.mcu.externaltools.gnu-tools-for-stm32.13.3.rel1.win32_1.0.100.202509120712/tools/bin/../lib/gcc/arm-none-eabi/13.3.1/../../../../arm-none-eabi/lib/thumb/v7e-m+fp/hard\libc_nano.a(libc_a-fwalk.o)
                0x08009c98                _fwalk_sglue
 .text.printf   0x08009cd4       0x24 C:/ST/STM32CubeIDE_2.0.0/STM32CubeIDE/plugins/com.st.stm32cube.ide.mcu.externaltools.gnu-tools-for-stm32.13.3.rel1.win32_1.0.100.202509120712/tools/bin/../lib/gcc/arm-none-eabi/13.3.1/../../../../arm-none-eabi/lib/thumb/v7e-m+fp/hard\libc_nano.a(libc_a-printf.o)
                0x08009cd4                iprintf
                0x08009cd4                printf
 .text._puts_r  0x08009cf8       0xaa C:/ST/STM32CubeIDE_2.0.0/STM32CubeIDE/plugins/com.st.stm32cube.ide.mcu.externaltools.gnu-tools-for-stm32.13.3.rel1.win32_1.0.100.202509120712/tools/bin/../lib/gcc/arm-none-eabi/13.3.1/../../../../arm-none-eabi/lib/thumb/v7e-m+fp/hard\libc_nano.a(libc_a-puts.o)
                0x08009cf8                _puts_r
 *fill*         0x08009da2        0x2 
 .text.puts     0x08009da4       0x10 C:/ST/STM32CubeIDE_2.0.0/STM32CubeIDE/plugins/com.st.stm32cube.ide.mcu.externaltools.gnu-tools-for-stm32.13.3.rel1.win32_1.0.100.202509120712/tools/bin/../lib/gcc/arm-none-eabi/13.3.1/../../../../arm-none-eabi/lib/thumb/v7e-m+fp/hard\libc_nano.a(libc_a-puts.o)
                0x08009da4                puts
 .text.__sread  0x08009db4       0x22 C:/ST/STM32CubeIDE_2.0.0/STM32CubeIDE/plugins/com.st.stm32cube.ide.mcu.externaltools.gnu-tools-for-stm32.13.3.rel1.win32_1.0.100.202509120712/tools/bin/../lib/gcc/arm-none-eabi/13.3.1/../../../../arm-none-eabi/lib/thumb/v7e-m+fp/hard\libc_nano.a(libc_a-stdio.o)
                0x08009db4                __sread
 .text.__swrite
                0x08009dd6       0x38 C:/ST/STM32CubeIDE_2.0.0/STM32CubeIDE/plugins/com.st.stm32cube.ide.mcu.externaltools.gnu-tools-for-stm32.13.3.rel1.win32_1.0.100.202509120712/tools/bin/../lib/gcc/arm-none-eabi/13.3.1/../../../../arm-none-eabi/lib/thumb/v7e-m+fp/hard\libc_nano.a(libc_a-stdio.o)
                0x08009dd6                __swrite
 .text.__sseek  0x08009e0e       0x24 C:/ST/STM32CubeIDE_2.0.0/STM32CubeIDE/plugins/com.st.stm32cube.ide.mcu.externaltools.gnu-tools-for-stm32.13.3.rel1.win32_1.0.100.202509120712/tools/bin/../lib/gcc/arm-none-eabi/13.3.1/../../../../arm-none-eabi/lib/thumb/v7e-m+fp/hard\libc_nano.a(libc_a-stdio.o)
                0x08009e0e                __sseek
 .text.__sclose
                0x08009e32        0x8 C:/ST/STM32CubeIDE_2.0.0/STM32CubeIDE/plugins/com.st.stm32cube.ide.mcu.externaltools.gnu-tools-for-stm32.13.3.rel1.win32_1.0.100.202509120712/tools/bin/../lib/gcc/arm-none-eabi/13.3.1/../../../../arm-none-eabi/lib/thumb/v7e-m+fp/hard\libc_nano.a(libc_a-stdio.o)
                0x08009e32                __sclose
 .text.__swbuf_r
                0x08009e3a       0x7c C:/ST/STM32CubeIDE_2.0.0/STM32CubeIDE/plugins/com.st.stm32cube.ide.mcu.externaltools.gnu-tools-for-stm32.13.3.rel1.win32_1.0.100.202509120712/tools/bin/../lib/gcc/arm-none-eabi/13.3.1/../../../../arm-none-eabi/lib/thumb/v7e-m+fp/hard\libc_nano.a(libc_a-wbuf.o)
                0x08009e3a                __swbuf_r
 *fill*         0x08009eb6        0x2 
 .text.__swsetup_r
                0x08009eb8       0xac C:/ST/STM32CubeIDE_2.0.0/STM32CubeIDE/plugins/com.st.stm32cube.ide.mcu.externaltools.gnu-tools-for-stm32.13.3.rel1.win32_1.0.100.202509120712/tools/bin/../lib/gcc/arm-none-eabi/13.3.1/../../../../arm-none-eabi/lib/thumb/v7e-m+fp/hard\libc_nano.a(libc_a-wsetup.o)
                0x08009eb8                __swsetup_r
 .text.memset   0x08009f64       0x10 C:/ST/STM32CubeIDE_2.0.0/STM32CubeIDE/plugins/com.st.stm32cube.ide.mcu.externaltools.gnu-tools-for-stm32.13.3.rel1.win32_1.0.100.202509120712/tools/bin/../lib/gcc/arm-none-eabi/13.3.1/../../../../arm-none-eabi/lib/thumb/v7e-m+fp/hard\libc_nano.a(libc_a-memset.o)
                0x08009f64                memset
 .text._close_r
                0x08009f74       0x20 C:/ST/STM32CubeIDE_2.0.0/STM32CubeIDE/plugins/com.st.stm32cube.ide.mcu.externaltools.gnu-tools-for-stm32.13.3.rel1.win32_1.0.100.202509120712/tools/bin/../lib/gcc/arm-none-eabi/13.3.1/../../../../arm-none-eabi/lib/thumb/v7e-m+fp/hard\libc_nano.a(libc_a-closer.o)
                0x08009f74                _close_r
 .text._reclaim_reent
                0x08009f94       0xbc C:/ST/STM32CubeIDE_2.0.0/STM32CubeIDE/plugins/com.st.stm32cube.ide.mcu.externaltools.gnu-tools-for-stm32.13.3.rel1.win32_1.0.100.202509120712/tools/bin/../lib/gcc/arm-none-eabi/13.3.1/../../../../arm-none-eabi/lib/thumb/v7e-m+fp/hard\libc_nano.a(libc_a-reent.o)
                0x08009f94                _reclaim_reent
 .text._lseek_r
                0x0800a050       0x24 C:/ST/STM32CubeIDE_2.0.0/STM32CubeIDE/plugins/com.st.stm32cube.ide.mcu.externaltools.gnu-tools-for-stm32.13.3.rel1.win32_1.0.100.202509120712/tools/bin/../lib/gcc/arm-none-eabi/13.3.1/../../../../arm-none-eabi/lib/thumb/v7e-m+fp/hard\libc_nano.a(libc_a-lseekr.o)
                0x0800a050                _lseek_r
 .text._read_r  0x0800a074       0x24 C:/ST/STM32CubeIDE_2.0.0/STM32CubeIDE/plugins/com.st.stm32cube.ide.mcu.externaltools.gnu-tools-for-stm32.13.3.rel1.win32_1.0.100.202509120712/tools/bin/../lib/gcc/arm-none-eabi/13.3.1/../../../../arm-none-eabi/lib/thumb/v7e-m+fp/hard\libc_nano.a(libc_a-readr.o)
                0x0800a074                _read_r
 .text._write_r
                0x0800a098       0x24 C:/ST/STM32CubeIDE_2.0.0/STM32CubeIDE/plugins/com.st.stm32cube.ide.mcu.externaltools.gnu-tools-for-stm32.13.3.rel1.win32_1.0.100.202509120712/tools/bin/../lib/gcc/arm-none-eabi/13.3.1/../../../../arm-none-eabi/lib/thumb/v7e-m+fp/hard\libc_nano.a(libc_a-writer.o)
                0x0800a098                _write_r
 .text.__errno  0x0800a0bc        0xc C:/ST/STM32CubeIDE_2.0.0/STM32CubeIDE/plugins/com.st.stm32cube.ide.mcu.externaltools.gnu-tools-for-stm32.13.3.rel1.win32_1.0.100.202509120712/tools/bin/../lib/gcc/arm-none-eabi/13.3.1/../../../../arm-none-eabi/lib/thumb/v7e-m+fp/hard\libc_nano.a(libc_a-errno.o)
                0x0800a0bc                __errno
 .text.__libc_init_array
                0x0800a0c8       0x48 C:/ST/STM32CubeIDE_2.0.0/STM32CubeIDE/plugins/com.st.stm32cube.ide.mcu.externaltools.gnu-tools-for-stm32.13.3.rel1.win32_1.0.100.202509120712/tools/bin/../lib/gcc/arm-none-eabi/13.3.1/../../../../arm-none-eabi/lib/thumb/v7e-m+fp/hard\libc_nano.a(libc_a-init.o)
                0x0800a0c8                __libc_init_array
 .text.__retarget_lock_init_recursive
                0x0800a110        0x2 C:/ST/STM32CubeIDE_2.0.0/STM32CubeIDE/plugins/com.st.stm32cube.ide.mcu.externaltools.gnu-tools-for-stm32.13.3.rel1.win32_1.0.100.202509120712/tools/bin/../lib/gcc/arm-none-eabi/13.3.1/../../../../arm-none-eabi/lib/thumb/v7e-m+fp/hard\libc_nano.a(libc_a-lock.o)
                0x0800a110                __retarget_lock_init_recursive
 .text.__retarget_lock_acquire_recursive
                0x0800a112        0x2 C:/ST/STM32CubeIDE_2.0.0/STM32CubeIDE/plugins/com.st.stm32cube.ide.mcu.externaltools.gnu-tools-for-stm32.13.3.rel1.win32_1.0.100.202509120712/tools/bin/../lib/gcc/arm-none-eabi/13.3.1/../../../../arm-none-eabi/lib/thumb/v7e-m+fp/hard\libc_nano.a(libc_a-lock.o)
                0x0800a112                __retarget_lock_acquire_recursive
 .text.__retarget_lock_release_recursive
                0x0800a114        0x2 C:/ST/STM32CubeIDE_2.0.0/STM32CubeIDE/plugins/com.st.stm32cube.ide.mcu.externaltools.gnu-tools-for-stm32.13.3.rel1.win32_1.0.100.202509120712/tools/bin/../lib/gcc/arm-none-eabi/13.3.1/../../../../arm-none-eabi/lib/thumb/v7e-m+fp/hard\libc_nano.a(libc_a-lock.o)
                0x0800a114                __retarget_lock_release_recursive
 .text.memcpy   0x0800a116       0x1c C:/ST/STM32CubeIDE_2.0.0/STM32CubeIDE/plugins/com.st.stm32cube.ide.mcu.externaltools.gnu-tools-for-stm32.13.3.rel1.win32_1.0.100.202509120712/tools/bin/../lib/gcc/arm-none-eabi/13.3.1/../../../../arm-none-eabi/lib/thumb/v7e-m+fp/hard\libc_nano.a(libc_a-memcpy-stub.o)
                0x0800a116                memcpy
 *fill*         0x0800a132        0x2 
 .text.__assert_func
                0x0800a134       0x3c C:/ST/STM32CubeIDE_2.0.0/STM32CubeIDE/plugins/com.st.stm32cube.ide.mcu.externaltools.gnu-tools-for-stm32.13.3.rel1.win32_1.0.100.202509120712/tools/bin/../lib/gcc/arm-none-eabi/13.3.1/../../../../arm-none-eabi/lib/thumb/v7e-m+fp/hard\libc_nano.a(libc_a-assert.o)
                0x0800a134                __assert_func
 .text._free_r  0x0800a170       0x94 C:/ST/STM32CubeIDE_2.0.0/STM32CubeIDE/plugins/com.st.stm32cube.ide.mcu.externaltools.gnu-tools-for-stm32.13.3.rel1.win32_1.0.100.202509120712/tools/bin/../lib/gcc/arm-none-eabi/13.3.1/../../../../arm-none-eabi/lib/thumb/v7e-m+fp/hard\libc_nano.a(libc_a-freer.o)
                0x0800a170                _free_r
 .text.malloc   0x0800a204       0x10 C:/ST/STM32CubeIDE_2.0.0/STM32CubeIDE/plugins/com.st.stm32cube.ide.mcu.externaltools.gnu-tools-for-stm32.13.3.rel1.win32_1.0.100.202509120712/tools/bin/../lib/gcc/arm-none-eabi/13.3.1/../../../../arm-none-eabi/lib/thumb/v7e-m+fp/hard\libc_nano.a(libc_a-malloc.o)
                0x0800a204                malloc
 .text.sbrk_aligned
                0x0800a214       0x44 C:/ST/STM32CubeIDE_2.0.0/STM32CubeIDE/plugins/com.st.stm32cube.ide.mcu.externaltools.gnu-tools-for-stm32.13.3.rel1.win32_1.0.100.202509120712/tools/bin/../lib/gcc/arm-none-eabi/13.3.1/../../../../arm-none-eabi/lib/thumb/v7e-m+fp/hard\libc_nano.a(libc_a-mallocr.o)
 .text._malloc_r
                0x0800a258      0x100 C:/ST/STM32CubeIDE_2.0.0/STM32CubeIDE/plugins/com.st.stm32cube.ide.mcu.externaltools.gnu-tools-for-stm32.13.3.rel1.win32_1.0.100.202509120712/tools/bin/../lib/gcc/arm-none-eabi/13.3.1/../../../../arm-none-eabi/lib/thumb/v7e-m+fp/hard\libc_nano.a(libc_a-mallocr.o)
                0x0800a258                _malloc_r
 .text.__malloc_lock
                0x0800a358        0xc C:/ST/STM32CubeIDE_2.0.0/STM32CubeIDE/plugins/com.st.stm32cube.ide.mcu.externaltools.gnu-tools-for-stm32.13.3.rel1.win32_1.0.100.202509120712/tools/bin/../lib/gcc/arm-none-eabi/13.3.1/../../../../arm-none-eabi/lib/thumb/v7e-m+fp/hard\libc_nano.a(libc_a-mlock.o)
                0x0800a358                __malloc_lock
 .text.__malloc_unlock
                0x0800a364        0xc C:/ST/STM32CubeIDE_2.0.0/STM32CubeIDE/plugins/com.st.stm32cube.ide.mcu.externaltools.gnu-tools-for-stm32.13.3.rel1.win32_1.0.100.202509120712/tools/bin/../lib/gcc/arm-none-eabi/13.3.1/../../../../arm-none-eabi/lib/thumb/v7e-m+fp/hard\libc_nano.a(libc_a-mlock.o)
                0x0800a364                __malloc_unlock
 .text.__sfputc_r
                0x0800a370       0x2e C:/ST/STM32CubeIDE_2.0.0/STM32CubeIDE/plugins/com.st.stm32cube.ide.mcu.externaltools.gnu-tools-for-stm32.13.3.rel1.win32_1.0.100.202509120712/tools/bin/../lib/gcc/arm-none-eabi/13.3.1/../../../../arm-none-eabi/lib/thumb/v7e-m+fp/hard\libc_nano.a(libc_a-nano-vfprintf.o)
 .text.__sfputs_r
                0x0800a39e       0x24 C:/ST/STM32CubeIDE_2.0.0/STM32CubeIDE/plugins/com.st.stm32cube.ide.mcu.externaltools.gnu-tools-for-stm32.13.3.rel1.win32_1.0.100.202509120712/tools/bin/../lib/gcc/arm-none-eabi/13.3.1/../../../../arm-none-eabi/lib/thumb/v7e-m+fp/hard\libc_nano.a(libc_a-nano-vfprintf.o)
                0x0800a39e                __sfputs_r
 *fill*         0x0800a3c2        0x2 
 .text._vfprintf_r
                0x0800a3c4      0x230 C:/ST/STM32CubeIDE_2.0.0/STM32CubeIDE/plugins/com.st.stm32cube.ide.mcu.externaltools.gnu-tools-for-stm32.13.3.rel1.win32_1.0.100.202509120712/tools/bin/../lib/gcc/arm-none-eabi/13.3.1/../../../../arm-none-eabi/lib/thumb/v7e-m+fp/hard\libc_nano.a(libc_a-nano-vfprintf.o)
                0x0800a3c4                _vfprintf_r
                0x0800a3c4                _vfiprintf_r
 .text._printf_common
                0x0800a5f4       0xda C:/ST/STM32CubeIDE_2.0.0/STM32CubeIDE/plugins/com.st.stm32cube.ide.mcu.externaltools.gnu-tools-for-stm32.13.3.rel1.win32_1.0.100.202509120712/tools/bin/../lib/gcc/arm-none-eabi/13.3.1/../../../../arm-none-eabi/lib/thumb/v7e-m+fp/hard\libc_nano.a(libc_a-nano-vfprintf_i.o)
                0x0800a5f4                _printf_common
 *fill*         0x0800a6ce        0x2 
 .text._printf_i
                0x0800a6d0      0x23c C:/ST/STM32CubeIDE_2.0.0/STM32CubeIDE/plugins/com.st.stm32cube.ide.mcu.externaltools.gnu-tools-for-stm32.13.3.rel1.win32_1.0.100.202509120712/tools/bin/../lib/gcc/arm-none-eabi/13.3.1/../../../../arm-none-eabi/lib/thumb/v7e-m+fp/hard\libc_nano.a(libc_a-nano-vfprintf_i.o)
                0x0800a6d0                _printf_i
 .text.__sflush_r
                0x0800a90c      0x108 C:/ST/STM32CubeIDE_2.0.0/STM32CubeIDE/plugins/com.st.stm32cube.ide.mcu.externaltools.gnu-tools-for-stm32.13.3.rel1.win32_1.0.100.202509120712/tools/bin/../lib/gcc/arm-none-eabi/13.3.1/../../../../arm-none-eabi/lib/thumb/v7e-m+fp/hard\libc_nano.a(libc_a-fflush.o)
                0x0800a90c                __sflush_r
 .text._fflush_r
                0x0800aa14       0x50 C:/ST/STM32CubeIDE_2.0.0/STM32CubeIDE/plugins/com.st.stm32cube.ide.mcu.externaltools.gnu-tools-for-stm32.13.3.rel1.win32_1.0.100.202509120712/tools/bin/../lib/gcc/arm-none-eabi/13.3.1/../../../../arm-none-eabi/lib/thumb/v7e-m+fp/hard\libc_nano.a(libc_a-fflush.o)
                0x0800aa14                _fflush_r
 .text.fprintf  0x0800aa64       0x24 C:/ST/STM32CubeIDE_2.0.0/STM32CubeIDE/plugins/com.st.stm32cube.ide.mcu.externaltools.gnu-tools-for-stm32.13.3.rel1.win32_1.0.100.202509120712/tools/bin/../lib/gcc/arm-none-eabi/13.3.1/../../../../arm-none-eabi/lib/thumb/v7e-m+fp/hard\libc_nano.a(libc_a-fprintf.o)
                0x0800aa64                fiprintf
                0x0800aa64                fprintf
 .text.__swhatbuf_r
                0x0800aa88       0x4c C:/ST/STM32CubeIDE_2.0.0/STM32CubeIDE/plugins/com.st.stm32cube.ide.mcu.externaltools.gnu-tools-for-stm32.13.3.rel1.win32_1.0.100.202509120712/tools/bin/../lib/gcc/arm-none-eabi/13.3.1/../../../../arm-none-eabi/lib/thumb/v7e-m+fp/hard\libc_nano.a(libc_a-makebuf.o)
                0x0800aa88                __swhatbuf_r
 .text.__smakebuf_r
                0x0800aad4       0x78 C:/ST/STM32CubeIDE_2.0.0/STM32CubeIDE/plugins/com.st.stm32cube.ide.mcu.externaltools.gnu-tools-for-stm32.13.3.rel1.win32_1.0.100.202509120712/tools/bin/../lib/gcc/arm-none-eabi/13.3.1/../../../../arm-none-eabi/lib/thumb/v7e-m+fp/hard\libc_nano.a(libc_a-makebuf.o)
                0x0800aad4                __smakebuf_r
 .text._fstat_r
                0x0800ab4c       0x24 C:/ST/STM32CubeIDE_2.0.0/STM32CubeIDE/plugins/com.st.stm32cube.ide.mcu.externaltools.gnu-tools-for-stm32.13.3.rel1.win32_1.0.100.202509120712/tools/bin/../lib/gcc/arm-none-eabi/13.3.1/../../../../arm-none-eabi/lib/thumb/v7e-m+fp/hard\libc_nano.a(libc_a-fstatr.o)
                0x0800ab4c                _fstat_r
 .text._isatty_r
                0x0800ab70       0x20 C:/ST/STM32CubeIDE_2.0.0/STM32CubeIDE/plugins/com.st.stm32cube.ide.mcu.externaltools.gnu-tools-for-stm32.13.3.rel1.win32_1.0.100.202509120712/tools/bin/../lib/gcc/arm-none-eabi/13.3.1/../../../../arm-none-eabi/lib/thumb/v7e-m+fp/hard\libc_nano.a(libc_a-isattyr.o)
                0x0800ab70                _isatty_r
 .text._sbrk_r  0x0800ab90       0x20 C:/ST/STM32CubeIDE_2.0.0/STM32CubeIDE/plugins/com.st.stm32cube.ide.mcu.externaltools.gnu-tools-for-stm32.13.3.rel1.win32_1.0.100.202509120712/tools/bin/../lib/gcc/arm-none-eabi/13.3.1/../../../../arm-none-eabi/lib/thumb/v7e-m+fp/hard\libc_nano.a(libc_a-sbrkr.o)
                0x0800ab90                _sbrk_r
 .text.abort    0x0800abb0        0xe C:/ST/STM32CubeIDE_2.0.0/STM32CubeIDE/plugins/com.st.stm32cube.ide.mcu.externaltools.gnu-tools-for-stm32.13.3.rel1.win32_1.0.100.202509120712/tools/bin/../lib/gcc/arm-none-eabi/13.3.1/../../../../arm-none-eabi/lib/thumb/v7e-m+fp/hard\libc_nano.a(libc_a-abort.o)
                0x0800abb0                abort
 .text._raise_r
                0x0800abbe       0x50 C:/ST/STM32CubeIDE_2.0.0/STM32CubeIDE/plugins/com.st.stm32cube.ide.mcu.externaltools.gnu-tools-for-stm32.13.3.rel1.win32_1.0.100.202509120712/tools/bin/../lib/gcc/arm-none-eabi/13.3.1/../../../../arm-none-eabi/lib/thumb/v7e-m+fp/hard\libc_nano.a(libc_a-signal.o)
                0x0800abbe                _raise_r
 *fill*         0x0800ac0e        0x2 
 .text.raise    0x0800ac10       0x10 C:/ST/STM32CubeIDE_2.0.0/STM32CubeIDE/plugins/com.st.stm32cube.ide.mcu.externaltools.gnu-tools-for-stm32.13.3.rel1.win32_1.0.100.202509120712/tools/bin/../lib/gcc/arm-none-eabi/13.3.1/../../../../arm-none-eabi/lib/thumb/v7e-m+fp/hard\libc_nano.a(libc_a-signal.o)
                0x0800ac10                raise
 .text._kill_r  0x0800ac20       0x24 C:/ST/STM32CubeIDE_2.0.0/STM32CubeIDE/plugins/com.st.stm32cube.ide.mcu.externaltools.gnu-tools-for-stm32.13.3.rel1.win32_1.0.100.202509120712/tools/bin/../lib/gcc/arm-none-eabi/13.3.1/../../../../arm-none-eabi/lib/thumb/v7e-m+fp/hard\libc_nano.a(libc_a-signalr.o)
                0x0800ac20                _kill_r
 .text._getpid_r
                0x0800ac44        0x4 C:/ST/STM32CubeIDE_2.0.0/STM32CubeIDE/plugins/com.st.stm32cube.ide.mcu.externaltools.gnu-tools-for-stm32.13.3.rel1.win32_1.0.100.202509120712/tools/bin/../lib/gcc/arm-none-eabi/13.3.1/../../../../arm-none-eabi/lib/thumb/v7e-m+fp/hard\libc_nano.a(libc_a-signalr.o)
                0x0800ac44                _getpid_r
 *(.glue_7)
 .glue_7        0x0800ac48        0x0 linker stubs
 *(.glue_7t)
 .glue_7t       0x0800ac48        0x0 linker stubs
 *(.eh_frame)
 .eh_frame      0x0800ac48        0x0 C:/ST/STM32CubeIDE_2.0.0/STM32CubeIDE/plugins/com.st.stm32cube.ide.mcu.externaltools.gnu-tools-for-stm32.13.3.rel1.win32_1.0.100.202509120712/tools/bin/../lib/gcc/arm-none-eabi/13.3.1/thumb/v7e-m+fp/hard/crtbegin.o
 *(.init)
 .init          0x0800ac48        0x4 C:/ST/STM32CubeIDE_2.0.0/STM32CubeIDE/plugins/com.st.stm32cube.ide.mcu.externaltools.gnu-tools-for-stm32.13.3.rel1.win32_1.0.100.202509120712/tools/bin/../lib/gcc/arm-none-eabi/13.3.1/thumb/v7e-m+fp/hard/crti.o
                0x0800ac48                _init
 .init          0x0800ac4c        0x8 C:/ST/STM32CubeIDE_2.0.0/STM32CubeIDE/plugins/com.st.stm32cube.ide.mcu.externaltools.gnu-tools-for-stm32.13.3.rel1.win32_1.0.100.202509120712/tools/bin/../lib/gcc/arm-none-eabi/13.3.1/thumb/v7e-m+fp/hard/crtn.o
 *(.fini)
 .fini          0x0800ac54        0x4 C:/ST/STM32CubeIDE_2.0.0/STM32CubeIDE/plugins/com.st.stm32cube.ide.mcu.externaltools.gnu-tools-for-stm32.13.3.rel1.win32_1.0.100.202509120712/tools/bin/../lib/gcc/arm-none-eabi/13.3.1/thumb/v7e-m+fp/hard/crti.o
                0x0800ac54                _fini
 .fini          0x0800ac58        0x8 C:/ST/STM32CubeIDE_2.0.0/STM32CubeIDE/plugins/com.st.stm32cube.ide.mcu.externaltools.gnu-tools-for-stm32.13.3.rel1.win32_1.0.100.202509120712/tools/bin/../lib/gcc/arm-none-eabi/13.3.1/thumb/v7e-m+fp/hard/crtn.o
                0x0800ac60                        . = ALIGN (0x4)
                0x0800ac60                        _etext = .

.vfp11_veneer   0x0800ac60        0x0
 .vfp11_veneer  0x0800ac60        0x0 linker stubs

.v4_bx          0x0800ac60        0x0
 .v4_bx         0x0800ac60        0x0 linker stubs

.iplt           0x0800ac60        0x0
 .iplt          0x0800ac60        0x0 C:/ST/STM32CubeIDE_2.0.0/STM32CubeIDE/plugins/com.st.stm32cube.ide.mcu.externaltools.gnu-tools-for-stm32.13.3.rel1.win32_1.0.100.202509120712/tools/bin/../lib/gcc/arm-none-eabi/13.3.1/thumb/v7e-m+fp/hard/crtbegin.o

.rodata         0x0800ac60      0x5d4
                0x0800ac60                        . = ALIGN (0x4)
 *(.rodata)
 .rodata        0x0800ac60      0x2f4 ./Core/Src/main.o
 .rodata        0x0800af54        0x5 ./Middlewares/Third_Party/FreeRTOS/Source/tasks.o
 *fill*         0x0800af59        0x3 
 .rodata        0x0800af5c        0xd ./Middlewares/Third_Party/FreeRTOS/Source/timers.o
 *(.rodata*)
 *fill*         0x0800af69        0x3 
 .rodata.SEGMENT_MAP
                0x0800af6c        0xa ./Core/Src/MultiFunctionShield.o
                0x0800af6c                SEGMENT_MAP
 *fill*         0x0800af76        0x2 
 .rodata.SEGMENT_SELECT
                0x0800af78        0x4 ./Core/Src/MultiFunctionShield.o
                0x0800af78                SEGMENT_SELECT
 .rodata.defaultTask_attributes
                0x0800af7c       0x24 ./Core/Src/main.o
                0x0800af7c                defaultTask_attributes
 .rodata.ASCII_Char_Queue_attributes
                0x0800afa0       0x18 ./Core/Src/main.o
                0x0800afa0                ASCII_Char_Queue_attributes
 .rodata.RandomSymbolTimer_attributes
                0x0800afb8       0x10 ./Core/Src/main.o
                0x0800afb8                RandomSymbolTimer_attributes
 .rodata.lowercaseTimer_attributes
                0x0800afc8       0x10 ./Core/Src/main.o
                0x0800afc8                lowercaseTimer_attributes
 .rodata.ProcessSemaphore_attributes
                0x0800afd8       0x10 ./Core/Src/main.o
                0x0800afd8                ProcessSemaphore_attributes
 .rodata.bigTask_attributes
                0x0800afe8       0x24 ./Core/Src/main.o
                0x0800afe8                bigTask_attributes
 .rodata.AHBPrescTable
                0x0800b00c       0x10 ./Core/Src/system_stm32l4xx.o
                0x0800b00c                AHBPrescTable
 .rodata.APBPrescTable
                0x0800b01c        0x8 ./Core/Src/system_stm32l4xx.o
                0x0800b01c                APBPrescTable
 .rodata.MSIRangeTable
                0x0800b024       0x30 ./Core/Src/system_stm32l4xx.o
                0x0800b024                MSIRangeTable
 .rodata.srand.str1.1
                0x0800b054       0xde C:/ST/STM32CubeIDE_2.0.0/STM32CubeIDE/plugins/com.st.stm32cube.ide.mcu.externaltools.gnu-tools-for-stm32.13.3.rel1.win32_1.0.100.202509120712/tools/bin/../lib/gcc/arm-none-eabi/13.3.1/../../../../arm-none-eabi/lib/thumb/v7e-m+fp/hard\libc_nano.a(libc_a-rand.o)
                                 0x6f (size before relaxing)
 .rodata._ctype_
                0x0800b132      0x101 C:/ST/STM32CubeIDE_2.0.0/STM32CubeIDE/plugins/com.st.stm32cube.ide.mcu.externaltools.gnu-tools-for-stm32.13.3.rel1.win32_1.0.100.202509120712/tools/bin/../lib/gcc/arm-none-eabi/13.3.1/../../../../arm-none-eabi/lib/thumb/v7e-m+fp/hard\libc_nano.a(libc_a-ctype_.o)
                0x0800b132                _ctype_
 .rodata.__assert_func.str1.1
                0x0800b233        0x0 C:/ST/STM32CubeIDE_2.0.0/STM32CubeIDE/plugins/com.st.stm32cube.ide.mcu.externaltools.gnu-tools-for-stm32.13.3.rel1.win32_1.0.100.202509120712/tools/bin/../lib/gcc/arm-none-eabi/13.3.1/../../../../arm-none-eabi/lib/thumb/v7e-m+fp/hard\libc_nano.a(libc_a-assert.o)
                                 0x3d (size before relaxing)
 .rodata._vfprintf_r.str1.1
                0x0800b233        0x0 C:/ST/STM32CubeIDE_2.0.0/STM32CubeIDE/plugins/com.st.stm32cube.ide.mcu.externaltools.gnu-tools-for-stm32.13.3.rel1.win32_1.0.100.202509120712/tools/bin/../lib/gcc/arm-none-eabi/13.3.1/../../../../arm-none-eabi/lib/thumb/v7e-m+fp/hard\libc_nano.a(libc_a-nano-vfprintf.o)
                                 0x11 (size before relaxing)
 .rodata._printf_i.str1.1
                0x0800b233        0x0 C:/ST/STM32CubeIDE_2.0.0/STM32CubeIDE/plugins/com.st.stm32cube.ide.mcu.externaltools.gnu-tools-for-stm32.13.3.rel1.win32_1.0.100.202509120712/tools/bin/../lib/gcc/arm-none-eabi/13.3.1/../../../../arm-none-eabi/lib/thumb/v7e-m+fp/hard\libc_nano.a(libc_a-nano-vfprintf_i.o)
                                 0x22 (size before relaxing)
                0x0800b234                        . = ALIGN (0x4)
 *fill*         0x0800b233        0x1 

.ARM.extab      0x0800b234        0x0
                0x0800b234                        . = ALIGN (0x4)
 *(.ARM.extab* .gnu.linkonce.armextab.*)
                0x0800b234                        . = ALIGN (0x4)

.ARM            0x0800b234        0x8
                0x0800b234                        . = ALIGN (0x4)
                0x0800b234                        __exidx_start = .
 *(.ARM.exidx*)
 .ARM.exidx     0x0800b234        0x8 C:/ST/STM32CubeIDE_2.0.0/STM32CubeIDE/plugins/com.st.stm32cube.ide.mcu.externaltools.gnu-tools-for-stm32.13.3.rel1.win32_1.0.100.202509120712/tools/bin/../lib/gcc/arm-none-eabi/13.3.1/../../../../arm-none-eabi/lib/thumb/v7e-m+fp/hard\libc_nano.a(libc_a-memchr.o)
 .ARM.exidx     0x0800b23c        0x0 C:/ST/STM32CubeIDE_2.0.0/STM32CubeIDE/plugins/com.st.stm32cube.ide.mcu.externaltools.gnu-tools-for-stm32.13.3.rel1.win32_1.0.100.202509120712/tools/bin/../lib/gcc/arm-none-eabi/13.3.1/thumb/v7e-m+fp/hard\libgcc.a(_udivmoddi4.o)
                                  0x8 (size before relaxing)
                0x0800b23c                        __exidx_end = .
                0x0800b23c                        . = ALIGN (0x4)

.rel.dyn        0x0800b23c        0x0
 .rel.iplt      0x0800b23c        0x0 C:/ST/STM32CubeIDE_2.0.0/STM32CubeIDE/plugins/com.st.stm32cube.ide.mcu.externaltools.gnu-tools-for-stm32.13.3.rel1.win32_1.0.100.202509120712/tools/bin/../lib/gcc/arm-none-eabi/13.3.1/thumb/v7e-m+fp/hard/crtbegin.o

.preinit_array  0x0800b23c        0x0
                0x0800b23c                        . = ALIGN (0x4)
                0x0800b23c                        PROVIDE (__preinit_array_start = .)
 *(.preinit_array*)
                0x0800b23c                        PROVIDE (__preinit_array_end = .)
                0x0800b23c                        . = ALIGN (0x4)

.init_array     0x0800b23c        0x4
                0x0800b23c                        . = ALIGN (0x4)
                0x0800b23c                        PROVIDE (__init_array_start = .)
 *(SORT_BY_NAME(.init_array.*))
 *(.init_array*)
 .init_array    0x0800b23c        0x4 C:/ST/STM32CubeIDE_2.0.0/STM32CubeIDE/plugins/com.st.stm32cube.ide.mcu.externaltools.gnu-tools-for-stm32.13.3.rel1.win32_1.0.100.202509120712/tools/bin/../lib/gcc/arm-none-eabi/13.3.1/thumb/v7e-m+fp/hard/crtbegin.o
                0x0800b240                        PROVIDE (__init_array_end = .)
                0x0800b240                        . = ALIGN (0x4)

.fini_array     0x0800b240        0x4
                0x0800b240                        . = ALIGN (0x4)
                [!provide]                        PROVIDE (__fini_array_start = .)
 *(SORT_BY_NAME(.fini_array.*))
 *(.fini_array*)
 .fini_array    0x0800b240        0x4 C:/ST/STM32CubeIDE_2.0.0/STM32CubeIDE/plugins/com.st.stm32cube.ide.mcu.externaltools.gnu-tools-for-stm32.13.3.rel1.win32_1.0.100.202509120712/tools/bin/../lib/gcc/arm-none-eabi/13.3.1/thumb/v7e-m+fp/hard/crtbegin.o
                [!provide]                        PROVIDE (__fini_array_end = .)
                0x0800b244                        . = ALIGN (0x4)
                0x0800b244                        _sidata = LOADADDR (.data)

.data           0x20000000       0x7c load address 0x0800b244
                0x20000000                        . = ALIGN (0x4)
                0x20000000                        _sdata = .
 *(.data)
 *(.data*)
 .data.Random_Symbol_Timer_Speed
                0x20000000        0x4 ./Core/Src/main.o
                0x20000000                Random_Symbol_Timer_Speed
 .data.Random_lowercase_Timer_Speed
                0x20000004        0x4 ./Core/Src/main.o
                0x20000004                Random_lowercase_Timer_Speed
 .data.read_pacing_delay
                0x20000008        0x4 ./Core/Src/main.o
                0x20000008                read_pacing_delay
 .data.randoms_running
                0x2000000c        0x1 ./Core/Src/main.o
                0x2000000c                randoms_running
 *fill*         0x2000000d        0x3 
 .data.SystemCoreClock
                0x20000010        0x4 ./Core/Src/system_stm32l4xx.o
                0x20000010                SystemCoreClock
 .data.uwTickPrio
                0x20000014        0x4 ./Drivers/STM32L4xx_HAL_Driver/Src/stm32l4xx_hal.o
                0x20000014                uwTickPrio
 .data.uwTickFreq
                0x20000018        0x1 ./Drivers/STM32L4xx_HAL_Driver/Src/stm32l4xx_hal.o
                0x20000018                uwTickFreq
 *fill*         0x20000019        0x3 
 .data.uxCriticalNesting
                0x2000001c        0x4 ./Middlewares/Third_Party/FreeRTOS/Source/portable/GCC/ARM_CM4F/port.o
 .data.__sglue  0x20000020        0xc C:/ST/STM32CubeIDE_2.0.0/STM32CubeIDE/plugins/com.st.stm32cube.ide.mcu.externaltools.gnu-tools-for-stm32.13.3.rel1.win32_1.0.100.202509120712/tools/bin/../lib/gcc/arm-none-eabi/13.3.1/../../../../arm-none-eabi/lib/thumb/v7e-m+fp/hard\libc_nano.a(libc_a-findfp.o)
                0x20000020                __sglue
 .data._impure_ptr
                0x2000002c        0x4 C:/ST/STM32CubeIDE_2.0.0/STM32CubeIDE/plugins/com.st.stm32cube.ide.mcu.externaltools.gnu-tools-for-stm32.13.3.rel1.win32_1.0.100.202509120712/tools/bin/../lib/gcc/arm-none-eabi/13.3.1/../../../../arm-none-eabi/lib/thumb/v7e-m+fp/hard\libc_nano.a(libc_a-impure.o)
                0x2000002c                _impure_ptr
 .data._impure_data
                0x20000030       0x4c C:/ST/STM32CubeIDE_2.0.0/STM32CubeIDE/plugins/com.st.stm32cube.ide.mcu.externaltools.gnu-tools-for-stm32.13.3.rel1.win32_1.0.100.202509120712/tools/bin/../lib/gcc/arm-none-eabi/13.3.1/../../../../arm-none-eabi/lib/thumb/v7e-m+fp/hard\libc_nano.a(libc_a-impure.o)
                0x20000030                _impure_data
 *(.RamFunc)
 *(.RamFunc*)
                0x2000007c                        . = ALIGN (0x4)
                0x2000007c                        _edata = .

.igot.plt       0x2000007c        0x0 load address 0x0800b2c0
 .igot.plt      0x2000007c        0x0 C:/ST/STM32CubeIDE_2.0.0/STM32CubeIDE/plugins/com.st.stm32cube.ide.mcu.externaltools.gnu-tools-for-stm32.13.3.rel1.win32_1.0.100.202509120712/tools/bin/../lib/gcc/arm-none-eabi/13.3.1/thumb/v7e-m+fp/hard/crtbegin.o
                0x2000007c                        . = ALIGN (0x4)

.bss            0x2000007c     0xd50c load address 0x0800b2c0
                0x2000007c                        _sbss = .
                0x2000007c                        __bss_start__ = _sbss
 *(.bss)
 .bss           0x2000007c       0x1c C:/ST/STM32CubeIDE_2.0.0/STM32CubeIDE/plugins/com.st.stm32cube.ide.mcu.externaltools.gnu-tools-for-stm32.13.3.rel1.win32_1.0.100.202509120712/tools/bin/../lib/gcc/arm-none-eabi/13.3.1/thumb/v7e-m+fp/hard/crtbegin.o
 *(.bss*)
 .bss.ActDigit  0x20000098        0x1 ./Core/Src/MultiFunctionShield.o
                0x20000098                ActDigit
 *fill*         0x20000099        0x3 
 .bss.SEGMENT_VALUE
                0x2000009c        0x4 ./Core/Src/MultiFunctionShield.o
                0x2000009c                SEGMENT_VALUE
 .bss.htim4     0x200000a0       0x4c ./Core/Src/main.o
                0x200000a0                htim4
 .bss.htim7     0x200000ec       0x4c ./Core/Src/main.o
                0x200000ec                htim7
 .bss.htim17    0x20000138       0x4c ./Core/Src/main.o
                0x20000138                htim17
 .bss.huart2    0x20000184       0x88 ./Core/Src/main.o
                0x20000184                huart2
 .bss.defaultTaskHandle
                0x2000020c        0x4 ./Core/Src/main.o
                0x2000020c                defaultTaskHandle
 .bss.ASCII_Char_QueueHandle
                0x20000210        0x4 ./Core/Src/main.o
                0x20000210                ASCII_Char_QueueHandle
 .bss.ASCII_Char_QueueBuffer
                0x20000214       0x32 ./Core/Src/main.o
                0x20000214                ASCII_Char_QueueBuffer
 *fill*         0x20000246        0x2 
 .bss.ASCII_Char_QueueControlBlock
                0x20000248       0x50 ./Core/Src/main.o
                0x20000248                ASCII_Char_QueueControlBlock
 .bss.RandomSymbolTimerHandle
                0x20000298        0x4 ./Core/Src/main.o
                0x20000298                RandomSymbolTimerHandle
 .bss.lowercaseTimerHandle
                0x2000029c        0x4 ./Core/Src/main.o
                0x2000029c                lowercaseTimerHandle
 .bss.ProcessSemaphoreHandle
                0x200002a0        0x4 ./Core/Src/main.o
                0x200002a0                ProcessSemaphoreHandle
 .bss.recvd_data
                0x200002a4        0x1 ./Core/Src/main.o
                0x200002a4                recvd_data
 .bss.resetQueue
                0x200002a5        0x1 ./Core/Src/main.o
                0x200002a5                resetQueue
 *fill*         0x200002a6        0x2 
 .bss.timer_status
                0x200002a8        0x4 ./Core/Src/main.o
                0x200002a8                timer_status
 .bss.button_pushed
                0x200002ac        0x1 ./Core/Src/main.o
                0x200002ac                button_pushed
 *fill*         0x200002ad        0x3 
 .bss.htim2     0x200002b0       0x4c ./Core/Src/stm32l4xx_hal_timebase_tim.o
                0x200002b0                htim2
 .bss.__sbrk_heap_end
                0x200002fc        0x4 ./Core/Src/sysmem.o
 .bss.uwTick    0x20000300        0x4 ./Drivers/STM32L4xx_HAL_Driver/Src/stm32l4xx_hal.o
                0x20000300                uwTick
 .bss.KernelState
                0x20000304        0x4 ./Middlewares/Third_Party/FreeRTOS/Source/CMSIS_RTOS_V2/cmsis_os2.o
 .bss.Idle_TCB.3
                0x20000308       0xa8 ./Middlewares/Third_Party/FreeRTOS/Source/CMSIS_RTOS_V2/cmsis_os2.o
 .bss.Idle_Stack.2
                0x200003b0      0x200 ./Middlewares/Third_Party/FreeRTOS/Source/CMSIS_RTOS_V2/cmsis_os2.o
 .bss.Timer_TCB.1
                0x200005b0       0xa8 ./Middlewares/Third_Party/FreeRTOS/Source/CMSIS_RTOS_V2/cmsis_os2.o
 .bss.Timer_Stack.0
                0x20000658      0x400 ./Middlewares/Third_Party/FreeRTOS/Source/CMSIS_RTOS_V2/cmsis_os2.o
 .bss.xQueueRegistry
                0x20000a58       0x40 ./Middlewares/Third_Party/FreeRTOS/Source/queue.o
                0x20000a58                xQueueRegistry
 .bss.pxCurrentTCB
                0x20000a98        0x4 ./Middlewares/Third_Party/FreeRTOS/Source/tasks.o
                0x20000a98                pxCurrentTCB
 .bss.pxReadyTasksLists
                0x20000a9c      0x460 ./Middlewares/Third_Party/FreeRTOS/Source/tasks.o
 .bss.xDelayedTaskList1
                0x20000efc       0x14 ./Middlewares/Third_Party/FreeRTOS/Source/tasks.o
 .bss.xDelayedTaskList2
                0x20000f10       0x14 ./Middlewares/Third_Party/FreeRTOS/Source/tasks.o
 .bss.pxDelayedTaskList
                0x20000f24        0x4 ./Middlewares/Third_Party/FreeRTOS/Source/tasks.o
 .bss.pxOverflowDelayedTaskList
                0x20000f28        0x4 ./Middlewares/Third_Party/FreeRTOS/Source/tasks.o
 .bss.xPendingReadyList
                0x20000f2c       0x14 ./Middlewares/Third_Party/FreeRTOS/Source/tasks.o
 .bss.xTasksWaitingTermination
                0x20000f40       0x14 ./Middlewares/Third_Party/FreeRTOS/Source/tasks.o
 .bss.uxDeletedTasksWaitingCleanUp
                0x20000f54        0x4 ./Middlewares/Third_Party/FreeRTOS/Source/tasks.o
 .bss.xSuspendedTaskList
                0x20000f58       0x14 ./Middlewares/Third_Party/FreeRTOS/Source/tasks.o
 .bss.uxCurrentNumberOfTasks
                0x20000f6c        0x4 ./Middlewares/Third_Party/FreeRTOS/Source/tasks.o
 .bss.xTickCount
                0x20000f70        0x4 ./Middlewares/Third_Party/FreeRTOS/Source/tasks.o
 .bss.uxTopReadyPriority
                0x20000f74        0x4 ./Middlewares/Third_Party/FreeRTOS/Source/tasks.o
 .bss.xSchedulerRunning
                0x20000f78        0x4 ./Middlewares/Third_Party/FreeRTOS/Source/tasks.o
 .bss.xPendedTicks
                0x20000f7c        0x4 ./Middlewares/Third_Party/FreeRTOS/Source/tasks.o
 .bss.xYieldPending
                0x20000f80        0x4 ./Middlewares/Third_Party/FreeRTOS/Source/tasks.o
 .bss.xNumOfOverflows
                0x20000f84        0x4 ./Middlewares/Third_Party/FreeRTOS/Source/tasks.o
 .bss.uxTaskNumber
                0x20000f88        0x4 ./Middlewares/Third_Party/FreeRTOS/Source/tasks.o
 .bss.xNextTaskUnblockTime
                0x20000f8c        0x4 ./Middlewares/Third_Party/FreeRTOS/Source/tasks.o
 .bss.xIdleTaskHandle
                0x20000f90        0x4 ./Middlewares/Third_Party/FreeRTOS/Source/tasks.o
 .bss.uxSchedulerSuspended
                0x20000f94        0x4 ./Middlewares/Third_Party/FreeRTOS/Source/tasks.o
 .bss.xActiveTimerList1
                0x20000f98       0x14 ./Middlewares/Third_Party/FreeRTOS/Source/timers.o
 .bss.xActiveTimerList2
                0x20000fac       0x14 ./Middlewares/Third_Party/FreeRTOS/Source/timers.o
 .bss.pxCurrentTimerList
                0x20000fc0        0x4 ./Middlewares/Third_Party/FreeRTOS/Source/timers.o
 .bss.pxOverflowTimerList
                0x20000fc4        0x4 ./Middlewares/Third_Party/FreeRTOS/Source/timers.o
 .bss.xTimerQueue
                0x20000fc8        0x4 ./Middlewares/Third_Party/FreeRTOS/Source/timers.o
 .bss.xTimerTaskHandle
                0x20000fcc        0x4 ./Middlewares/Third_Party/FreeRTOS/Source/timers.o
 .bss.xLastTime.2
                0x20000fd0        0x4 ./Middlewares/Third_Party/FreeRTOS/Source/timers.o
 .bss.ucStaticTimerQueueStorage.1
                0x20000fd4       0xa0 ./Middlewares/Third_Party/FreeRTOS/Source/timers.o
 .bss.xStaticTimerQueue.0
                0x20001074       0x50 ./Middlewares/Third_Party/FreeRTOS/Source/timers.o
 .bss.ucMaxSysCallPriority
                0x200010c4        0x1 ./Middlewares/Third_Party/FreeRTOS/Source/portable/GCC/ARM_CM4F/port.o
 *fill*         0x200010c5        0x3 
 .bss.ulMaxPRIGROUPValue
                0x200010c8        0x4 ./Middlewares/Third_Party/FreeRTOS/Source/portable/GCC/ARM_CM4F/port.o
 .bss.ucHeap    0x200010cc     0xc350 ./Middlewares/Third_Party/FreeRTOS/Source/portable/MemMang/heap_4.o
 .bss.xStart    0x2000d41c        0x8 ./Middlewares/Third_Party/FreeRTOS/Source/portable/MemMang/heap_4.o
 .bss.pxEnd     0x2000d424        0x4 ./Middlewares/Third_Party/FreeRTOS/Source/portable/MemMang/heap_4.o
 .bss.xFreeBytesRemaining
                0x2000d428        0x4 ./Middlewares/Third_Party/FreeRTOS/Source/portable/MemMang/heap_4.o
 .bss.xMinimumEverFreeBytesRemaining
                0x2000d42c        0x4 ./Middlewares/Third_Party/FreeRTOS/Source/portable/MemMang/heap_4.o
 .bss.xNumberOfSuccessfulAllocations
                0x2000d430        0x4 ./Middlewares/Third_Party/FreeRTOS/Source/portable/MemMang/heap_4.o
 .bss.xNumberOfSuccessfulFrees
                0x2000d434        0x4 ./Middlewares/Third_Party/FreeRTOS/Source/portable/MemMang/heap_4.o
 .bss.xBlockAllocatedBit
                0x2000d438        0x4 ./Middlewares/Third_Party/FreeRTOS/Source/portable/MemMang/heap_4.o
 .bss.__sf      0x2000d43c      0x138 C:/ST/STM32CubeIDE_2.0.0/STM32CubeIDE/plugins/com.st.stm32cube.ide.mcu.externaltools.gnu-tools-for-stm32.13.3.rel1.win32_1.0.100.202509120712/tools/bin/../lib/gcc/arm-none-eabi/13.3.1/../../../../arm-none-eabi/lib/thumb/v7e-m+fp/hard\libc_nano.a(libc_a-findfp.o)
                0x2000d43c                __sf
 .bss.__stdio_exit_handler
                0x2000d574        0x4 C:/ST/STM32CubeIDE_2.0.0/STM32CubeIDE/plugins/com.st.stm32cube.ide.mcu.externaltools.gnu-tools-for-stm32.13.3.rel1.win32_1.0.100.202509120712/tools/bin/../lib/gcc/arm-none-eabi/13.3.1/../../../../arm-none-eabi/lib/thumb/v7e-m+fp/hard\libc_nano.a(libc_a-findfp.o)
                0x2000d574                __stdio_exit_handler
 .bss.errno     0x2000d578        0x4 C:/ST/STM32CubeIDE_2.0.0/STM32CubeIDE/plugins/com.st.stm32cube.ide.mcu.externaltools.gnu-tools-for-stm32.13.3.rel1.win32_1.0.100.202509120712/tools/bin/../lib/gcc/arm-none-eabi/13.3.1/../../../../arm-none-eabi/lib/thumb/v7e-m+fp/hard\libc_nano.a(libc_a-reent.o)
                0x2000d578                errno
 .bss.__lock___malloc_recursive_mutex
                0x2000d57c        0x1 C:/ST/STM32CubeIDE_2.0.0/STM32CubeIDE/plugins/com.st.stm32cube.ide.mcu.externaltools.gnu-tools-for-stm32.13.3.rel1.win32_1.0.100.202509120712/tools/bin/../lib/gcc/arm-none-eabi/13.3.1/../../../../arm-none-eabi/lib/thumb/v7e-m+fp/hard\libc_nano.a(libc_a-lock.o)
                0x2000d57c                __lock___malloc_recursive_mutex
 .bss.__lock___sfp_recursive_mutex