Copyright 1986-2022 Xilinx, Inc. All Rights Reserved. Copyright 2022-2024 Advanced Micro Devices, Inc. All Rights Reserved.
---------------------------------------------------------------------------------------------------------------------------------------------
| Tool Version : Vivado v.2024.2 (win64) Build 5239630 Fri Nov 08 22:35:27 MST 2024
| Date         : Mon Dec  8 09:39:03 2025
| Host         : 25STC151L17 running 64-bit major release  (build 9200)
| Command      : report_control_sets -verbose -file top_control_sets_placed.rpt
| Design       : top
| Device       : xc7a35t
---------------------------------------------------------------------------------------------------------------------------------------------

Control Set Information

Table of Contents
-----------------
1. Summary
2. Histogram
3. Flip-Flop Distribution
4. Detailed Control Set Information

1. Summary
----------

+----------------------------------------------------------+-------+
|                          Status                          | Count |
+----------------------------------------------------------+-------+
| Total control sets                                       |    13 |
|    Minimum number of control sets                        |    13 |
|    Addition due to synthesis replication                 |     0 |
|    Addition due to physical synthesis replication        |     0 |
| Unused register locations in slices containing registers |    34 |
+----------------------------------------------------------+-------+
* Control sets can be merged at opt_design using control_set_merge or merge_equivalent_drivers
** Run report_qor_suggestions for automated merging and remapping suggestions


2. Histogram
------------

+--------------------+-------+
|       Fanout       | Count |
+--------------------+-------+
| Total control sets |    13 |
| >= 0 to < 4        |     2 |
| >= 4 to < 6        |     3 |
| >= 6 to < 8        |     1 |
| >= 8 to < 10       |     1 |
| >= 10 to < 12      |     0 |
| >= 12 to < 14      |     2 |
| >= 14 to < 16      |     0 |
| >= 16              |     4 |
+--------------------+-------+
* Control sets can be remapped at either synth_design or opt_design


3. Flip-Flop Distribution
-------------------------

+--------------+-----------------------+------------------------+-----------------+--------------+
| Clock Enable | Synchronous Set/Reset | Asynchronous Set/Reset | Total Registers | Total Slices |
+--------------+-----------------------+------------------------+-----------------+--------------+
| No           | No                    | No                     |              13 |            6 |
| No           | No                    | Yes                    |               0 |            0 |
| No           | Yes                   | No                     |              24 |            9 |
| Yes          | No                    | No                     |              57 |           22 |
| Yes          | No                    | Yes                    |               0 |            0 |
| Yes          | Yes                   | No                     |              40 |           14 |
+--------------+-----------------------+------------------------+-----------------+--------------+


4. Detailed Control Set Information
-----------------------------------

+-----------------------------+--------------------------+--------------------------------+------------------+----------------+--------------+
|         Clock Signal        |       Enable Signal      |        Set/Reset Signal        | Slice Load Count | Bel Load Count | Bels / Slice |
+-----------------------------+--------------------------+--------------------------------+------------------+----------------+--------------+
|  spi_clk                    | u/cs_i_1_n_0             |                                |                1 |              1 |         1.00 |
|  clk_wiz_inst/inst/clk_out1 |                          |                                |                2 |              2 |         1.00 |
|  clk_wiz_inst/inst/clk_out1 |                          | top_square/vgaRed[3]_i_1_n_0   |                2 |              4 |         2.00 |
|  spi_clk                    |                          |                                |                1 |              4 |         4.00 |
|  spi_clk                    | u/bit_cnt[3]_i_2_n_0     | u/bit_cnt[3]_i_1_n_0           |                1 |              4 |         4.00 |
|  clk_IBUF                   |                          |                                |                3 |              7 |         2.33 |
|  clk_wiz_inst/inst/clk_out1 |                          | top_square/vgaGreen[0]_i_1_n_0 |                4 |              8 |         2.00 |
|  clk_wiz_inst/inst/clk_out1 |                          | top_square/x[0]_i_1_n_0        |                3 |             12 |         4.00 |
|  clk_wiz_inst/inst/clk_out1 | top_square/y[11]_i_1_n_0 | btnC_IBUF                      |                5 |             12 |         2.40 |
|  spi_clk                    | u/sclk0                  |                                |                4 |             16 |         4.00 |
|  spi_clk                    | u/shift0_0               |                                |                5 |             18 |         3.60 |
|  clk_wiz_inst/inst/clk_out1 | top_square/next_sq_x_0   |                                |               12 |             24 |         2.00 |
|  clk_wiz_inst/inst/clk_out1 | top_square/sq_x0         | btnC_IBUF                      |                8 |             24 |         3.00 |
+-----------------------------+--------------------------+--------------------------------+------------------+----------------+--------------+


