../Core/Src/main.c:94:5:main	5
../Core/Src/main.c:184:6:SystemClock_Config	4
../Core/Src/main.c:234:13:MX_TIM3_Init	4
../Core/Src/main.c:279:13:MX_TIM6_Init	3
../Core/Src/main.c:317:13:MX_TIM7_Init	3
../Core/Src/main.c:355:13:MX_TIM16_Init	2
../Core/Src/main.c:387:13:MX_TIM17_Init	2
../Core/Src/main.c:419:13:MX_USART2_UART_Init	2
../Core/Src/main.c:454:13:MX_GPIO_Init	1
../Core/Src/main.c:541:1:__io_putchar	1
../Core/Src/main.c:551:6:HAL_GPIO_EXTI_Callback	6
../Core/Src/main.c:579:6:HAL_TIM_PeriodElapsedCallback	5
../Core/Src/main.c:610:6:Error_Handler	1
