../Core/Src/main.c:94:5:main	16	static
../Core/Src/main.c:184:6:SystemClock_Config	96	static
../Core/Src/main.c:234:13:MX_TIM3_Init	40	static
../Core/Src/main.c:279:13:MX_TIM6_Init	24	static
../Core/Src/main.c:317:13:MX_TIM7_Init	24	static
../Core/Src/main.c:355:13:MX_TIM16_Init	8	static
../Core/Src/main.c:387:13:MX_TIM17_Init	8	static
../Core/Src/main.c:419:13:MX_USART2_UART_Init	8	static
../Core/Src/main.c:454:13:MX_GPIO_Init	48	static
../Core/Src/main.c:541:1:__io_putchar	16	static
../Core/Src/main.c:551:6:HAL_GPIO_EXTI_Callback	16	static,ignoring_inline_asm
../Core/Src/main.c:579:6:HAL_TIM_PeriodElapsedCallback	16	static
../Core/Src/main.c:610:6:Error_Handler	4	static,ignoring_inline_asm
