../Core/Src/MultiFunctionShield.c:28:6:shiftOut	32	static
../Core/Src/MultiFunctionShield.c:70:6:MultiFunctionShield_Single_Digit_Display	16	static
../Core/Src/MultiFunctionShield.c:88:6:MultiFunctionShield_Display	16	static
../Core/Src/MultiFunctionShield.c:139:6:Clear_LEDs	8	static
../Core/Src/MultiFunctionShield.c:148:6:MultiFunctionShield_Clear	4	static
../Core/Src/MultiFunctionShield.c:159:6:MultiFunctionShield_WriteNumberToSegment	24	static
../Core/Src/MultiFunctionShield.c:171:6:Display_Waiting	4	static
../Core/Src/MultiFunctionShield.c:179:6:Display_All	8	static
../Core/Src/MultiFunctionShield.c:188:6:MultiFunctionShield__ISRFunc	8	static
