../Core/Src/main.c:213:5:main	8	static
../Core/Src/main.c:358:6:SystemClock_Config	96	static
../Core/Src/main.c:408:13:MX_TIM17_Init	8	static
../Core/Src/main.c:440:13:MX_USART2_UART_Init	8	static
../Core/Src/main.c:475:13:MX_GPIO_Init	48	static
../Core/Src/main.c:568:6:HAL_GPIO_EXTI_Callback	32	static
../Core/Src/main.c:603:1:__io_putchar	16	static
../Core/Src/main.c:613:5:random_wait	24	static
../Core/Src/main.c:634:6:Default_Task	16	static
../Core/Src/main.c:652:6:NotifyToggleTask	24	static
../Core/Src/main.c:674:6:SW_Timer_Task	16	static
../Core/Src/main.c:692:6:SW_Timer_Refresh7Seg_Callback	16	static
../Core/Src/main.c:705:6:Mutex_CountUpTask	16	static
../Core/Src/main.c:733:6:Mutex_CountDownTask	16	static
../Core/Src/main.c:758:6:UpdateGlobDisplayProcess	16	static
../Core/Src/main.c:781:6:ResetGlobalTask	16	static
../Core/Src/main.c:809:6:StartDebounce	24	static
../Core/Src/main.c:841:6:Semaphore_Toggle_Task	16	static
../Core/Src/main.c:862:6:Semaphore_ToggleD3_Task	16	static
../Core/Src/main.c:882:6:Mutex_BlankTask	16	static
../Core/Src/main.c:901:6:SW_Timer_Countdown	16	static
../Core/Src/main.c:927:6:HAL_TIM_PeriodElapsedCallback	16	static
../Core/Src/main.c:949:6:Error_Handler	4	static,ignoring_inline_asm
