../Core/Src/MultiFunctionShield.c:30:6:shiftOut	32	static
../Core/Src/MultiFunctionShield.c:75:6:MultiFunctionShield_Single_Digit_Display	16	static
../Core/Src/MultiFunctionShield.c:97:6:MultiFunctionShield_Display_Two_Digits	16	static
../Core/Src/MultiFunctionShield.c:114:6:set_Decimal_Point	16	static
../Core/Src/MultiFunctionShield.c:120:6:Display_the_FULL	4	static
../Core/Src/MultiFunctionShield.c:130:6:MultiFunctionShield_Display	16	static
../Core/Src/MultiFunctionShield.c:187:6:MultiFunctionShield_Display_PWM	16	static
../Core/Src/MultiFunctionShield.c:200:6:Clear_LEDs	8	static
../Core/Src/MultiFunctionShield.c:218:6:MultiFunctionShield_Clear	4	static
../Core/Src/MultiFunctionShield.c:229:6:MultiFunctionShield_WriteNumberToSegment	24	static
../Core/Src/MultiFunctionShield.c:241:6:Display_Waiting	4	static
../Core/Src/MultiFunctionShield.c:249:6:Display_All	8	static
../Core/Src/MultiFunctionShield.c:254:6:disp_adc_on_7seg	40	static
../Core/Src/MultiFunctionShield.c:280:6:MultiFunctionShield__ISRFunc	8	static
