#-----------------------------------------------------------
# Vivado v2024.2 (64-bit)
# SW Build 5239630 on Fri Nov 08 22:35:27 MST 2024
# IP Build 5239520 on Sun Nov 10 16:12:51 MST 2024
# SharedData Build 5239561 on Fri Nov 08 14:39:27 MST 2024
# Start of session at: Sat Dec  6 10:49:59 2025
# Process ID         : 14208
# Current directory  : C:/Users/ian2112/Documents/GitHub/ECEN-340/Final Lab/final_lab
# Command line       : vivado.exe -gui_launcher_event rodinguilauncherevent6780 C:\Users\ian2112\Documents\GitHub\ECEN-340\Final Lab\final_lab\final_lab.xpr
# Log file           : C:/Users/ian2112/Documents/GitHub/ECEN-340/Final Lab/final_lab/vivado.log
# Journal file       : C:/Users/ian2112/Documents/GitHub/ECEN-340/Final Lab/final_lab\vivado.jou
# Running On         : 25STC151L17
# Platform           : Windows Server 2016 or Windows 10
# Operating System   : 26100
# Processor Detail   : Intel(R) Core(TM) Ultra 7 265
# CPU Frequency      : 2381 MHz
# CPU Physical cores : 20
# CPU Logical cores  : 20
# Host memory        : 33775 MB
# Swap memory        : 3145 MB
# Total Virtual      : 36921 MB
# Available Virtual  : 24802 MB
#-----------------------------------------------------------
start_gui
open_project {C:/Users/ian2112/Documents/GitHub/ECEN-340/Final Lab/final_lab/final_lab.xpr}
Scanning sources...
Finished scanning sources
INFO: [IP_Flow 19-234] Refreshing IP repositories
INFO: [IP_Flow 19-1704] No user IP repositories specified
INFO: [IP_Flow 19-2313] Loaded Vivado IP repository 'C:/Xilinx/Vivado/2024.2/data/ip'.
update_compile_order -fileset sources_1
export_ip_user_files -of_objects  [get_files {{c:/Users/ian2112/Documents/GitHub/ECEN-340/Final Lab/Downloads/ascii_pixel.coe}}] -no_script -reset -force -quiet
remove_files  {{c:/Users/ian2112/Documents/GitHub/ECEN-340/Final Lab/Downloads/ascii_pixel.coe}}
add_files -norecurse {{C:/Users/ian2112/Documents/GitHub/ECEN-340/Final Lab/final_lab/final_lab.srcs/sources_1/new/square.v}}
WARNING: [filemgmt 56-12] File 'C:/Users/ian2112/Documents/GitHub/ECEN-340/Final Lab/final_lab/final_lab.srcs/sources_1/new/square.v' cannot be added to the project because it already exists in the project, skipping this file
exit
INFO: [Common 17-206] Exiting Vivado at Sat Dec  6 10:53:31 2025...
