#-----------------------------------------------------------
# Vivado v2024.2 (64-bit)
# SW Build 5239630 on Fri Nov 08 22:35:27 MST 2024
# IP Build 5239520 on Sun Nov 10 16:12:51 MST 2024
# SharedData Build 5239561 on Fri Nov 08 14:39:27 MST 2024
# Start of session at: Mon Dec  8 08:49:53 2025
# Process ID         : 3616
# Current directory  : C:/Users/ian2112/Documents/GitHub/ECEN-340/Final Lab/final_lab
# Command line       : vivado.exe -gui_launcher_event rodinguilauncherevent13268 C:\Users\ian2112\Documents\GitHub\ECEN-340\Final Lab\final_lab\final_lab.xpr
# Log file           : C:/Users/ian2112/Documents/GitHub/ECEN-340/Final Lab/final_lab/vivado.log
# Journal file       : C:/Users/ian2112/Documents/GitHub/ECEN-340/Final Lab/final_lab\vivado.jou
# Running On         : 25STC151L17
# Platform           : Windows Server 2016 or Windows 10
# Operating System   : 26100
# Processor Detail   : Intel(R) Core(TM) Ultra 7 265
# CPU Frequency      : 2381 MHz
# CPU Physical cores : 20
# CPU Logical cores  : 20
# Host memory        : 33775 MB
# Swap memory        : 3145 MB
# Total Virtual      : 36921 MB
# Available Virtual  : 23126 MB
#-----------------------------------------------------------
start_gui
open_project {C:/Users/ian2112/Documents/GitHub/ECEN-340/Final Lab/final_lab/final_lab.xpr}
CRITICAL WARNING: [Project 1-19] Could not find the file 'C:/Users/ian2112/Documents/GitHub/ECEN-340/Final Lab/Downloads/ascii_pixel.coe'.
Scanning sources...
Finished scanning sources
INFO: [IP_Flow 19-234] Refreshing IP repositories
INFO: [IP_Flow 19-1704] No user IP repositories specified
INFO: [IP_Flow 19-2313] Loaded Vivado IP repository 'C:/Xilinx/Vivado/2024.2/data/ip'.
update_compile_order -fileset sources_1
export_ip_user_files -of_objects  [get_files {{C:/Users/ian2112/Documents/final_new/ECEN-340/Final Lab/Joystick/Joystick/Joystick.srcs/sources_1/new/ADC.v}}] -no_script -reset -force -quiet
remove_files  {{C:/Users/ian2112/Documents/final_new/ECEN-340/Final Lab/Joystick/Joystick/Joystick.srcs/sources_1/new/ADC.v}}
update_compile_order -fileset sources_1
add_files -norecurse {{C:/Users/ian2112/Documents/final_new/ECEN-340/Final Lab/Joystick/Joystick/Joystick.srcs/sources_1/new/top.v} {C:/Users/ian2112/Documents/final_new/ECEN-340/Final Lab/Joystick/Joystick/Joystick.srcs/sources_1/new/ADC.v}}
update_compile_order -fileset sources_1
update_compile_order -fileset sources_1
INFO: [Device 21-403] Loading part xc7a35tcpg236-1
reset_run synth_1
INFO: [Project 1-1161] Replacing file C:/Users/ian2112/Documents/GitHub/ECEN-340/Final Lab/final_lab/final_lab.srcs/utils_1/imports/synth_1/square.dcp with file C:/Users/ian2112/Documents/GitHub/ECEN-340/Final Lab/final_lab/final_lab.runs/synth_1/TOP_1080P_VGA.dcp
WARNING: [filemgmt 56-199] Attempt to get parsing info during refresh. "On-the-fly" syntax checking information may be incorrect. [C:\Users\ian2112\Documents\final_new\ECEN-340\Final Lab\Joystick\Joystick\Joystick.srcs\sources_1\new\ADC.v:]
WARNING: [filemgmt 56-199] Attempt to get parsing info during refresh. "On-the-fly" syntax checking information may be incorrect. [C:\Users\ian2112\Documents\final_new\ECEN-340\Final Lab\Joystick\Joystick\Joystick.srcs\sources_1\new\top.v:]
WARNING: [filemgmt 56-199] Attempt to get parsing info during refresh. "On-the-fly" syntax checking information may be incorrect. [C:\Users\ian2112\Documents\GitHub\ECEN-340\Final Lab\final_lab\final_lab.srcs\sources_1\new\square.v:]
WARNING: [filemgmt 56-199] Attempt to get parsing info during refresh. "On-the-fly" syntax checking information may be incorrect. [C:\Users\ian2112\Documents\final_new\ECEN-340\Final Lab\Joystick\Joystick\Joystick.srcs\sources_1\new\ADC.v:]
WARNING: [filemgmt 56-199] Attempt to get parsing info during refresh. "On-the-fly" syntax checking information may be incorrect. [C:\Users\ian2112\Documents\final_new\ECEN-340\Final Lab\Joystick\Joystick\Joystick.srcs\sources_1\new\ADC.v:]
launch_runs synth_1 -jobs 10
WARNING: [filemgmt 56-199] Attempt to get parsing info during refresh. "On-the-fly" syntax checking information may be incorrect. [C:\Users\ian2112\Documents\final_new\ECEN-340\Final Lab\Joystick\Joystick\Joystick.srcs\sources_1\new\ADC.v:]
WARNING: [filemgmt 56-199] Attempt to get parsing info during refresh. "On-the-fly" syntax checking information may be incorrect. [C:\Users\ian2112\Documents\final_new\ECEN-340\Final Lab\Joystick\Joystick\Joystick.srcs\sources_1\new\top.v:]
WARNING: [filemgmt 56-199] Attempt to get parsing info during refresh. "On-the-fly" syntax checking information may be incorrect. [C:\Users\ian2112\Documents\GitHub\ECEN-340\Final Lab\final_lab\final_lab.srcs\sources_1\new\square.v:]
WARNING: [filemgmt 56-199] Attempt to get parsing info during refresh. "On-the-fly" syntax checking information may be incorrect. [C:\Users\ian2112\Documents\final_new\ECEN-340\Final Lab\Joystick\Joystick\Joystick.srcs\sources_1\new\ADC.v:]
WARNING: [filemgmt 56-199] Attempt to get parsing info during refresh. "On-the-fly" syntax checking information may be incorrect. [C:\Users\ian2112\Documents\final_new\ECEN-340\Final Lab\Joystick\Joystick\Joystick.srcs\sources_1\new\ADC.v:]
ERROR: [Common 17-180] Spawn failed: No error
WARNING: [filemgmt 56-199] Attempt to get parsing info during refresh. "On-the-fly" syntax checking information may be incorrect. [C:\Users\ian2112\Documents\final_new\ECEN-340\Final Lab\Joystick\Joystick\Joystick.srcs\sources_1\new\ADC.v:]
WARNING: [filemgmt 56-199] Attempt to get parsing info during refresh. "On-the-fly" syntax checking information may be incorrect. [C:\Users\ian2112\Documents\final_new\ECEN-340\Final Lab\Joystick\Joystick\Joystick.srcs\sources_1\new\top.v:]
WARNING: [filemgmt 56-199] Attempt to get parsing info during refresh. "On-the-fly" syntax checking information may be incorrect. [C:\Users\ian2112\Documents\GitHub\ECEN-340\Final Lab\final_lab\final_lab.srcs\sources_1\new\square.v:]
WARNING: [filemgmt 56-199] Attempt to get parsing info during refresh. "On-the-fly" syntax checking information may be incorrect. [C:\Users\ian2112\Documents\final_new\ECEN-340\Final Lab\Joystick\Joystick\Joystick.srcs\sources_1\new\top.v:]
WARNING: [filemgmt 56-199] Attempt to get parsing info during refresh. "On-the-fly" syntax checking information may be incorrect. [C:\Users\ian2112\Documents\final_new\ECEN-340\Final Lab\Joystick\Joystick\Joystick.srcs\sources_1\new\top.v:]
ERROR: [Vivado 12-4756] Launch of runs aborted due to earlier errors while preparing sub-designs for run execution.
ERROR: [Common 17-180] Spawn failed: No error
WARNING: [filemgmt 56-199] Attempt to get parsing info during refresh. "On-the-fly" syntax checking information may be incorrect. [C:\Users\ian2112\Documents\final_new\ECEN-340\Final Lab\Joystick\Joystick\Joystick.srcs\sources_1\new\ADC.v:]
WARNING: [filemgmt 56-199] Attempt to get parsing info during refresh. "On-the-fly" syntax checking information may be incorrect. [C:\Users\ian2112\Documents\final_new\ECEN-340\Final Lab\Joystick\Joystick\Joystick.srcs\sources_1\new\top.v:]
WARNING: [filemgmt 56-199] Attempt to get parsing info during refresh. "On-the-fly" syntax checking information may be incorrect. [C:\Users\ian2112\Documents\GitHub\ECEN-340\Final Lab\final_lab\final_lab.srcs\sources_1\new\square.v:]
WARNING: [filemgmt 56-199] Attempt to get parsing info during refresh. "On-the-fly" syntax checking information may be incorrect. [C:\Users\ian2112\Documents\final_new\ECEN-340\Final Lab\Joystick\Joystick\Joystick.srcs\sources_1\new\top.v:]
WARNING: [filemgmt 56-199] Attempt to get parsing info during refresh. "On-the-fly" syntax checking information may be incorrect. [C:\Users\ian2112\Documents\final_new\ECEN-340\Final Lab\Joystick\Joystick\Joystick.srcs\sources_1\new\top.v:]
ERROR: [Common 17-180] Spawn failed: No error
WARNING: [filemgmt 56-199] Attempt to get parsing info during refresh. "On-the-fly" syntax checking information may be incorrect. [C:\Users\ian2112\Documents\final_new\ECEN-340\Final Lab\Joystick\Joystick\Joystick.srcs\sources_1\new\ADC.v:]
WARNING: [filemgmt 56-199] Attempt to get parsing info during refresh. "On-the-fly" syntax checking information may be incorrect. [C:\Users\ian2112\Documents\final_new\ECEN-340\Final Lab\Joystick\Joystick\Joystick.srcs\sources_1\new\top.v:]
WARNING: [filemgmt 56-199] Attempt to get parsing info during refresh. "On-the-fly" syntax checking information may be incorrect. [C:\Users\ian2112\Documents\GitHub\ECEN-340\Final Lab\final_lab\final_lab.srcs\sources_1\new\square.v:]
WARNING: [filemgmt 56-199] Attempt to get parsing info during refresh. "On-the-fly" syntax checking information may be incorrect. [C:\Users\ian2112\Documents\final_new\ECEN-340\Final Lab\Joystick\Joystick\Joystick.srcs\sources_1\new\ADC.v:]
WARNING: [filemgmt 56-199] Attempt to get parsing info during refresh. "On-the-fly" syntax checking information may be incorrect. [C:\Users\ian2112\Documents\final_new\ECEN-340\Final Lab\Joystick\Joystick\Joystick.srcs\sources_1\new\ADC.v:]
WARNING: [filemgmt 56-199] Attempt to get parsing info during refresh. "On-the-fly" syntax checking information may be incorrect. [C:\Users\ian2112\Documents\final_new\ECEN-340\Final Lab\Joystick\Joystick\Joystick.srcs\sources_1\new\ADC.v:]
WARNING: [filemgmt 56-199] Attempt to get parsing info during refresh. "On-the-fly" syntax checking information may be incorrect. [C:\Users\ian2112\Documents\final_new\ECEN-340\Final Lab\Joystick\Joystick\Joystick.srcs\sources_1\new\top.v:]
WARNING: [filemgmt 56-199] Attempt to get parsing info during refresh. "On-the-fly" syntax checking information may be incorrect. [C:\Users\ian2112\Documents\GitHub\ECEN-340\Final Lab\final_lab\final_lab.srcs\sources_1\new\square.v:]
WARNING: [filemgmt 56-199] Attempt to get parsing info during refresh. "On-the-fly" syntax checking information may be incorrect. [C:\Users\ian2112\Documents\final_new\ECEN-340\Final Lab\Joystick\Joystick\Joystick.srcs\sources_1\new\top.v:]
WARNING: [filemgmt 56-199] Attempt to get parsing info during refresh. "On-the-fly" syntax checking information may be incorrect. [C:\Users\ian2112\Documents\final_new\ECEN-340\Final Lab\Joystick\Joystick\Joystick.srcs\sources_1\new\top.v:]
export_ip_user_files -of_objects  [get_files {{C:/Users/ian2112/Documents/GitHub/ECEN-340/Final Lab/Downloads/ascii_pixel.coe}}] -no_script -reset -force -quiet
remove_files  {{C:/Users/ian2112/Documents/GitHub/ECEN-340/Final Lab/Downloads/ascii_pixel.coe}}
WARNING: [filemgmt 56-199] Attempt to get parsing info during refresh. "On-the-fly" syntax checking information may be incorrect. [C:\Users\ian2112\Documents\final_new\ECEN-340\Final Lab\Joystick\Joystick\Joystick.srcs\sources_1\new\ADC.v:]
WARNING: [filemgmt 56-199] Attempt to get parsing info during refresh. "On-the-fly" syntax checking information may be incorrect. [C:\Users\ian2112\Documents\final_new\ECEN-340\Final Lab\Joystick\Joystick\Joystick.srcs\sources_1\new\top.v:]
WARNING: [filemgmt 56-199] Attempt to get parsing info during refresh. "On-the-fly" syntax checking information may be incorrect. [C:\Users\ian2112\Documents\GitHub\ECEN-340\Final Lab\final_lab\final_lab.srcs\sources_1\new\square.v:]
WARNING: [filemgmt 56-199] Attempt to get parsing info during refresh. "On-the-fly" syntax checking information may be incorrect. [C:\Users\ian2112\Documents\final_new\ECEN-340\Final Lab\Joystick\Joystick\Joystick.srcs\sources_1\new\ADC.v:]
WARNING: [filemgmt 56-199] Attempt to get parsing info during refresh. "On-the-fly" syntax checking information may be incorrect. [C:\Users\ian2112\Documents\final_new\ECEN-340\Final Lab\Joystick\Joystick\Joystick.srcs\sources_1\new\ADC.v:]
WARNING: [filemgmt 56-199] Attempt to get parsing info during refresh. "On-the-fly" syntax checking information may be incorrect. [C:\Users\ian2112\Documents\final_new\ECEN-340\Final Lab\Joystick\Joystick\Joystick.srcs\sources_1\new\ADC.v:]
WARNING: [filemgmt 56-199] Attempt to get parsing info during refresh. "On-the-fly" syntax checking information may be incorrect. [C:\Users\ian2112\Documents\final_new\ECEN-340\Final Lab\Joystick\Joystick\Joystick.srcs\sources_1\new\top.v:]
WARNING: [filemgmt 56-199] Attempt to get parsing info during refresh. "On-the-fly" syntax checking information may be incorrect. [C:\Users\ian2112\Documents\GitHub\ECEN-340\Final Lab\final_lab\final_lab.srcs\sources_1\new\square.v:]
WARNING: [filemgmt 56-199] Attempt to get parsing info during refresh. "On-the-fly" syntax checking information may be incorrect. [C:\Users\ian2112\Documents\final_new\ECEN-340\Final Lab\Joystick\Joystick\Joystick.srcs\sources_1\new\top.v:]
WARNING: [filemgmt 56-199] Attempt to get parsing info during refresh. "On-the-fly" syntax checking information may be incorrect. [C:\Users\ian2112\Documents\final_new\ECEN-340\Final Lab\Joystick\Joystick\Joystick.srcs\sources_1\new\top.v:]
launch_runs synth_1 -jobs 10
[Mon Dec  8 09:08:44 2025] Launched synth_1...
Run output will be captured here: C:/Users/ian2112/Documents/GitHub/ECEN-340/Final Lab/final_lab/final_lab.runs/synth_1/runme.log
reset_run synth_1
WARNING: [filemgmt 56-199] Attempt to get parsing info during refresh. "On-the-fly" syntax checking information may be incorrect. [c:\Users\ian2112\Documents\GitHub\ECEN-340\Final Lab\final_lab\final_lab.gen\sources_1\ip\clk_wiz_0\clk_wiz_0.v:]
WARNING: [filemgmt 56-199] Attempt to get parsing info during refresh. "On-the-fly" syntax checking information may be incorrect. [C:\Users\ian2112\Documents\final_new\ECEN-340\Final Lab\Joystick\Joystick\Joystick.srcs\sources_1\new\ADC.v:]
WARNING: [filemgmt 56-199] Attempt to get parsing info during refresh. "On-the-fly" syntax checking information may be incorrect. [C:\Users\ian2112\Documents\final_new\ECEN-340\Final Lab\Joystick\Joystick\Joystick.srcs\sources_1\new\top.v:]
WARNING: [filemgmt 56-199] Attempt to get parsing info during refresh. "On-the-fly" syntax checking information may be incorrect. [C:\Users\ian2112\Documents\GitHub\ECEN-340\Final Lab\final_lab\final_lab.srcs\sources_1\new\square.v:]
WARNING: [filemgmt 56-199] Attempt to get parsing info during refresh. "On-the-fly" syntax checking information may be incorrect. [C:\Users\ian2112\Documents\final_new\ECEN-340\Final Lab\Joystick\Joystick\Joystick.srcs\sources_1\new\ADC.v:]
WARNING: [filemgmt 56-199] Attempt to get parsing info during refresh. "On-the-fly" syntax checking information may be incorrect. [C:\Users\ian2112\Documents\final_new\ECEN-340\Final Lab\Joystick\Joystick\Joystick.srcs\sources_1\new\ADC.v:]
launch_runs synth_1 -jobs 10
WARNING: [filemgmt 56-199] Attempt to get parsing info during refresh. "On-the-fly" syntax checking information may be incorrect. [c:\Users\ian2112\Documents\GitHub\ECEN-340\Final Lab\final_lab\final_lab.gen\sources_1\ip\clk_wiz_0\clk_wiz_0.v:]
WARNING: [filemgmt 56-199] Attempt to get parsing info during refresh. "On-the-fly" syntax checking information may be incorrect. [C:\Users\ian2112\Documents\final_new\ECEN-340\Final Lab\Joystick\Joystick\Joystick.srcs\sources_1\new\ADC.v:]
WARNING: [filemgmt 56-199] Attempt to get parsing info during refresh. "On-the-fly" syntax checking information may be incorrect. [C:\Users\ian2112\Documents\final_new\ECEN-340\Final Lab\Joystick\Joystick\Joystick.srcs\sources_1\new\top.v:]
WARNING: [filemgmt 56-199] Attempt to get parsing info during refresh. "On-the-fly" syntax checking information may be incorrect. [C:\Users\ian2112\Documents\GitHub\ECEN-340\Final Lab\final_lab\final_lab.srcs\sources_1\new\square.v:]
WARNING: [filemgmt 56-199] Attempt to get parsing info during refresh. "On-the-fly" syntax checking information may be incorrect. [C:\Users\ian2112\Documents\final_new\ECEN-340\Final Lab\Joystick\Joystick\Joystick.srcs\sources_1\new\top.v:]
WARNING: [filemgmt 56-199] Attempt to get parsing info during refresh. "On-the-fly" syntax checking information may be incorrect. [C:\Users\ian2112\Documents\final_new\ECEN-340\Final Lab\Joystick\Joystick\Joystick.srcs\sources_1\new\top.v:]
[Mon Dec  8 09:13:06 2025] Launched synth_1...
Run output will be captured here: C:/Users/ian2112/Documents/GitHub/ECEN-340/Final Lab/final_lab/final_lab.runs/synth_1/runme.log
launch_runs impl_1 -jobs 10
[Mon Dec  8 09:13:36 2025] Launched impl_1...
Run output will be captured here: C:/Users/ian2112/Documents/GitHub/ECEN-340/Final Lab/final_lab/final_lab.runs/impl_1/runme.log
launch_runs impl_1 -to_step write_bitstream -jobs 10
[Mon Dec  8 09:14:16 2025] Launched impl_1...
Run output will be captured here: C:/Users/ian2112/Documents/GitHub/ECEN-340/Final Lab/final_lab/final_lab.runs/impl_1/runme.log
WARNING: [filemgmt 56-199] Attempt to get parsing info during refresh. "On-the-fly" syntax checking information may be incorrect. [c:\Users\ian2112\Documents\GitHub\ECEN-340\Final Lab\final_lab\final_lab.gen\sources_1\ip\clk_wiz_0\clk_wiz_0.v:]
WARNING: [filemgmt 56-199] Attempt to get parsing info during refresh. "On-the-fly" syntax checking information may be incorrect. [C:\Users\ian2112\Documents\final_new\ECEN-340\Final Lab\Joystick\Joystick\Joystick.srcs\sources_1\new\ADC.v:]
WARNING: [filemgmt 56-199] Attempt to get parsing info during refresh. "On-the-fly" syntax checking information may be incorrect. [C:\Users\ian2112\Documents\final_new\ECEN-340\Final Lab\Joystick\Joystick\Joystick.srcs\sources_1\new\top.v:]
WARNING: [filemgmt 56-199] Attempt to get parsing info during refresh. "On-the-fly" syntax checking information may be incorrect. [C:\Users\ian2112\Documents\GitHub\ECEN-340\Final Lab\final_lab\final_lab.srcs\sources_1\new\square.v:]
WARNING: [filemgmt 56-199] Attempt to get parsing info during refresh. "On-the-fly" syntax checking information may be incorrect. [C:\Users\ian2112\Documents\final_new\ECEN-340\Final Lab\Joystick\Joystick\Joystick.srcs\sources_1\new\ADC.v:]
WARNING: [filemgmt 56-199] Attempt to get parsing info during refresh. "On-the-fly" syntax checking information may be incorrect. [C:\Users\ian2112\Documents\final_new\ECEN-340\Final Lab\Joystick\Joystick\Joystick.srcs\sources_1\new\ADC.v:]
WARNING: [filemgmt 56-199] Attempt to get parsing info during refresh. "On-the-fly" syntax checking information may be incorrect. [c:\Users\ian2112\Documents\GitHub\ECEN-340\Final Lab\final_lab\final_lab.gen\sources_1\ip\clk_wiz_0\clk_wiz_0.v:]
WARNING: [filemgmt 56-199] Attempt to get parsing info during refresh. "On-the-fly" syntax checking information may be incorrect. [C:\Users\ian2112\Documents\final_new\ECEN-340\Final Lab\Joystick\Joystick\Joystick.srcs\sources_1\new\ADC.v:]
WARNING: [filemgmt 56-199] Attempt to get parsing info during refresh. "On-the-fly" syntax checking information may be incorrect. [C:\Users\ian2112\Documents\final_new\ECEN-340\Final Lab\Joystick\Joystick\Joystick.srcs\sources_1\new\top.v:]
WARNING: [filemgmt 56-199] Attempt to get parsing info during refresh. "On-the-fly" syntax checking information may be incorrect. [C:\Users\ian2112\Documents\GitHub\ECEN-340\Final Lab\final_lab\final_lab.srcs\sources_1\new\square.v:]
WARNING: [filemgmt 56-199] Attempt to get parsing info during refresh. "On-the-fly" syntax checking information may be incorrect. [c:\Users\ian2112\Documents\GitHub\ECEN-340\Final Lab\final_lab\final_lab.gen\sources_1\ip\clk_wiz_0\clk_wiz_0.v:]
WARNING: [filemgmt 56-199] Attempt to get parsing info during refresh. "On-the-fly" syntax checking information may be incorrect. [c:\Users\ian2112\Documents\GitHub\ECEN-340\Final Lab\final_lab\final_lab.gen\sources_1\ip\clk_wiz_0\clk_wiz_0.v:]
ERROR: [Common 17-180] Spawn failed: No error
WARNING: [filemgmt 56-199] Attempt to get parsing info during refresh. "On-the-fly" syntax checking information may be incorrect. [c:\Users\ian2112\Documents\GitHub\ECEN-340\Final Lab\final_lab\final_lab.gen\sources_1\ip\clk_wiz_0\clk_wiz_0.v:]
WARNING: [filemgmt 56-199] Attempt to get parsing info during refresh. "On-the-fly" syntax checking information may be incorrect. [C:\Users\ian2112\Documents\final_new\ECEN-340\Final Lab\Joystick\Joystick\Joystick.srcs\sources_1\new\ADC.v:]
WARNING: [filemgmt 56-199] Attempt to get parsing info during refresh. "On-the-fly" syntax checking information may be incorrect. [C:\Users\ian2112\Documents\final_new\ECEN-340\Final Lab\Joystick\Joystick\Joystick.srcs\sources_1\new\top.v:]
WARNING: [filemgmt 56-199] Attempt to get parsing info during refresh. "On-the-fly" syntax checking information may be incorrect. [C:\Users\ian2112\Documents\GitHub\ECEN-340\Final Lab\final_lab\final_lab.srcs\sources_1\new\square.v:]
WARNING: [filemgmt 56-199] Attempt to get parsing info during refresh. "On-the-fly" syntax checking information may be incorrect. [C:\Users\ian2112\Documents\final_new\ECEN-340\Final Lab\Joystick\Joystick\Joystick.srcs\sources_1\new\top.v:]
WARNING: [filemgmt 56-199] Attempt to get parsing info during refresh. "On-the-fly" syntax checking information may be incorrect. [C:\Users\ian2112\Documents\final_new\ECEN-340\Final Lab\Joystick\Joystick\Joystick.srcs\sources_1\new\top.v:]
ERROR: [Common 17-180] Spawn failed: No error
reset_run synth_1
INFO: [Project 1-1161] Replacing file C:/Users/ian2112/Documents/GitHub/ECEN-340/Final Lab/final_lab/final_lab.srcs/utils_1/imports/synth_1/square.dcp with file C:/Users/ian2112/Documents/GitHub/ECEN-340/Final Lab/final_lab/final_lab.runs/synth_1/top.dcp
WARNING: [filemgmt 56-199] Attempt to get parsing info during refresh. "On-the-fly" syntax checking information may be incorrect. [c:\Users\ian2112\Documents\GitHub\ECEN-340\Final Lab\final_lab\final_lab.gen\sources_1\ip\clk_wiz_0\clk_wiz_0.v:]
WARNING: [filemgmt 56-199] Attempt to get parsing info during refresh. "On-the-fly" syntax checking information may be incorrect. [C:\Users\ian2112\Documents\final_new\ECEN-340\Final Lab\Joystick\Joystick\Joystick.srcs\sources_1\new\ADC.v:]
WARNING: [filemgmt 56-199] Attempt to get parsing info during refresh. "On-the-fly" syntax checking information may be incorrect. [C:\Users\ian2112\Documents\final_new\ECEN-340\Final Lab\Joystick\Joystick\Joystick.srcs\sources_1\new\top.v:]
WARNING: [filemgmt 56-199] Attempt to get parsing info during refresh. "On-the-fly" syntax checking information may be incorrect. [C:\Users\ian2112\Documents\GitHub\ECEN-340\Final Lab\final_lab\final_lab.srcs\sources_1\new\square.v:]
WARNING: [filemgmt 56-199] Attempt to get parsing info during refresh. "On-the-fly" syntax checking information may be incorrect. [C:\Users\ian2112\Documents\final_new\ECEN-340\Final Lab\Joystick\Joystick\Joystick.srcs\sources_1\new\ADC.v:]
WARNING: [filemgmt 56-199] Attempt to get parsing info during refresh. "On-the-fly" syntax checking information may be incorrect. [C:\Users\ian2112\Documents\final_new\ECEN-340\Final Lab\Joystick\Joystick\Joystick.srcs\sources_1\new\ADC.v:]
WARNING: [filemgmt 56-199] Attempt to get parsing info during refresh. "On-the-fly" syntax checking information may be incorrect. [c:\Users\ian2112\Documents\GitHub\ECEN-340\Final Lab\final_lab\final_lab.gen\sources_1\ip\clk_wiz_0\clk_wiz_0.v:]
WARNING: [filemgmt 56-199] Attempt to get parsing info during refresh. "On-the-fly" syntax checking information may be incorrect. [C:\Users\ian2112\Documents\final_new\ECEN-340\Final Lab\Joystick\Joystick\Joystick.srcs\sources_1\new\ADC.v:]
WARNING: [filemgmt 56-199] Attempt to get parsing info during refresh. "On-the-fly" syntax checking information may be incorrect. [C:\Users\ian2112\Documents\final_new\ECEN-340\Final Lab\Joystick\Joystick\Joystick.srcs\sources_1\new\top.v:]
WARNING: [filemgmt 56-199] Attempt to get parsing info during refresh. "On-the-fly" syntax checking information may be incorrect. [C:\Users\ian2112\Documents\GitHub\ECEN-340\Final Lab\final_lab\final_lab.srcs\sources_1\new\square.v:]
WARNING: [filemgmt 56-199] Attempt to get parsing info during refresh. "On-the-fly" syntax checking information may be incorrect. [c:\Users\ian2112\Documents\GitHub\ECEN-340\Final Lab\final_lab\final_lab.gen\sources_1\ip\clk_wiz_0\clk_wiz_0.v:]
WARNING: [filemgmt 56-199] Attempt to get parsing info during refresh. "On-the-fly" syntax checking information may be incorrect. [c:\Users\ian2112\Documents\GitHub\ECEN-340\Final Lab\final_lab\final_lab.gen\sources_1\ip\clk_wiz_0\clk_wiz_0.v:]
WARNING: [filemgmt 56-199] Attempt to get parsing info during refresh. "On-the-fly" syntax checking information may be incorrect. [c:\Users\ian2112\Documents\GitHub\ECEN-340\Final Lab\final_lab\final_lab.gen\sources_1\ip\clk_wiz_0\clk_wiz_0.v:]
WARNING: [filemgmt 56-199] Attempt to get parsing info during refresh. "On-the-fly" syntax checking information may be incorrect. [C:\Users\ian2112\Documents\final_new\ECEN-340\Final Lab\Joystick\Joystick\Joystick.srcs\sources_1\new\ADC.v:]
WARNING: [filemgmt 56-199] Attempt to get parsing info during refresh. "On-the-fly" syntax checking information may be incorrect. [C:\Users\ian2112\Documents\final_new\ECEN-340\Final Lab\Joystick\Joystick\Joystick.srcs\sources_1\new\top.v:]
WARNING: [filemgmt 56-199] Attempt to get parsing info during refresh. "On-the-fly" syntax checking information may be incorrect. [C:\Users\ian2112\Documents\GitHub\ECEN-340\Final Lab\final_lab\final_lab.srcs\sources_1\new\square.v:]
WARNING: [filemgmt 56-199] Attempt to get parsing info during refresh. "On-the-fly" syntax checking information may be incorrect. [C:\Users\ian2112\Documents\final_new\ECEN-340\Final Lab\Joystick\Joystick\Joystick.srcs\sources_1\new\ADC.v:]
WARNING: [filemgmt 56-199] Attempt to get parsing info during refresh. "On-the-fly" syntax checking information may be incorrect. [C:\Users\ian2112\Documents\final_new\ECEN-340\Final Lab\Joystick\Joystick\Joystick.srcs\sources_1\new\ADC.v:]
launch_runs synth_1 -jobs 10
ERROR: [Common 17-180] Spawn failed: No error
WARNING: [filemgmt 56-199] Attempt to get parsing info during refresh. "On-the-fly" syntax checking information may be incorrect. [c:\Users\ian2112\Documents\GitHub\ECEN-340\Final Lab\final_lab\final_lab.gen\sources_1\ip\clk_wiz_0\clk_wiz_0.v:]
WARNING: [filemgmt 56-199] Attempt to get parsing info during refresh. "On-the-fly" syntax checking information may be incorrect. [C:\Users\ian2112\Documents\final_new\ECEN-340\Final Lab\Joystick\Joystick\Joystick.srcs\sources_1\new\ADC.v:]
WARNING: [filemgmt 56-199] Attempt to get parsing info during refresh. "On-the-fly" syntax checking information may be incorrect. [C:\Users\ian2112\Documents\final_new\ECEN-340\Final Lab\Joystick\Joystick\Joystick.srcs\sources_1\new\top.v:]
WARNING: [filemgmt 56-199] Attempt to get parsing info during refresh. "On-the-fly" syntax checking information may be incorrect. [C:\Users\ian2112\Documents\GitHub\ECEN-340\Final Lab\final_lab\final_lab.srcs\sources_1\new\square.v:]
WARNING: [filemgmt 56-199] Attempt to get parsing info during refresh. "On-the-fly" syntax checking information may be incorrect. [C:\Users\ian2112\Documents\final_new\ECEN-340\Final Lab\Joystick\Joystick\Joystick.srcs\sources_1\new\top.v:]
WARNING: [filemgmt 56-199] Attempt to get parsing info during refresh. "On-the-fly" syntax checking information may be incorrect. [C:\Users\ian2112\Documents\final_new\ECEN-340\Final Lab\Joystick\Joystick\Joystick.srcs\sources_1\new\top.v:]
ERROR: [Common 17-180] Spawn failed: No error
WARNING: [filemgmt 56-199] Attempt to get parsing info during refresh. "On-the-fly" syntax checking information may be incorrect. [c:\Users\ian2112\Documents\GitHub\ECEN-340\Final Lab\final_lab\final_lab.gen\sources_1\ip\clk_wiz_0\clk_wiz_0.v:]
WARNING: [filemgmt 56-199] Attempt to get parsing info during refresh. "On-the-fly" syntax checking information may be incorrect. [C:\Users\ian2112\Documents\final_new\ECEN-340\Final Lab\Joystick\Joystick\Joystick.srcs\sources_1\new\ADC.v:]
WARNING: [filemgmt 56-199] Attempt to get parsing info during refresh. "On-the-fly" syntax checking information may be incorrect. [C:\Users\ian2112\Documents\final_new\ECEN-340\Final Lab\Joystick\Joystick\Joystick.srcs\sources_1\new\top.v:]
WARNING: [filemgmt 56-199] Attempt to get parsing info during refresh. "On-the-fly" syntax checking information may be incorrect. [C:\Users\ian2112\Documents\GitHub\ECEN-340\Final Lab\final_lab\final_lab.srcs\sources_1\new\square.v:]
WARNING: [filemgmt 56-199] Attempt to get parsing info during refresh. "On-the-fly" syntax checking information may be incorrect. [C:\Users\ian2112\Documents\GitHub\ECEN-340\Final Lab\final_lab\final_lab.srcs\sources_1\new\square.v:]
WARNING: [filemgmt 56-199] Attempt to get parsing info during refresh. "On-the-fly" syntax checking information may be incorrect. [C:\Users\ian2112\Documents\GitHub\ECEN-340\Final Lab\final_lab\final_lab.srcs\sources_1\new\square.v:]
ERROR: [Vivado 12-4756] Launch of runs aborted due to earlier errors while preparing sub-designs for run execution.
WARNING: [filemgmt 56-199] Attempt to get parsing info during refresh. "On-the-fly" syntax checking information may be incorrect. [c:\Users\ian2112\Documents\GitHub\ECEN-340\Final Lab\final_lab\final_lab.gen\sources_1\ip\clk_wiz_0\clk_wiz_0.v:]
WARNING: [filemgmt 56-199] Attempt to get parsing info during refresh. "On-the-fly" syntax checking information may be incorrect. [C:\Users\ian2112\Documents\final_new\ECEN-340\Final Lab\Joystick\Joystick\Joystick.srcs\sources_1\new\ADC.v:]
WARNING: [filemgmt 56-199] Attempt to get parsing info during refresh. "On-the-fly" syntax checking information may be incorrect. [C:\Users\ian2112\Documents\final_new\ECEN-340\Final Lab\Joystick\Joystick\Joystick.srcs\sources_1\new\top.v:]
WARNING: [filemgmt 56-199] Attempt to get parsing info during refresh. "On-the-fly" syntax checking information may be incorrect. [C:\Users\ian2112\Documents\GitHub\ECEN-340\Final Lab\final_lab\final_lab.srcs\sources_1\new\square.v:]
WARNING: [filemgmt 56-199] Attempt to get parsing info during refresh. "On-the-fly" syntax checking information may be incorrect. [c:\Users\ian2112\Documents\GitHub\ECEN-340\Final Lab\final_lab\final_lab.gen\sources_1\ip\clk_wiz_0\clk_wiz_0.v:]
WARNING: [filemgmt 56-199] Attempt to get parsing info during refresh. "On-the-fly" syntax checking information may be incorrect. [c:\Users\ian2112\Documents\GitHub\ECEN-340\Final Lab\final_lab\final_lab.gen\sources_1\ip\clk_wiz_0\clk_wiz_0.v:]
ERROR: [Common 17-180] Spawn failed: No error
WARNING: [filemgmt 56-199] Attempt to get parsing info during refresh. "On-the-fly" syntax checking information may be incorrect. [c:\Users\ian2112\Documents\GitHub\ECEN-340\Final Lab\final_lab\final_lab.gen\sources_1\ip\clk_wiz_0\clk_wiz_0.v:]
WARNING: [filemgmt 56-199] Attempt to get parsing info during refresh. "On-the-fly" syntax checking information may be incorrect. [C:\Users\ian2112\Documents\final_new\ECEN-340\Final Lab\Joystick\Joystick\Joystick.srcs\sources_1\new\ADC.v:]
WARNING: [filemgmt 56-199] Attempt to get parsing info during refresh. "On-the-fly" syntax checking information may be incorrect. [C:\Users\ian2112\Documents\final_new\ECEN-340\Final Lab\Joystick\Joystick\Joystick.srcs\sources_1\new\top.v:]
WARNING: [filemgmt 56-199] Attempt to get parsing info during refresh. "On-the-fly" syntax checking information may be incorrect. [C:\Users\ian2112\Documents\GitHub\ECEN-340\Final Lab\final_lab\final_lab.srcs\sources_1\new\square.v:]
WARNING: [filemgmt 56-199] Attempt to get parsing info during refresh. "On-the-fly" syntax checking information may be incorrect. [C:\Users\ian2112\Documents\final_new\ECEN-340\Final Lab\Joystick\Joystick\Joystick.srcs\sources_1\new\top.v:]
WARNING: [filemgmt 56-199] Attempt to get parsing info during refresh. "On-the-fly" syntax checking information may be incorrect. [C:\Users\ian2112\Documents\final_new\ECEN-340\Final Lab\Joystick\Joystick\Joystick.srcs\sources_1\new\top.v:]
ERROR: [Common 17-180] Spawn failed: No error
launch_runs synth_1 -jobs 10
[Mon Dec  8 09:19:20 2025] Launched synth_1...
Run output will be captured here: C:/Users/ian2112/Documents/GitHub/ECEN-340/Final Lab/final_lab/final_lab.runs/synth_1/runme.log
launch_runs impl_1 -jobs 10
[Mon Dec  8 09:19:52 2025] Launched impl_1...
Run output will be captured here: C:/Users/ian2112/Documents/GitHub/ECEN-340/Final Lab/final_lab/final_lab.runs/impl_1/runme.log
launch_runs impl_1 -to_step write_bitstream -jobs 10
[Mon Dec  8 09:20:31 2025] Launched impl_1...
Run output will be captured here: C:/Users/ian2112/Documents/GitHub/ECEN-340/Final Lab/final_lab/final_lab.runs/impl_1/runme.log
open_hw_manager
connect_hw_server -allow_non_jtag
INFO: [Labtools 27-2285] Connecting to hw_server url TCP:localhost:3121
INFO: [Labtools 27-2222] Launching hw_server...
INFO: [Labtools 27-2221] Launch Output:

****** Xilinx hw_server v2024.2
  **** Build date : Oct 29 2024 at 10:25:41
    ** Copyright 1986-2022 Xilinx, Inc. All Rights Reserved.


INFO: [Labtools 27-3415] Connecting to cs_server url TCP:localhost:0
INFO: [Labtools 27-3417] Launching cs_server...
INFO: [Labtools 27-2221] Launch Output:


******** Xilinx cs_server v2024.2.0
  ****** Build date   : Oct 30 2024-12:19:07
    **** Build number : 2024.2.1730312347
      ** Copyright 2017-2022 Xilinx, Inc. All Rights Reserved.
      ** Copyright 2022-2025 Advanced Micro Devices, Inc. All Rights Reserved.



connect_hw_server: Time (s): cpu = 00:00:00 ; elapsed = 00:00:06 . Memory (MB): peak = 1480.469 ; gain = 9.211
open_hw_target
INFO: [Labtoolstcl 44-466] Opening hw_target localhost:3121/xilinx_tcf/Digilent/210183AA0CC2A
set_property PROGRAM.FILE {C:/Users/ian2112/Documents/GitHub/ECEN-340/Final Lab/final_lab/final_lab.runs/impl_1/top.bit} [get_hw_devices xc7a35t_0]
current_hw_device [get_hw_devices xc7a35t_0]
refresh_hw_device -update_hw_probes false [lindex [get_hw_devices xc7a35t_0] 0]
INFO: [Labtools 27-1434] Device xc7a35t (JTAG device index = 0) is programmed with a design that has no supported debug core(s) in it.
set_property PROBES.FILE {} [get_hw_devices xc7a35t_0]
set_property FULL_PROBES.FILE {} [get_hw_devices xc7a35t_0]
set_property PROGRAM.FILE {C:/Users/ian2112/Documents/GitHub/ECEN-340/Final Lab/final_lab/final_lab.runs/impl_1/top.bit} [get_hw_devices xc7a35t_0]
program_hw_devices [get_hw_devices xc7a35t_0]
INFO: [Labtools 27-3164] End of startup status: HIGH
refresh_hw_device [lindex [get_hw_devices xc7a35t_0] 0]
INFO: [Labtools 27-1434] Device xc7a35t (JTAG device index = 0) is programmed with a design that has no supported debug core(s) in it.
reset_run synth_1
INFO: [Project 1-1161] Replacing file C:/Users/ian2112/Documents/GitHub/ECEN-340/Final Lab/final_lab/final_lab.srcs/utils_1/imports/synth_1/square.dcp with file C:/Users/ian2112/Documents/GitHub/ECEN-340/Final Lab/final_lab/final_lab.runs/synth_1/top.dcp
WARNING: [filemgmt 56-199] Attempt to get parsing info during refresh. "On-the-fly" syntax checking information may be incorrect. [c:\Users\ian2112\Documents\GitHub\ECEN-340\Final Lab\final_lab\final_lab.gen\sources_1\ip\clk_wiz_0\clk_wiz_0.v:]
WARNING: [filemgmt 56-199] Attempt to get parsing info during refresh. "On-the-fly" syntax checking information may be incorrect. [C:\Users\ian2112\Documents\final_new\ECEN-340\Final Lab\Joystick\Joystick\Joystick.srcs\sources_1\new\ADC.v:]
WARNING: [filemgmt 56-199] Attempt to get parsing info during refresh. "On-the-fly" syntax checking information may be incorrect. [C:\Users\ian2112\Documents\final_new\ECEN-340\Final Lab\Joystick\Joystick\Joystick.srcs\sources_1\new\top.v:]
WARNING: [filemgmt 56-199] Attempt to get parsing info during refresh. "On-the-fly" syntax checking information may be incorrect. [C:\Users\ian2112\Documents\GitHub\ECEN-340\Final Lab\final_lab\final_lab.srcs\sources_1\new\square.v:]
WARNING: [filemgmt 56-199] Attempt to get parsing info during refresh. "On-the-fly" syntax checking information may be incorrect. [C:\Users\ian2112\Documents\final_new\ECEN-340\Final Lab\Joystick\Joystick\Joystick.srcs\sources_1\new\ADC.v:]
WARNING: [filemgmt 56-199] Attempt to get parsing info during refresh. "On-the-fly" syntax checking information may be incorrect. [C:\Users\ian2112\Documents\final_new\ECEN-340\Final Lab\Joystick\Joystick\Joystick.srcs\sources_1\new\ADC.v:]
WARNING: [filemgmt 56-199] Attempt to get parsing info during refresh. "On-the-fly" syntax checking information may be incorrect. [c:\Users\ian2112\Documents\GitHub\ECEN-340\Final Lab\final_lab\final_lab.gen\sources_1\ip\clk_wiz_0\clk_wiz_0.v:]
WARNING: [filemgmt 56-199] Attempt to get parsing info during refresh. "On-the-fly" syntax checking information may be incorrect. [C:\Users\ian2112\Documents\final_new\ECEN-340\Final Lab\Joystick\Joystick\Joystick.srcs\sources_1\new\ADC.v:]
WARNING: [filemgmt 56-199] Attempt to get parsing info during refresh. "On-the-fly" syntax checking information may be incorrect. [C:\Users\ian2112\Documents\final_new\ECEN-340\Final Lab\Joystick\Joystick\Joystick.srcs\sources_1\new\top.v:]
WARNING: [filemgmt 56-199] Attempt to get parsing info during refresh. "On-the-fly" syntax checking information may be incorrect. [C:\Users\ian2112\Documents\GitHub\ECEN-340\Final Lab\final_lab\final_lab.srcs\sources_1\new\square.v:]
WARNING: [filemgmt 56-199] Attempt to get parsing info during refresh. "On-the-fly" syntax checking information may be incorrect. [c:\Users\ian2112\Documents\GitHub\ECEN-340\Final Lab\final_lab\final_lab.gen\sources_1\ip\clk_wiz_0\clk_wiz_0.v:]
WARNING: [filemgmt 56-199] Attempt to get parsing info during refresh. "On-the-fly" syntax checking information may be incorrect. [c:\Users\ian2112\Documents\GitHub\ECEN-340\Final Lab\final_lab\final_lab.gen\sources_1\ip\clk_wiz_0\clk_wiz_0.v:]
WARNING: [filemgmt 56-199] Attempt to get parsing info during refresh. "On-the-fly" syntax checking information may be incorrect. [c:\Users\ian2112\Documents\GitHub\ECEN-340\Final Lab\final_lab\final_lab.gen\sources_1\ip\clk_wiz_0\clk_wiz_0.v:]
WARNING: [filemgmt 56-199] Attempt to get parsing info during refresh. "On-the-fly" syntax checking information may be incorrect. [C:\Users\ian2112\Documents\final_new\ECEN-340\Final Lab\Joystick\Joystick\Joystick.srcs\sources_1\new\ADC.v:]
WARNING: [filemgmt 56-199] Attempt to get parsing info during refresh. "On-the-fly" syntax checking information may be incorrect. [C:\Users\ian2112\Documents\final_new\ECEN-340\Final Lab\Joystick\Joystick\Joystick.srcs\sources_1\new\top.v:]
WARNING: [filemgmt 56-199] Attempt to get parsing info during refresh. "On-the-fly" syntax checking information may be incorrect. [C:\Users\ian2112\Documents\GitHub\ECEN-340\Final Lab\final_lab\final_lab.srcs\sources_1\new\square.v:]
WARNING: [filemgmt 56-199] Attempt to get parsing info during refresh. "On-the-fly" syntax checking information may be incorrect. [C:\Users\ian2112\Documents\final_new\ECEN-340\Final Lab\Joystick\Joystick\Joystick.srcs\sources_1\new\ADC.v:]
WARNING: [filemgmt 56-199] Attempt to get parsing info during refresh. "On-the-fly" syntax checking information may be incorrect. [C:\Users\ian2112\Documents\final_new\ECEN-340\Final Lab\Joystick\Joystick\Joystick.srcs\sources_1\new\ADC.v:]
WARNING: [filemgmt 56-199] Attempt to get parsing info during refresh. "On-the-fly" syntax checking information may be incorrect. [c:\Users\ian2112\Documents\GitHub\ECEN-340\Final Lab\final_lab\final_lab.gen\sources_1\ip\clk_wiz_0\clk_wiz_0.v:]
WARNING: [filemgmt 56-199] Attempt to get parsing info during refresh. "On-the-fly" syntax checking information may be incorrect. [C:\Users\ian2112\Documents\final_new\ECEN-340\Final Lab\Joystick\Joystick\Joystick.srcs\sources_1\new\ADC.v:]
WARNING: [filemgmt 56-199] Attempt to get parsing info during refresh. "On-the-fly" syntax checking information may be incorrect. [C:\Users\ian2112\Documents\final_new\ECEN-340\Final Lab\Joystick\Joystick\Joystick.srcs\sources_1\new\top.v:]
WARNING: [filemgmt 56-199] Attempt to get parsing info during refresh. "On-the-fly" syntax checking information may be incorrect. [C:\Users\ian2112\Documents\GitHub\ECEN-340\Final Lab\final_lab\final_lab.srcs\sources_1\new\square.v:]
WARNING: [filemgmt 56-199] Attempt to get parsing info during refresh. "On-the-fly" syntax checking information may be incorrect. [c:\Users\ian2112\Documents\GitHub\ECEN-340\Final Lab\final_lab\final_lab.gen\sources_1\ip\clk_wiz_0\clk_wiz_0.v:]
WARNING: [filemgmt 56-199] Attempt to get parsing info during refresh. "On-the-fly" syntax checking information may be incorrect. [c:\Users\ian2112\Documents\GitHub\ECEN-340\Final Lab\final_lab\final_lab.gen\sources_1\ip\clk_wiz_0\clk_wiz_0.v:]
ERROR: [Common 17-180] Spawn failed: No error
WARNING: [filemgmt 56-199] Attempt to get parsing info during refresh. "On-the-fly" syntax checking information may be incorrect. [c:\Users\ian2112\Documents\GitHub\ECEN-340\Final Lab\final_lab\final_lab.gen\sources_1\ip\clk_wiz_0\clk_wiz_0.v:]
WARNING: [filemgmt 56-199] Attempt to get parsing info during refresh. "On-the-fly" syntax checking information may be incorrect. [C:\Users\ian2112\Documents\final_new\ECEN-340\Final Lab\Joystick\Joystick\Joystick.srcs\sources_1\new\ADC.v:]
WARNING: [filemgmt 56-199] Attempt to get parsing info during refresh. "On-the-fly" syntax checking information may be incorrect. [C:\Users\ian2112\Documents\final_new\ECEN-340\Final Lab\Joystick\Joystick\Joystick.srcs\sources_1\new\top.v:]
WARNING: [filemgmt 56-199] Attempt to get parsing info during refresh. "On-the-fly" syntax checking information may be incorrect. [C:\Users\ian2112\Documents\GitHub\ECEN-340\Final Lab\final_lab\final_lab.srcs\sources_1\new\square.v:]
WARNING: [filemgmt 56-199] Attempt to get parsing info during refresh. "On-the-fly" syntax checking information may be incorrect. [C:\Users\ian2112\Documents\final_new\ECEN-340\Final Lab\Joystick\Joystick\Joystick.srcs\sources_1\new\top.v:]
WARNING: [filemgmt 56-199] Attempt to get parsing info during refresh. "On-the-fly" syntax checking information may be incorrect. [C:\Users\ian2112\Documents\final_new\ECEN-340\Final Lab\Joystick\Joystick\Joystick.srcs\sources_1\new\top.v:]
ERROR: [Common 17-180] Spawn failed: No error
WARNING: [filemgmt 56-199] Attempt to get parsing info during refresh. "On-the-fly" syntax checking information may be incorrect. [c:\Users\ian2112\Documents\GitHub\ECEN-340\Final Lab\final_lab\final_lab.gen\sources_1\ip\clk_wiz_0\clk_wiz_0.v:]
WARNING: [filemgmt 56-199] Attempt to get parsing info during refresh. "On-the-fly" syntax checking information may be incorrect. [C:\Users\ian2112\Documents\final_new\ECEN-340\Final Lab\Joystick\Joystick\Joystick.srcs\sources_1\new\ADC.v:]
WARNING: [filemgmt 56-199] Attempt to get parsing info during refresh. "On-the-fly" syntax checking information may be incorrect. [C:\Users\ian2112\Documents\final_new\ECEN-340\Final Lab\Joystick\Joystick\Joystick.srcs\sources_1\new\top.v:]
WARNING: [filemgmt 56-199] Attempt to get parsing info during refresh. "On-the-fly" syntax checking information may be incorrect. [C:\Users\ian2112\Documents\GitHub\ECEN-340\Final Lab\final_lab\final_lab.srcs\sources_1\new\square.v:]
WARNING: [filemgmt 56-199] Attempt to get parsing info during refresh. "On-the-fly" syntax checking information may be incorrect. [C:\Users\ian2112\Documents\GitHub\ECEN-340\Final Lab\final_lab\final_lab.srcs\sources_1\new\square.v:]
WARNING: [filemgmt 56-199] Attempt to get parsing info during refresh. "On-the-fly" syntax checking information may be incorrect. [C:\Users\ian2112\Documents\GitHub\ECEN-340\Final Lab\final_lab\final_lab.srcs\sources_1\new\square.v:]
ERROR: [Common 17-180] Spawn failed: No error
WARNING: [filemgmt 56-199] Attempt to get parsing info during refresh. "On-the-fly" syntax checking information may be incorrect. [c:\Users\ian2112\Documents\GitHub\ECEN-340\Final Lab\final_lab\final_lab.gen\sources_1\ip\clk_wiz_0\clk_wiz_0.v:]
WARNING: [filemgmt 56-199] Attempt to get parsing info during refresh. "On-the-fly" syntax checking information may be incorrect. [C:\Users\ian2112\Documents\final_new\ECEN-340\Final Lab\Joystick\Joystick\Joystick.srcs\sources_1\new\ADC.v:]
WARNING: [filemgmt 56-199] Attempt to get parsing info during refresh. "On-the-fly" syntax checking information may be incorrect. [C:\Users\ian2112\Documents\final_new\ECEN-340\Final Lab\Joystick\Joystick\Joystick.srcs\sources_1\new\top.v:]
WARNING: [filemgmt 56-199] Attempt to get parsing info during refresh. "On-the-fly" syntax checking information may be incorrect. [C:\Users\ian2112\Documents\GitHub\ECEN-340\Final Lab\final_lab\final_lab.srcs\sources_1\new\square.v:]
WARNING: [filemgmt 56-199] Attempt to get parsing info during refresh. "On-the-fly" syntax checking information may be incorrect. [C:\Users\ian2112\Documents\final_new\ECEN-340\Final Lab\Joystick\Joystick\Joystick.srcs\sources_1\new\top.v:]
WARNING: [filemgmt 56-199] Attempt to get parsing info during refresh. "On-the-fly" syntax checking information may be incorrect. [C:\Users\ian2112\Documents\final_new\ECEN-340\Final Lab\Joystick\Joystick\Joystick.srcs\sources_1\new\top.v:]
ERROR: [Common 17-180] Spawn failed: No error
WARNING: [filemgmt 56-199] Attempt to get parsing info during refresh. "On-the-fly" syntax checking information may be incorrect. [c:\Users\ian2112\Documents\GitHub\ECEN-340\Final Lab\final_lab\final_lab.gen\sources_1\ip\clk_wiz_0\clk_wiz_0.v:]
WARNING: [filemgmt 56-199] Attempt to get parsing info during refresh. "On-the-fly" syntax checking information may be incorrect. [C:\Users\ian2112\Documents\final_new\ECEN-340\Final Lab\Joystick\Joystick\Joystick.srcs\sources_1\new\ADC.v:]
WARNING: [filemgmt 56-199] Attempt to get parsing info during refresh. "On-the-fly" syntax checking information may be incorrect. [C:\Users\ian2112\Documents\final_new\ECEN-340\Final Lab\Joystick\Joystick\Joystick.srcs\sources_1\new\top.v:]
WARNING: [filemgmt 56-199] Attempt to get parsing info during refresh. "On-the-fly" syntax checking information may be incorrect. [C:\Users\ian2112\Documents\GitHub\ECEN-340\Final Lab\final_lab\final_lab.srcs\sources_1\new\square.v:]
WARNING: [filemgmt 56-199] Attempt to get parsing info during refresh. "On-the-fly" syntax checking information may be incorrect. [C:\Users\ian2112\Documents\final_new\ECEN-340\Final Lab\Joystick\Joystick\Joystick.srcs\sources_1\new\ADC.v:]
WARNING: [filemgmt 56-199] Attempt to get parsing info during refresh. "On-the-fly" syntax checking information may be incorrect. [C:\Users\ian2112\Documents\final_new\ECEN-340\Final Lab\Joystick\Joystick\Joystick.srcs\sources_1\new\ADC.v:]
WARNING: [filemgmt 56-199] Attempt to get parsing info during refresh. "On-the-fly" syntax checking information may be incorrect. [c:\Users\ian2112\Documents\GitHub\ECEN-340\Final Lab\final_lab\final_lab.gen\sources_1\ip\clk_wiz_0\clk_wiz_0.v:]
WARNING: [filemgmt 56-199] Attempt to get parsing info during refresh. "On-the-fly" syntax checking information may be incorrect. [C:\Users\ian2112\Documents\final_new\ECEN-340\Final Lab\Joystick\Joystick\Joystick.srcs\sources_1\new\ADC.v:]
WARNING: [filemgmt 56-199] Attempt to get parsing info during refresh. "On-the-fly" syntax checking information may be incorrect. [C:\Users\ian2112\Documents\final_new\ECEN-340\Final Lab\Joystick\Joystick\Joystick.srcs\sources_1\new\top.v:]
WARNING: [filemgmt 56-199] Attempt to get parsing info during refresh. "On-the-fly" syntax checking information may be incorrect. [C:\Users\ian2112\Documents\GitHub\ECEN-340\Final Lab\final_lab\final_lab.srcs\sources_1\new\square.v:]
WARNING: [filemgmt 56-199] Attempt to get parsing info during refresh. "On-the-fly" syntax checking information may be incorrect. [c:\Users\ian2112\Documents\GitHub\ECEN-340\Final Lab\final_lab\final_lab.gen\sources_1\ip\clk_wiz_0\clk_wiz_0.v:]
WARNING: [filemgmt 56-199] Attempt to get parsing info during refresh. "On-the-fly" syntax checking information may be incorrect. [c:\Users\ian2112\Documents\GitHub\ECEN-340\Final Lab\final_lab\final_lab.gen\sources_1\ip\clk_wiz_0\clk_wiz_0.v:]
ERROR: [Common 17-180] Spawn failed: No error
WARNING: [filemgmt 56-199] Attempt to get parsing info during refresh. "On-the-fly" syntax checking information may be incorrect. [c:\Users\ian2112\Documents\GitHub\ECEN-340\Final Lab\final_lab\final_lab.gen\sources_1\ip\clk_wiz_0\clk_wiz_0.v:]
WARNING: [filemgmt 56-199] Attempt to get parsing info during refresh. "On-the-fly" syntax checking information may be incorrect. [C:\Users\ian2112\Documents\final_new\ECEN-340\Final Lab\Joystick\Joystick\Joystick.srcs\sources_1\new\ADC.v:]
WARNING: [filemgmt 56-199] Attempt to get parsing info during refresh. "On-the-fly" syntax checking information may be incorrect. [C:\Users\ian2112\Documents\final_new\ECEN-340\Final Lab\Joystick\Joystick\Joystick.srcs\sources_1\new\top.v:]
WARNING: [filemgmt 56-199] Attempt to get parsing info during refresh. "On-the-fly" syntax checking information may be incorrect. [C:\Users\ian2112\Documents\GitHub\ECEN-340\Final Lab\final_lab\final_lab.srcs\sources_1\new\square.v:]
WARNING: [filemgmt 56-199] Attempt to get parsing info during refresh. "On-the-fly" syntax checking information may be incorrect. [C:\Users\ian2112\Documents\final_new\ECEN-340\Final Lab\Joystick\Joystick\Joystick.srcs\sources_1\new\top.v:]
WARNING: [filemgmt 56-199] Attempt to get parsing info during refresh. "On-the-fly" syntax checking information may be incorrect. [C:\Users\ian2112\Documents\final_new\ECEN-340\Final Lab\Joystick\Joystick\Joystick.srcs\sources_1\new\top.v:]
ERROR: [Common 17-180] Spawn failed: No error
launch_runs synth_1 -jobs 10
[Mon Dec  8 09:28:21 2025] Launched synth_1...
Run output will be captured here: C:/Users/ian2112/Documents/GitHub/ECEN-340/Final Lab/final_lab/final_lab.runs/synth_1/runme.log
launch_runs impl_1 -jobs 10
[Mon Dec  8 09:28:52 2025] Launched impl_1...
Run output will be captured here: C:/Users/ian2112/Documents/GitHub/ECEN-340/Final Lab/final_lab/final_lab.runs/impl_1/runme.log
launch_runs impl_1 -to_step write_bitstream -jobs 10
[Mon Dec  8 09:29:33 2025] Launched impl_1...
Run output will be captured here: C:/Users/ian2112/Documents/GitHub/ECEN-340/Final Lab/final_lab/final_lab.runs/impl_1/runme.log
set_property PROBES.FILE {} [get_hw_devices xc7a35t_0]
set_property FULL_PROBES.FILE {} [get_hw_devices xc7a35t_0]
set_property PROGRAM.FILE {C:/Users/ian2112/Documents/GitHub/ECEN-340/Final Lab/final_lab/final_lab.runs/impl_1/top.bit} [get_hw_devices xc7a35t_0]
program_hw_devices [get_hw_devices xc7a35t_0]
INFO: [Labtools 27-3164] End of startup status: HIGH
refresh_hw_device [lindex [get_hw_devices xc7a35t_0] 0]
INFO: [Labtools 27-1434] Device xc7a35t (JTAG device index = 0) is programmed with a design that has no supported debug core(s) in it.
reset_run synth_1
INFO: [Project 1-1161] Replacing file C:/Users/ian2112/Documents/GitHub/ECEN-340/Final Lab/final_lab/final_lab.srcs/utils_1/imports/synth_1/square.dcp with file C:/Users/ian2112/Documents/GitHub/ECEN-340/Final Lab/final_lab/final_lab.runs/synth_1/top.dcp
WARNING: [filemgmt 56-199] Attempt to get parsing info during refresh. "On-the-fly" syntax checking information may be incorrect. [c:\Users\ian2112\Documents\GitHub\ECEN-340\Final Lab\final_lab\final_lab.gen\sources_1\ip\clk_wiz_0\clk_wiz_0.v:]
WARNING: [filemgmt 56-199] Attempt to get parsing info during refresh. "On-the-fly" syntax checking information may be incorrect. [C:\Users\ian2112\Documents\final_new\ECEN-340\Final Lab\Joystick\Joystick\Joystick.srcs\sources_1\new\ADC.v:]
WARNING: [filemgmt 56-199] Attempt to get parsing info during refresh. "On-the-fly" syntax checking information may be incorrect. [C:\Users\ian2112\Documents\final_new\ECEN-340\Final Lab\Joystick\Joystick\Joystick.srcs\sources_1\new\top.v:]
WARNING: [filemgmt 56-199] Attempt to get parsing info during refresh. "On-the-fly" syntax checking information may be incorrect. [C:\Users\ian2112\Documents\GitHub\ECEN-340\Final Lab\final_lab\final_lab.srcs\sources_1\new\square.v:]
WARNING: [filemgmt 56-199] Attempt to get parsing info during refresh. "On-the-fly" syntax checking information may be incorrect. [C:\Users\ian2112\Documents\final_new\ECEN-340\Final Lab\Joystick\Joystick\Joystick.srcs\sources_1\new\ADC.v:]
WARNING: [filemgmt 56-199] Attempt to get parsing info during refresh. "On-the-fly" syntax checking information may be incorrect. [C:\Users\ian2112\Documents\final_new\ECEN-340\Final Lab\Joystick\Joystick\Joystick.srcs\sources_1\new\ADC.v:]
WARNING: [filemgmt 56-199] Attempt to get parsing info during refresh. "On-the-fly" syntax checking information may be incorrect. [c:\Users\ian2112\Documents\GitHub\ECEN-340\Final Lab\final_lab\final_lab.gen\sources_1\ip\clk_wiz_0\clk_wiz_0.v:]
WARNING: [filemgmt 56-199] Attempt to get parsing info during refresh. "On-the-fly" syntax checking information may be incorrect. [C:\Users\ian2112\Documents\final_new\ECEN-340\Final Lab\Joystick\Joystick\Joystick.srcs\sources_1\new\ADC.v:]
WARNING: [filemgmt 56-199] Attempt to get parsing info during refresh. "On-the-fly" syntax checking information may be incorrect. [C:\Users\ian2112\Documents\final_new\ECEN-340\Final Lab\Joystick\Joystick\Joystick.srcs\sources_1\new\top.v:]
WARNING: [filemgmt 56-199] Attempt to get parsing info during refresh. "On-the-fly" syntax checking information may be incorrect. [C:\Users\ian2112\Documents\GitHub\ECEN-340\Final Lab\final_lab\final_lab.srcs\sources_1\new\square.v:]
WARNING: [filemgmt 56-199] Attempt to get parsing info during refresh. "On-the-fly" syntax checking information may be incorrect. [c:\Users\ian2112\Documents\GitHub\ECEN-340\Final Lab\final_lab\final_lab.gen\sources_1\ip\clk_wiz_0\clk_wiz_0.v:]
WARNING: [filemgmt 56-199] Attempt to get parsing info during refresh. "On-the-fly" syntax checking information may be incorrect. [c:\Users\ian2112\Documents\GitHub\ECEN-340\Final Lab\final_lab\final_lab.gen\sources_1\ip\clk_wiz_0\clk_wiz_0.v:]
launch_runs synth_1 -jobs 10
[Mon Dec  8 09:34:13 2025] Launched synth_1...
Run output will be captured here: C:/Users/ian2112/Documents/GitHub/ECEN-340/Final Lab/final_lab/final_lab.runs/synth_1/runme.log
ERROR: [Common 17-180] Spawn failed: No error
WARNING: [filemgmt 56-199] Attempt to get parsing info during refresh. "On-the-fly" syntax checking information may be incorrect. [c:\Users\ian2112\Documents\GitHub\ECEN-340\Final Lab\final_lab\final_lab.gen\sources_1\ip\clk_wiz_0\clk_wiz_0.v:]
WARNING: [filemgmt 56-199] Attempt to get parsing info during refresh. "On-the-fly" syntax checking information may be incorrect. [C:\Users\ian2112\Documents\final_new\ECEN-340\Final Lab\Joystick\Joystick\Joystick.srcs\sources_1\new\ADC.v:]
WARNING: [filemgmt 56-199] Attempt to get parsing info during refresh. "On-the-fly" syntax checking information may be incorrect. [C:\Users\ian2112\Documents\final_new\ECEN-340\Final Lab\Joystick\Joystick\Joystick.srcs\sources_1\new\top.v:]
WARNING: [filemgmt 56-199] Attempt to get parsing info during refresh. "On-the-fly" syntax checking information may be incorrect. [C:\Users\ian2112\Documents\GitHub\ECEN-340\Final Lab\final_lab\final_lab.srcs\sources_1\new\square.v:]
WARNING: [filemgmt 56-199] Attempt to get parsing info during refresh. "On-the-fly" syntax checking information may be incorrect. [C:\Users\ian2112\Documents\final_new\ECEN-340\Final Lab\Joystick\Joystick\Joystick.srcs\sources_1\new\top.v:]
WARNING: [filemgmt 56-199] Attempt to get parsing info during refresh. "On-the-fly" syntax checking information may be incorrect. [C:\Users\ian2112\Documents\final_new\ECEN-340\Final Lab\Joystick\Joystick\Joystick.srcs\sources_1\new\top.v:]
ERROR: [Common 17-180] Spawn failed: No error
launch_runs impl_1 -jobs 10
[Mon Dec  8 09:34:43 2025] Launched impl_1...
Run output will be captured here: C:/Users/ian2112/Documents/GitHub/ECEN-340/Final Lab/final_lab/final_lab.runs/impl_1/runme.log
launch_runs impl_1 -to_step write_bitstream -jobs 10
[Mon Dec  8 09:35:25 2025] Launched impl_1...
Run output will be captured here: C:/Users/ian2112/Documents/GitHub/ECEN-340/Final Lab/final_lab/final_lab.runs/impl_1/runme.log
reset_run impl_1 -prev_step 
launch_runs impl_1 -to_step write_bitstream -jobs 10
[Mon Dec  8 09:35:59 2025] Launched impl_1...
Run output will be captured here: C:/Users/ian2112/Documents/GitHub/ECEN-340/Final Lab/final_lab/final_lab.runs/impl_1/runme.log
set_property PROBES.FILE {} [get_hw_devices xc7a35t_0]
set_property FULL_PROBES.FILE {} [get_hw_devices xc7a35t_0]
set_property PROGRAM.FILE {C:/Users/ian2112/Documents/GitHub/ECEN-340/Final Lab/final_lab/final_lab.runs/impl_1/top.bit} [get_hw_devices xc7a35t_0]
program_hw_devices [get_hw_devices xc7a35t_0]
INFO: [Labtools 27-3164] End of startup status: HIGH
refresh_hw_device [lindex [get_hw_devices xc7a35t_0] 0]
INFO: [Labtools 27-1434] Device xc7a35t (JTAG device index = 0) is programmed with a design that has no supported debug core(s) in it.
reset_run synth_1
INFO: [Project 1-1161] Replacing file C:/Users/ian2112/Documents/GitHub/ECEN-340/Final Lab/final_lab/final_lab.srcs/utils_1/imports/synth_1/square.dcp with file C:/Users/ian2112/Documents/GitHub/ECEN-340/Final Lab/final_lab/final_lab.runs/synth_1/top.dcp
WARNING: [filemgmt 56-199] Attempt to get parsing info during refresh. "On-the-fly" syntax checking information may be incorrect. [c:\Users\ian2112\Documents\GitHub\ECEN-340\Final Lab\final_lab\final_lab.gen\sources_1\ip\clk_wiz_0\clk_wiz_0.v:]
WARNING: [filemgmt 56-199] Attempt to get parsing info during refresh. "On-the-fly" syntax checking information may be incorrect. [C:\Users\ian2112\Documents\final_new\ECEN-340\Final Lab\Joystick\Joystick\Joystick.srcs\sources_1\new\ADC.v:]
WARNING: [filemgmt 56-199] Attempt to get parsing info during refresh. "On-the-fly" syntax checking information may be incorrect. [C:\Users\ian2112\Documents\final_new\ECEN-340\Final Lab\Joystick\Joystick\Joystick.srcs\sources_1\new\top.v:]
WARNING: [filemgmt 56-199] Attempt to get parsing info during refresh. "On-the-fly" syntax checking information may be incorrect. [C:\Users\ian2112\Documents\GitHub\ECEN-340\Final Lab\final_lab\final_lab.srcs\sources_1\new\square.v:]
WARNING: [filemgmt 56-199] Attempt to get parsing info during refresh. "On-the-fly" syntax checking information may be incorrect. [C:\Users\ian2112\Documents\final_new\ECEN-340\Final Lab\Joystick\Joystick\Joystick.srcs\sources_1\new\ADC.v:]
WARNING: [filemgmt 56-199] Attempt to get parsing info during refresh. "On-the-fly" syntax checking information may be incorrect. [C:\Users\ian2112\Documents\final_new\ECEN-340\Final Lab\Joystick\Joystick\Joystick.srcs\sources_1\new\ADC.v:]
WARNING: [filemgmt 56-199] Attempt to get parsing info during refresh. "On-the-fly" syntax checking information may be incorrect. [c:\Users\ian2112\Documents\GitHub\ECEN-340\Final Lab\final_lab\final_lab.gen\sources_1\ip\clk_wiz_0\clk_wiz_0.v:]
WARNING: [filemgmt 56-199] Attempt to get parsing info during refresh. "On-the-fly" syntax checking information may be incorrect. [C:\Users\ian2112\Documents\final_new\ECEN-340\Final Lab\Joystick\Joystick\Joystick.srcs\sources_1\new\ADC.v:]
WARNING: [filemgmt 56-199] Attempt to get parsing info during refresh. "On-the-fly" syntax checking information may be incorrect. [C:\Users\ian2112\Documents\final_new\ECEN-340\Final Lab\Joystick\Joystick\Joystick.srcs\sources_1\new\top.v:]
WARNING: [filemgmt 56-199] Attempt to get parsing info during refresh. "On-the-fly" syntax checking information may be incorrect. [C:\Users\ian2112\Documents\GitHub\ECEN-340\Final Lab\final_lab\final_lab.srcs\sources_1\new\square.v:]
WARNING: [filemgmt 56-199] Attempt to get parsing info during refresh. "On-the-fly" syntax checking information may be incorrect. [c:\Users\ian2112\Documents\GitHub\ECEN-340\Final Lab\final_lab\final_lab.gen\sources_1\ip\clk_wiz_0\clk_wiz_0.v:]
WARNING: [filemgmt 56-199] Attempt to get parsing info during refresh. "On-the-fly" syntax checking information may be incorrect. [c:\Users\ian2112\Documents\GitHub\ECEN-340\Final Lab\final_lab\final_lab.gen\sources_1\ip\clk_wiz_0\clk_wiz_0.v:]
ERROR: [Common 17-180] Spawn failed: No error
WARNING: [filemgmt 56-199] Attempt to get parsing info during refresh. "On-the-fly" syntax checking information may be incorrect. [c:\Users\ian2112\Documents\GitHub\ECEN-340\Final Lab\final_lab\final_lab.gen\sources_1\ip\clk_wiz_0\clk_wiz_0.v:]
WARNING: [filemgmt 56-199] Attempt to get parsing info during refresh. "On-the-fly" syntax checking information may be incorrect. [C:\Users\ian2112\Documents\final_new\ECEN-340\Final Lab\Joystick\Joystick\Joystick.srcs\sources_1\new\ADC.v:]
WARNING: [filemgmt 56-199] Attempt to get parsing info during refresh. "On-the-fly" syntax checking information may be incorrect. [C:\Users\ian2112\Documents\final_new\ECEN-340\Final Lab\Joystick\Joystick\Joystick.srcs\sources_1\new\top.v:]
WARNING: [filemgmt 56-199] Attempt to get parsing info during refresh. "On-the-fly" syntax checking information may be incorrect. [C:\Users\ian2112\Documents\GitHub\ECEN-340\Final Lab\final_lab\final_lab.srcs\sources_1\new\square.v:]
WARNING: [filemgmt 56-199] Attempt to get parsing info during refresh. "On-the-fly" syntax checking information may be incorrect. [C:\Users\ian2112\Documents\final_new\ECEN-340\Final Lab\Joystick\Joystick\Joystick.srcs\sources_1\new\top.v:]
WARNING: [filemgmt 56-199] Attempt to get parsing info during refresh. "On-the-fly" syntax checking information may be incorrect. [C:\Users\ian2112\Documents\final_new\ECEN-340\Final Lab\Joystick\Joystick\Joystick.srcs\sources_1\new\top.v:]
ERROR: [Common 17-180] Spawn failed: No error
launch_runs synth_1 -jobs 10
WARNING: [filemgmt 56-199] Attempt to get parsing info during refresh. "On-the-fly" syntax checking information may be incorrect. [c:\Users\ian2112\Documents\GitHub\ECEN-340\Final Lab\final_lab\final_lab.gen\sources_1\ip\clk_wiz_0\clk_wiz_0.v:]
WARNING: [filemgmt 56-199] Attempt to get parsing info during refresh. "On-the-fly" syntax checking information may be incorrect. [C:\Users\ian2112\Documents\final_new\ECEN-340\Final Lab\Joystick\Joystick\Joystick.srcs\sources_1\new\ADC.v:]
WARNING: [filemgmt 56-199] Attempt to get parsing info during refresh. "On-the-fly" syntax checking information may be incorrect. [C:\Users\ian2112\Documents\final_new\ECEN-340\Final Lab\Joystick\Joystick\Joystick.srcs\sources_1\new\top.v:]
WARNING: [filemgmt 56-199] Attempt to get parsing info during refresh. "On-the-fly" syntax checking information may be incorrect. [C:\Users\ian2112\Documents\GitHub\ECEN-340\Final Lab\final_lab\final_lab.srcs\sources_1\new\square.v:]
WARNING: [filemgmt 56-199] Attempt to get parsing info during refresh. "On-the-fly" syntax checking information may be incorrect. [C:\Users\ian2112\Documents\final_new\ECEN-340\Final Lab\Joystick\Joystick\Joystick.srcs\sources_1\new\ADC.v:]
WARNING: [filemgmt 56-199] Attempt to get parsing info during refresh. "On-the-fly" syntax checking information may be incorrect. [C:\Users\ian2112\Documents\final_new\ECEN-340\Final Lab\Joystick\Joystick\Joystick.srcs\sources_1\new\ADC.v:]
WARNING: [filemgmt 56-199] Attempt to get parsing info during refresh. "On-the-fly" syntax checking information may be incorrect. [c:\Users\ian2112\Documents\GitHub\ECEN-340\Final Lab\final_lab\final_lab.gen\sources_1\ip\clk_wiz_0\clk_wiz_0.v:]
WARNING: [filemgmt 56-199] Attempt to get parsing info during refresh. "On-the-fly" syntax checking information may be incorrect. [C:\Users\ian2112\Documents\final_new\ECEN-340\Final Lab\Joystick\Joystick\Joystick.srcs\sources_1\new\ADC.v:]
WARNING: [filemgmt 56-199] Attempt to get parsing info during refresh. "On-the-fly" syntax checking information may be incorrect. [C:\Users\ian2112\Documents\final_new\ECEN-340\Final Lab\Joystick\Joystick\Joystick.srcs\sources_1\new\top.v:]
WARNING: [filemgmt 56-199] Attempt to get parsing info during refresh. "On-the-fly" syntax checking information may be incorrect. [C:\Users\ian2112\Documents\GitHub\ECEN-340\Final Lab\final_lab\final_lab.srcs\sources_1\new\square.v:]
WARNING: [filemgmt 56-199] Attempt to get parsing info during refresh. "On-the-fly" syntax checking information may be incorrect. [c:\Users\ian2112\Documents\GitHub\ECEN-340\Final Lab\final_lab\final_lab.gen\sources_1\ip\clk_wiz_0\clk_wiz_0.v:]
WARNING: [filemgmt 56-199] Attempt to get parsing info during refresh. "On-the-fly" syntax checking information may be incorrect. [c:\Users\ian2112\Documents\GitHub\ECEN-340\Final Lab\final_lab\final_lab.gen\sources_1\ip\clk_wiz_0\clk_wiz_0.v:]
[Mon Dec  8 09:38:11 2025] Launched synth_1...
Run output will be captured here: C:/Users/ian2112/Documents/GitHub/ECEN-340/Final Lab/final_lab/final_lab.runs/synth_1/runme.log
ERROR: [Common 17-180] Spawn failed: No error
WARNING: [filemgmt 56-199] Attempt to get parsing info during refresh. "On-the-fly" syntax checking information may be incorrect. [c:\Users\ian2112\Documents\GitHub\ECEN-340\Final Lab\final_lab\final_lab.gen\sources_1\ip\clk_wiz_0\clk_wiz_0.v:]
WARNING: [filemgmt 56-199] Attempt to get parsing info during refresh. "On-the-fly" syntax checking information may be incorrect. [C:\Users\ian2112\Documents\final_new\ECEN-340\Final Lab\Joystick\Joystick\Joystick.srcs\sources_1\new\ADC.v:]
WARNING: [filemgmt 56-199] Attempt to get parsing info during refresh. "On-the-fly" syntax checking information may be incorrect. [C:\Users\ian2112\Documents\final_new\ECEN-340\Final Lab\Joystick\Joystick\Joystick.srcs\sources_1\new\top.v:]
WARNING: [filemgmt 56-199] Attempt to get parsing info during refresh. "On-the-fly" syntax checking information may be incorrect. [C:\Users\ian2112\Documents\GitHub\ECEN-340\Final Lab\final_lab\final_lab.srcs\sources_1\new\square.v:]
WARNING: [filemgmt 56-199] Attempt to get parsing info during refresh. "On-the-fly" syntax checking information may be incorrect. [C:\Users\ian2112\Documents\final_new\ECEN-340\Final Lab\Joystick\Joystick\Joystick.srcs\sources_1\new\top.v:]
WARNING: [filemgmt 56-199] Attempt to get parsing info during refresh. "On-the-fly" syntax checking information may be incorrect. [C:\Users\ian2112\Documents\final_new\ECEN-340\Final Lab\Joystick\Joystick\Joystick.srcs\sources_1\new\top.v:]
ERROR: [Common 17-180] Spawn failed: No error
launch_runs impl_1 -jobs 10
[Mon Dec  8 09:38:41 2025] Launched impl_1...
Run output will be captured here: C:/Users/ian2112/Documents/GitHub/ECEN-340/Final Lab/final_lab/final_lab.runs/impl_1/runme.log
launch_runs impl_1 -to_step write_bitstream -jobs 10
[Mon Dec  8 09:39:22 2025] Launched impl_1...
Run output will be captured here: C:/Users/ian2112/Documents/GitHub/ECEN-340/Final Lab/final_lab/final_lab.runs/impl_1/runme.log
set_property PROBES.FILE {} [get_hw_devices xc7a35t_0]
set_property FULL_PROBES.FILE {} [get_hw_devices xc7a35t_0]
set_property PROGRAM.FILE {C:/Users/ian2112/Documents/GitHub/ECEN-340/Final Lab/final_lab/final_lab.runs/impl_1/top.bit} [get_hw_devices xc7a35t_0]
program_hw_devices [get_hw_devices xc7a35t_0]
INFO: [Labtools 27-3164] End of startup status: HIGH
refresh_hw_device [lindex [get_hw_devices xc7a35t_0] 0]
INFO: [Labtools 27-1434] Device xc7a35t (JTAG device index = 0) is programmed with a design that has no supported debug core(s) in it.
WARNING: [filemgmt 56-199] Attempt to get parsing info during refresh. "On-the-fly" syntax checking information may be incorrect. [c:\Users\ian2112\Documents\GitHub\ECEN-340\Final Lab\final_lab\final_lab.gen\sources_1\ip\clk_wiz_0\clk_wiz_0.v:]
WARNING: [filemgmt 56-199] Attempt to get parsing info during refresh. "On-the-fly" syntax checking information may be incorrect. [C:\Users\ian2112\Documents\final_new\ECEN-340\Final Lab\Joystick\Joystick\Joystick.srcs\sources_1\new\ADC.v:]
WARNING: [filemgmt 56-199] Attempt to get parsing info during refresh. "On-the-fly" syntax checking information may be incorrect. [C:\Users\ian2112\Documents\final_new\ECEN-340\Final Lab\Joystick\Joystick\Joystick.srcs\sources_1\new\top.v:]
WARNING: [filemgmt 56-199] Attempt to get parsing info during refresh. "On-the-fly" syntax checking information may be incorrect. [C:\Users\ian2112\Documents\GitHub\ECEN-340\Final Lab\final_lab\final_lab.srcs\sources_1\new\square.v:]
WARNING: [filemgmt 56-199] Attempt to get parsing info during refresh. "On-the-fly" syntax checking information may be incorrect. [C:\Users\ian2112\Documents\final_new\ECEN-340\Final Lab\Joystick\Joystick\Joystick.srcs\sources_1\new\ADC.v:]
WARNING: [filemgmt 56-199] Attempt to get parsing info during refresh. "On-the-fly" syntax checking information may be incorrect. [C:\Users\ian2112\Documents\final_new\ECEN-340\Final Lab\Joystick\Joystick\Joystick.srcs\sources_1\new\ADC.v:]
WARNING: [filemgmt 56-199] Attempt to get parsing info during refresh. "On-the-fly" syntax checking information may be incorrect. [c:\Users\ian2112\Documents\GitHub\ECEN-340\Final Lab\final_lab\final_lab.gen\sources_1\ip\clk_wiz_0\clk_wiz_0.v:]
WARNING: [filemgmt 56-199] Attempt to get parsing info during refresh. "On-the-fly" syntax checking information may be incorrect. [C:\Users\ian2112\Documents\final_new\ECEN-340\Final Lab\Joystick\Joystick\Joystick.srcs\sources_1\new\ADC.v:]
WARNING: [filemgmt 56-199] Attempt to get parsing info during refresh. "On-the-fly" syntax checking information may be incorrect. [C:\Users\ian2112\Documents\final_new\ECEN-340\Final Lab\Joystick\Joystick\Joystick.srcs\sources_1\new\top.v:]
WARNING: [filemgmt 56-199] Attempt to get parsing info during refresh. "On-the-fly" syntax checking information may be incorrect. [C:\Users\ian2112\Documents\GitHub\ECEN-340\Final Lab\final_lab\final_lab.srcs\sources_1\new\square.v:]
WARNING: [filemgmt 56-199] Attempt to get parsing info during refresh. "On-the-fly" syntax checking information may be incorrect. [c:\Users\ian2112\Documents\GitHub\ECEN-340\Final Lab\final_lab\final_lab.gen\sources_1\ip\clk_wiz_0\clk_wiz_0.v:]
WARNING: [filemgmt 56-199] Attempt to get parsing info during refresh. "On-the-fly" syntax checking information may be incorrect. [c:\Users\ian2112\Documents\GitHub\ECEN-340\Final Lab\final_lab\final_lab.gen\sources_1\ip\clk_wiz_0\clk_wiz_0.v:]
ERROR: [Common 17-180] Spawn failed: No error
WARNING: [filemgmt 56-199] Attempt to get parsing info during refresh. "On-the-fly" syntax checking information may be incorrect. [c:\Users\ian2112\Documents\GitHub\ECEN-340\Final Lab\final_lab\final_lab.gen\sources_1\ip\clk_wiz_0\clk_wiz_0.v:]
WARNING: [filemgmt 56-199] Attempt to get parsing info during refresh. "On-the-fly" syntax checking information may be incorrect. [C:\Users\ian2112\Documents\final_new\ECEN-340\Final Lab\Joystick\Joystick\Joystick.srcs\sources_1\new\ADC.v:]
WARNING: [filemgmt 56-199] Attempt to get parsing info during refresh. "On-the-fly" syntax checking information may be incorrect. [C:\Users\ian2112\Documents\final_new\ECEN-340\Final Lab\Joystick\Joystick\Joystick.srcs\sources_1\new\top.v:]
WARNING: [filemgmt 56-199] Attempt to get parsing info during refresh. "On-the-fly" syntax checking information may be incorrect. [C:\Users\ian2112\Documents\GitHub\ECEN-340\Final Lab\final_lab\final_lab.srcs\sources_1\new\square.v:]
WARNING: [filemgmt 56-199] Attempt to get parsing info during refresh. "On-the-fly" syntax checking information may be incorrect. [C:\Users\ian2112\Documents\final_new\ECEN-340\Final Lab\Joystick\Joystick\Joystick.srcs\sources_1\new\top.v:]
WARNING: [filemgmt 56-199] Attempt to get parsing info during refresh. "On-the-fly" syntax checking information may be incorrect. [C:\Users\ian2112\Documents\final_new\ECEN-340\Final Lab\Joystick\Joystick\Joystick.srcs\sources_1\new\top.v:]
ERROR: [Common 17-180] Spawn failed: No error
exit
INFO: [Common 17-206] Exiting Vivado at Mon Dec  8 09:46:48 2025...
