#-----------------------------------------------------------
# Vivado v2024.2 (64-bit)
# SW Build 5239630 on Fri Nov 08 22:35:27 MST 2024
# IP Build 5239520 on Sun Nov 10 16:12:51 MST 2024
# SharedData Build 5239561 on Fri Nov 08 14:39:27 MST 2024
# Start of session at: Sat Dec  6 10:53:36 2025
# Process ID         : 7204
# Current directory  : C:/Users/ian2112/Documents/GitHub/ECEN-340/Final Lab/final_lab
# Command line       : vivado.exe -gui_launcher_event rodinguilauncherevent24292 C:\Users\ian2112\Documents\GitHub\ECEN-340\Final Lab\final_lab\final_lab.xpr
# Log file           : C:/Users/ian2112/Documents/GitHub/ECEN-340/Final Lab/final_lab/vivado.log
# Journal file       : C:/Users/ian2112/Documents/GitHub/ECEN-340/Final Lab/final_lab\vivado.jou
# Running On         : 25STC151L17
# Platform           : Windows Server 2016 or Windows 10
# Operating System   : 26100
# Processor Detail   : Intel(R) Core(TM) Ultra 7 265
# CPU Frequency      : 2381 MHz
# CPU Physical cores : 20
# CPU Logical cores  : 20
# Host memory        : 33775 MB
# Swap memory        : 3145 MB
# Total Virtual      : 36921 MB
# Available Virtual  : 24764 MB
#-----------------------------------------------------------
start_gui
open_project {C:/Users/ian2112/Documents/GitHub/ECEN-340/Final Lab/final_lab/final_lab.xpr}
Scanning sources...
Finished scanning sources
INFO: [IP_Flow 19-234] Refreshing IP repositories
INFO: [IP_Flow 19-1704] No user IP repositories specified
INFO: [IP_Flow 19-2313] Loaded Vivado IP repository 'C:/Xilinx/Vivado/2024.2/data/ip'.
update_compile_order -fileset sources_1
add_files -norecurse {{C:/Users/ian2112/Documents/GitHub/ECEN-340/Final Lab/final_lab/final_lab.srcs/sources_1/new/square.v}}
WARNING: [filemgmt 56-12] File 'C:/Users/ian2112/Documents/GitHub/ECEN-340/Final Lab/final_lab/final_lab.srcs/sources_1/new/square.v' cannot be added to the project because it already exists in the project, skipping this file
reset_run synth_1
INFO: [Project 1-1161] Replacing file C:/Users/ian2112/Documents/GitHub/ECEN-340/Final Lab/final_lab/final_lab.srcs/utils_1/imports/synth_1/square.dcp with file C:/Users/ian2112/Documents/GitHub/ECEN-340/Final Lab/final_lab/final_lab.runs/synth_1/TOP_1080P_VGA.dcp
launch_runs synth_1 -jobs 10
[Sat Dec  6 11:22:02 2025] Launched synth_1...
Run output will be captured here: C:/Users/ian2112/Documents/GitHub/ECEN-340/Final Lab/final_lab/final_lab.runs/synth_1/runme.log
export_ip_user_files -of_objects  [get_files {{c:/Users/ian2112/Documents/GitHub/ECEN-340/Final Lab/Downloads/ascii_pixel.coe}}] -no_script -reset -force -quiet
remove_files  {{c:/Users/ian2112/Documents/GitHub/ECEN-340/Final Lab/Downloads/ascii_pixel.coe}}
reset_run synth_1
launch_runs synth_1 -jobs 10
[Sat Dec  6 11:22:43 2025] Launched synth_1...
Run output will be captured here: C:/Users/ian2112/Documents/GitHub/ECEN-340/Final Lab/final_lab/final_lab.runs/synth_1/runme.log
launch_runs impl_1 -jobs 10
[Sat Dec  6 11:23:13 2025] Launched impl_1...
Run output will be captured here: C:/Users/ian2112/Documents/GitHub/ECEN-340/Final Lab/final_lab/final_lab.runs/impl_1/runme.log
launch_runs impl_1 -to_step write_bitstream -jobs 10
[Sat Dec  6 11:23:52 2025] Launched impl_1...
Run output will be captured here: C:/Users/ian2112/Documents/GitHub/ECEN-340/Final Lab/final_lab/final_lab.runs/impl_1/runme.log
open_hw_manager
connect_hw_server -allow_non_jtag
INFO: [Labtools 27-2285] Connecting to hw_server url TCP:localhost:3121
INFO: [Labtools 27-2222] Launching hw_server...
INFO: [Labtools 27-2221] Launch Output:

****** Xilinx hw_server v2024.2
  **** Build date : Oct 29 2024 at 10:25:41
    ** Copyright 1986-2022 Xilinx, Inc. All Rights Reserved.


INFO: [Labtools 27-3415] Connecting to cs_server url TCP:localhost:0
INFO: [Labtools 27-3417] Launching cs_server...
INFO: [Labtools 27-2221] Launch Output:


******** Xilinx cs_server v2024.2.0
  ****** Build date   : Oct 30 2024-12:19:07
    **** Build number : 2024.2.1730312347
      ** Copyright 2017-2022 Xilinx, Inc. All Rights Reserved.
      ** Copyright 2022-2025 Advanced Micro Devices, Inc. All Rights Reserved.



connect_hw_server: Time (s): cpu = 00:00:00 ; elapsed = 00:00:06 . Memory (MB): peak = 1271.477 ; gain = 10.312
open_hw_target
INFO: [Labtoolstcl 44-466] Opening hw_target localhost:3121/xilinx_tcf/Digilent/210183AA0CC2A
set_property PROGRAM.FILE {C:/Users/ian2112/Documents/GitHub/ECEN-340/Final Lab/final_lab/final_lab.runs/impl_1/TOP_1080P_VGA.bit} [get_hw_devices xc7a35t_0]
current_hw_device [get_hw_devices xc7a35t_0]
refresh_hw_device -update_hw_probes false [lindex [get_hw_devices xc7a35t_0] 0]
INFO: [Labtools 27-1434] Device xc7a35t (JTAG device index = 0) is programmed with a design that has no supported debug core(s) in it.
set_property PROBES.FILE {} [get_hw_devices xc7a35t_0]
set_property FULL_PROBES.FILE {} [get_hw_devices xc7a35t_0]
set_property PROGRAM.FILE {C:/Users/ian2112/Documents/GitHub/ECEN-340/Final Lab/final_lab/final_lab.runs/impl_1/TOP_1080P_VGA.bit} [get_hw_devices xc7a35t_0]
program_hw_devices [get_hw_devices xc7a35t_0]
INFO: [Labtools 27-3164] End of startup status: HIGH
refresh_hw_device [lindex [get_hw_devices xc7a35t_0] 0]
INFO: [Labtools 27-1434] Device xc7a35t (JTAG device index = 0) is programmed with a design that has no supported debug core(s) in it.
close_hw_manager
reset_run synth_1
INFO: [Project 1-1161] Replacing file C:/Users/ian2112/Documents/GitHub/ECEN-340/Final Lab/final_lab/final_lab.srcs/utils_1/imports/synth_1/square.dcp with file C:/Users/ian2112/Documents/GitHub/ECEN-340/Final Lab/final_lab/final_lab.runs/synth_1/TOP_1080P_VGA.dcp
launch_runs synth_1 -jobs 10
[Sat Dec  6 11:26:36 2025] Launched synth_1...
Run output will be captured here: C:/Users/ian2112/Documents/GitHub/ECEN-340/Final Lab/final_lab/final_lab.runs/synth_1/runme.log
launch_runs impl_1 -jobs 10
[Sat Dec  6 11:27:18 2025] Launched impl_1...
Run output will be captured here: C:/Users/ian2112/Documents/GitHub/ECEN-340/Final Lab/final_lab/final_lab.runs/impl_1/runme.log
launch_runs impl_1 -to_step write_bitstream -jobs 10
[Sat Dec  6 11:29:02 2025] Launched impl_1...
Run output will be captured here: C:/Users/ian2112/Documents/GitHub/ECEN-340/Final Lab/final_lab/final_lab.runs/impl_1/runme.log
open_hw_manager
connect_hw_server -allow_non_jtag
INFO: [Labtools 27-2285] Connecting to hw_server url TCP:localhost:3121
INFO: [Labtools 27-2222] Launching hw_server...
INFO: [Labtools 27-2221] Launch Output:

****** Xilinx hw_server v2024.2
  **** Build date : Oct 29 2024 at 10:25:41
    ** Copyright 1986-2022 Xilinx, Inc. All Rights Reserved.


INFO: [Labtools 27-3415] Connecting to cs_server url TCP:localhost:0
INFO: [Labtools 27-3417] Launching cs_server...
INFO: [Labtools 27-2221] Launch Output:


******** Xilinx cs_server v2024.2.0
  ****** Build date   : Oct 30 2024-12:19:07
    **** Build number : 2024.2.1730312347
      ** Copyright 2017-2022 Xilinx, Inc. All Rights Reserved.
      ** Copyright 2022-2025 Advanced Micro Devices, Inc. All Rights Reserved.



connect_hw_server: Time (s): cpu = 00:00:00 ; elapsed = 00:00:06 . Memory (MB): peak = 1323.418 ; gain = 0.000
open_hw_target
INFO: [Labtoolstcl 44-466] Opening hw_target localhost:3121/xilinx_tcf/Digilent/210183AA0CC2A
set_property PROGRAM.FILE {C:/Users/ian2112/Documents/GitHub/ECEN-340/Final Lab/final_lab/final_lab.runs/impl_1/TOP_1080P_VGA.bit} [get_hw_devices xc7a35t_0]
current_hw_device [get_hw_devices xc7a35t_0]
refresh_hw_device -update_hw_probes false [lindex [get_hw_devices xc7a35t_0] 0]
INFO: [Labtools 27-1434] Device xc7a35t (JTAG device index = 0) is programmed with a design that has no supported debug core(s) in it.
set_property PROBES.FILE {} [get_hw_devices xc7a35t_0]
set_property FULL_PROBES.FILE {} [get_hw_devices xc7a35t_0]
set_property PROGRAM.FILE {C:/Users/ian2112/Documents/GitHub/ECEN-340/Final Lab/final_lab/final_lab.runs/impl_1/TOP_1080P_VGA.bit} [get_hw_devices xc7a35t_0]
program_hw_devices [get_hw_devices xc7a35t_0]
INFO: [Labtools 27-3164] End of startup status: HIGH
refresh_hw_device [lindex [get_hw_devices xc7a35t_0] 0]
INFO: [Labtools 27-1434] Device xc7a35t (JTAG device index = 0) is programmed with a design that has no supported debug core(s) in it.
reset_run synth_1
INFO: [Project 1-1161] Replacing file C:/Users/ian2112/Documents/GitHub/ECEN-340/Final Lab/final_lab/final_lab.srcs/utils_1/imports/synth_1/square.dcp with file C:/Users/ian2112/Documents/GitHub/ECEN-340/Final Lab/final_lab/final_lab.runs/synth_1/TOP_1080P_VGA.dcp
launch_runs synth_1 -jobs 10
[Sat Dec  6 11:31:49 2025] Launched synth_1...
Run output will be captured here: C:/Users/ian2112/Documents/GitHub/ECEN-340/Final Lab/final_lab/final_lab.runs/synth_1/runme.log
launch_runs impl_1 -jobs 10
[Sat Dec  6 11:32:38 2025] Launched impl_1...
Run output will be captured here: C:/Users/ian2112/Documents/GitHub/ECEN-340/Final Lab/final_lab/final_lab.runs/impl_1/runme.log
launch_runs impl_1 -to_step write_bitstream -jobs 10
[Sat Dec  6 11:33:19 2025] Launched impl_1...
Run output will be captured here: C:/Users/ian2112/Documents/GitHub/ECEN-340/Final Lab/final_lab/final_lab.runs/impl_1/runme.log
open_run impl_1
INFO: [Device 21-403] Loading part xc7a35tcpg236-1
Netlist sorting complete. Time (s): cpu = 00:00:00 ; elapsed = 00:00:00 . Memory (MB): peak = 1519.805 ; gain = 0.000
INFO: [Netlist 29-17] Analyzing 17 Unisim elements for replacement
INFO: [Netlist 29-28] Unisim Transformation completed in 0 CPU seconds
INFO: [Project 1-479] Netlist was created with Vivado 2024.2
INFO: [Project 1-570] Preparing netlist for logic optimization
Read ShapeDB Complete: Time (s): cpu = 00:00:00 ; elapsed = 00:00:00.002 . Memory (MB): peak = 1608.520 ; gain = 0.000
INFO: [Timing 38-478] Restoring timing data from binary archive.
INFO: [Common 17-41] Interrupt caught. Command should exit soon.
INFO: [Timing 38-479] Binary timing data restore complete.
INFO: [Project 1-856] Restoring constraints from binary archive.
INFO: [Project 1-853] Binary constraint restore complete.
INFO: [Designutils 20-5722] Start Reading Physical Databases.
Reading placement.
Read Netlist Cache: Time (s): cpu = 00:00:00 ; elapsed = 00:00:00 . Memory (MB): peak = 2200.449 ; gain = 0.000
Reading placer database...
Read Device Cache: Time (s): cpu = 00:00:00 ; elapsed = 00:00:00.004 . Memory (MB): peak = 2200.449 ; gain = 0.000
Read PlaceDB: Time (s): cpu = 00:00:00 ; elapsed = 00:00:00.002 . Memory (MB): peak = 2200.449 ; gain = 0.000
Read PulsedLatchDB: Time (s): cpu = 00:00:00 ; elapsed = 00:00:00 . Memory (MB): peak = 2200.449 ; gain = 0.000
Reading routing.
Restored from archive | CPU: 0.000000 secs | Memory: 0.000000 MB |
Finished XDEF File Restore: Time (s): cpu = 00:00:00 ; elapsed = 00:00:00.012 . Memory (MB): peak = 2200.449 ; gain = 0.000
open_run: Time (s): cpu = 00:00:06 ; elapsed = 00:00:06 . Memory (MB): peak = 2200.449 ; gain = 863.109
INFO: [Common 17-344] 'open_run' was cancelled
set_property PROBES.FILE {} [get_hw_devices xc7a35t_0]
set_property FULL_PROBES.FILE {} [get_hw_devices xc7a35t_0]
set_property PROGRAM.FILE {C:/Users/ian2112/Documents/GitHub/ECEN-340/Final Lab/final_lab/final_lab.runs/impl_1/TOP_1080P_VGA.bit} [get_hw_devices xc7a35t_0]
program_hw_devices [get_hw_devices xc7a35t_0]
INFO: [Labtools 27-3164] End of startup status: HIGH
refresh_hw_device [lindex [get_hw_devices xc7a35t_0] 0]
INFO: [Labtools 27-1434] Device xc7a35t (JTAG device index = 0) is programmed with a design that has no supported debug core(s) in it.
reset_run impl_1 -prev_step 
launch_runs impl_1 -to_step write_bitstream -jobs 10
[Sat Dec  6 11:34:17 2025] Launched impl_1...
Run output will be captured here: C:/Users/ian2112/Documents/GitHub/ECEN-340/Final Lab/final_lab/final_lab.runs/impl_1/runme.log
open_run impl_1
Netlist sorting complete. Time (s): cpu = 00:00:00 ; elapsed = 00:00:00.001 . Memory (MB): peak = 2200.449 ; gain = 0.000
INFO: [Netlist 29-17] Analyzing 17 Unisim elements for replacement
INFO: [Netlist 29-28] Unisim Transformation completed in 0 CPU seconds
INFO: [Project 1-479] Netlist was created with Vivado 2024.2
INFO: [Project 1-570] Preparing netlist for logic optimization
Read ShapeDB Complete: Time (s): cpu = 00:00:00 ; elapsed = 00:00:00.002 . Memory (MB): peak = 2200.449 ; gain = 0.000
INFO: [Timing 38-478] Restoring timing data from binary archive.
INFO: [Timing 38-479] Binary timing data restore complete.
INFO: [Project 1-856] Restoring constraints from binary archive.
INFO: [Project 1-853] Binary constraint restore complete.
INFO: [Designutils 20-5722] Start Reading Physical Databases.
Reading placement.
Read Netlist Cache: Time (s): cpu = 00:00:00 ; elapsed = 00:00:00 . Memory (MB): peak = 2219.734 ; gain = 0.000
Reading placer database...
Read Device Cache: Time (s): cpu = 00:00:00 ; elapsed = 00:00:00.004 . Memory (MB): peak = 2219.734 ; gain = 0.000
Read PlaceDB: Time (s): cpu = 00:00:00 ; elapsed = 00:00:00.003 . Memory (MB): peak = 2219.734 ; gain = 0.000
Read PulsedLatchDB: Time (s): cpu = 00:00:00 ; elapsed = 00:00:00 . Memory (MB): peak = 2219.734 ; gain = 0.000
Reading routing.
Read RouteStorage: Time (s): cpu = 00:00:00 ; elapsed = 00:00:00.004 . Memory (MB): peak = 2219.734 ; gain = 0.000
Read Physdb Files: Time (s): cpu = 00:00:00 ; elapsed = 00:00:00.016 . Memory (MB): peak = 2219.734 ; gain = 0.000
Restored from archive | CPU: 0.000000 secs | Memory: 0.000000 MB |
Finished XDEF File Restore: Time (s): cpu = 00:00:00 ; elapsed = 00:00:00.017 . Memory (MB): peak = 2219.734 ; gain = 0.000
Netlist sorting complete. Time (s): cpu = 00:00:00 ; elapsed = 00:00:00 . Memory (MB): peak = 2219.734 ; gain = 0.000
INFO: [Project 1-111] Unisim Transformation Summary:
No Unisim elements were transformed.

open_run: Time (s): cpu = 00:00:09 ; elapsed = 00:00:07 . Memory (MB): peak = 2542.613 ; gain = 342.164
close_design
set_property PROBES.FILE {} [get_hw_devices xc7a35t_0]
set_property FULL_PROBES.FILE {} [get_hw_devices xc7a35t_0]
set_property PROGRAM.FILE {C:/Users/ian2112/Documents/GitHub/ECEN-340/Final Lab/final_lab/final_lab.runs/impl_1/TOP_1080P_VGA.bit} [get_hw_devices xc7a35t_0]
program_hw_devices [get_hw_devices xc7a35t_0]
INFO: [Labtools 27-3164] End of startup status: HIGH
refresh_hw_device [lindex [get_hw_devices xc7a35t_0] 0]
INFO: [Labtools 27-1434] Device xc7a35t (JTAG device index = 0) is programmed with a design that has no supported debug core(s) in it.
close_hw_manager
open_hw_manager
connect_hw_server -allow_non_jtag
INFO: [Labtools 27-2285] Connecting to hw_server url TCP:localhost:3121
INFO: [Labtools 27-2222] Launching hw_server...
INFO: [Labtools 27-2221] Launch Output:

****** Xilinx hw_server v2024.2
  **** Build date : Oct 29 2024 at 10:25:41
    ** Copyright 1986-2022 Xilinx, Inc. All Rights Reserved.


INFO: [Labtools 27-3415] Connecting to cs_server url TCP:localhost:0
INFO: [Labtools 27-3417] Launching cs_server...
INFO: [Labtools 27-2221] Launch Output:


******** Xilinx cs_server v2024.2.0
  ****** Build date   : Oct 30 2024-12:19:07
    **** Build number : 2024.2.1730312347
      ** Copyright 2017-2022 Xilinx, Inc. All Rights Reserved.
      ** Copyright 2022-2025 Advanced Micro Devices, Inc. All Rights Reserved.



connect_hw_server: Time (s): cpu = 00:00:01 ; elapsed = 00:00:06 . Memory (MB): peak = 2566.234 ; gain = 0.000
open_hw_target
INFO: [Labtoolstcl 44-466] Opening hw_target localhost:3121/xilinx_tcf/Digilent/210183AA0CC6A
set_property PROGRAM.FILE {C:/Users/ian2112/Documents/GitHub/ECEN-340/Final Lab/final_lab/final_lab.runs/impl_1/TOP_1080P_VGA.bit} [get_hw_devices xc7a35t_0]
current_hw_device [get_hw_devices xc7a35t_0]
refresh_hw_device -update_hw_probes false [lindex [get_hw_devices xc7a35t_0] 0]
INFO: [Labtools 27-1434] Device xc7a35t (JTAG device index = 0) is programmed with a design that has no supported debug core(s) in it.
set_property PROBES.FILE {} [get_hw_devices xc7a35t_0]
set_property FULL_PROBES.FILE {} [get_hw_devices xc7a35t_0]
set_property PROGRAM.FILE {C:/Users/ian2112/Documents/GitHub/ECEN-340/Final Lab/final_lab/final_lab.runs/impl_1/TOP_1080P_VGA.bit} [get_hw_devices xc7a35t_0]
program_hw_devices [get_hw_devices xc7a35t_0]
INFO: [Labtools 27-3164] End of startup status: HIGH
refresh_hw_device [lindex [get_hw_devices xc7a35t_0] 0]
INFO: [Labtools 27-1434] Device xc7a35t (JTAG device index = 0) is programmed with a design that has no supported debug core(s) in it.
exit
INFO: [Common 17-206] Exiting Vivado at Sat Dec  6 11:44:37 2025...
